ui-tests	Set up job	﻿2026-07-28T16:37:53.4975091Z Current runner version: '2.336.0'
ui-tests	Set up job	2026-07-28T16:37:53.5003967Z ##[group]Runner Image Provisioner
ui-tests	Set up job	2026-07-28T16:37:53.5004925Z Hosted Compute Agent
ui-tests	Set up job	2026-07-28T16:37:53.5005511Z Version: 20260707.563
ui-tests	Set up job	2026-07-28T16:37:53.5006516Z Commit: 02667638d2b423fbc733a8e32a88b44996a3ba6e
ui-tests	Set up job	2026-07-28T16:37:53.5007364Z Build Date: 2026-07-07T19:33:50Z
ui-tests	Set up job	2026-07-28T16:37:53.5008075Z Worker ID: {87ac2528-8a59-4435-8175-951f22b5865c}
ui-tests	Set up job	2026-07-28T16:37:53.5008896Z Azure Region: northcentralus
ui-tests	Set up job	2026-07-28T16:37:53.5009581Z ##[endgroup]
ui-tests	Set up job	2026-07-28T16:37:53.5011129Z ##[group]Operating System
ui-tests	Set up job	2026-07-28T16:37:53.5011960Z Ubuntu
ui-tests	Set up job	2026-07-28T16:37:53.5012564Z 24.04.4
ui-tests	Set up job	2026-07-28T16:37:53.5013183Z LTS
ui-tests	Set up job	2026-07-28T16:37:53.5013756Z ##[endgroup]
ui-tests	Set up job	2026-07-28T16:37:53.5014345Z ##[group]Runner Image
ui-tests	Set up job	2026-07-28T16:37:53.5015063Z Image: ubuntu-24.04
ui-tests	Set up job	2026-07-28T16:37:53.5015672Z Version: 20260720.247.2
ui-tests	Set up job	2026-07-28T16:37:53.5017065Z Included Software: https://github.com/actions/runner-images/blob/ubuntu24/20260720.247/images/ubuntu/Ubuntu2404-Readme.md
ui-tests	Set up job	2026-07-28T16:37:53.5018857Z Image Release: https://github.com/actions/runner-images/releases/tag/ubuntu24%2F20260720.247
ui-tests	Set up job	2026-07-28T16:37:53.5019885Z ##[endgroup]
ui-tests	Set up job	2026-07-28T16:37:53.5021010Z ##[group]GITHUB_TOKEN Permissions
ui-tests	Set up job	2026-07-28T16:37:53.5023551Z Actions: write
ui-tests	Set up job	2026-07-28T16:37:53.5024199Z Contents: read
ui-tests	Set up job	2026-07-28T16:37:53.5024775Z Metadata: read
ui-tests	Set up job	2026-07-28T16:37:53.5025386Z ##[endgroup]
ui-tests	Set up job	2026-07-28T16:37:53.5027903Z Secret source: Actions
ui-tests	Set up job	2026-07-28T16:37:53.5029290Z Prepare workflow directory
ui-tests	Set up job	2026-07-28T16:37:53.5433088Z Prepare all required actions
ui-tests	Set up job	2026-07-28T16:37:53.5503320Z Getting action download info
ui-tests	Set up job	2026-07-28T16:37:53.7871832Z Download action repository 'actions/checkout@v4' (SHA:11d5960a326750d5838078e36cf38b85af677262)
ui-tests	Set up job	2026-07-28T16:37:54.1902318Z Download action repository 'actions/setup-node@v4' (SHA:49933ea5288caeca8642d1e84afbd3f7d6820020)
ui-tests	Set up job	2026-07-28T16:37:54.3798437Z Complete job name: ui-tests
ui-tests	Checkout code	﻿2026-07-28T16:37:54.4689137Z Node 20 is being deprecated. This workflow is running with Node 24 by default. If you need to temporarily use Node 20, you can set the ACTIONS_ALLOW_USE_UNSECURE_NODE_VERSION=true environment variable. For more information see: https://github.blog/changelog/2025-09-19-deprecation-of-node-20-on-github-actions-runners/
ui-tests	Checkout code	2026-07-28T16:37:54.4698688Z ##[group]Run actions/checkout@v4
ui-tests	Checkout code	2026-07-28T16:37:54.4699438Z with:
ui-tests	Checkout code	2026-07-28T16:37:54.4699881Z   repository: ebravo90/somaterm
ui-tests	Checkout code	2026-07-28T16:37:54.4704045Z   token: ***
ui-tests	Checkout code	2026-07-28T16:37:54.4704549Z   ssh-strict: true
ui-tests	Checkout code	2026-07-28T16:37:54.4704983Z   ssh-user: git
ui-tests	Checkout code	2026-07-28T16:37:54.4705428Z   persist-credentials: true
ui-tests	Checkout code	2026-07-28T16:37:54.4705907Z   clean: true
ui-tests	Checkout code	2026-07-28T16:37:54.4706656Z   sparse-checkout-cone-mode: true
ui-tests	Checkout code	2026-07-28T16:37:54.4707192Z   fetch-depth: 1
ui-tests	Checkout code	2026-07-28T16:37:54.4707631Z   fetch-tags: false
ui-tests	Checkout code	2026-07-28T16:37:54.4708074Z   show-progress: true
ui-tests	Checkout code	2026-07-28T16:37:54.4708518Z   lfs: false
ui-tests	Checkout code	2026-07-28T16:37:54.4708931Z   submodules: false
ui-tests	Checkout code	2026-07-28T16:37:54.4709513Z   set-safe-directory: true
ui-tests	Checkout code	2026-07-28T16:37:54.4710037Z   allow-unsafe-pr-checkout: false
ui-tests	Checkout code	2026-07-28T16:37:54.4711043Z ##[endgroup]
ui-tests	Checkout code	2026-07-28T16:37:54.5756865Z Syncing repository: ebravo90/somaterm
ui-tests	Checkout code	2026-07-28T16:37:54.5759597Z ##[group]Getting Git version info
ui-tests	Checkout code	2026-07-28T16:37:54.5760363Z Working directory is '/home/runner/work/somaterm/somaterm'
ui-tests	Checkout code	2026-07-28T16:37:54.5761420Z [command]/usr/bin/git version
ui-tests	Checkout code	2026-07-28T16:37:54.5872393Z git version 2.54.0
ui-tests	Checkout code	2026-07-28T16:37:54.5908083Z ##[endgroup]
ui-tests	Checkout code	2026-07-28T16:37:54.5918814Z Temporarily overriding HOME='/home/runner/work/_temp/8de3cf50-0114-4921-945c-3388918c1410' before making global git config changes
ui-tests	Checkout code	2026-07-28T16:37:54.5921110Z Adding repository directory to the temporary git global config as a safe directory
ui-tests	Checkout code	2026-07-28T16:37:54.5925698Z [command]/usr/bin/git config --global --add safe.directory /home/runner/work/somaterm/somaterm
ui-tests	Checkout code	2026-07-28T16:37:54.5981220Z Deleting the contents of '/home/runner/work/somaterm/somaterm'
ui-tests	Checkout code	2026-07-28T16:37:54.5984648Z ##[group]Initializing the repository
ui-tests	Checkout code	2026-07-28T16:37:54.5990218Z [command]/usr/bin/git init /home/runner/work/somaterm/somaterm
ui-tests	Checkout code	2026-07-28T16:37:54.6142671Z hint: Using 'master' as the name for the initial branch. This default branch name
ui-tests	Checkout code	2026-07-28T16:37:54.6144335Z hint: will change to "main" in Git 3.0. To configure the initial branch name
ui-tests	Checkout code	2026-07-28T16:37:54.6145834Z hint: to use in all of your new repositories, which will suppress this warning,
ui-tests	Checkout code	2026-07-28T16:37:54.6147434Z hint: call:
ui-tests	Checkout code	2026-07-28T16:37:54.6148085Z hint:
ui-tests	Checkout code	2026-07-28T16:37:54.6148857Z hint: 	git config --global init.defaultBranch <name>
ui-tests	Checkout code	2026-07-28T16:37:54.6149818Z hint:
ui-tests	Checkout code	2026-07-28T16:37:54.6150720Z hint: Names commonly chosen instead of 'master' are 'main', 'trunk' and
ui-tests	Checkout code	2026-07-28T16:37:54.6152286Z hint: 'development'. The just-created branch can be renamed via this command:
ui-tests	Checkout code	2026-07-28T16:37:54.6153475Z hint:
ui-tests	Checkout code	2026-07-28T16:37:54.6154108Z hint: 	git branch -m <name>
ui-tests	Checkout code	2026-07-28T16:37:54.6154835Z hint:
ui-tests	Checkout code	2026-07-28T16:37:54.6155828Z hint: Disable this message with "git config set advice.defaultBranchName false"
ui-tests	Checkout code	2026-07-28T16:37:54.6164563Z Initialized empty Git repository in /home/runner/work/somaterm/somaterm/.git/
ui-tests	Checkout code	2026-07-28T16:37:54.6178805Z [command]/usr/bin/git remote add origin https://github.com/ebravo90/somaterm
ui-tests	Checkout code	2026-07-28T16:37:54.6227489Z ##[endgroup]
ui-tests	Checkout code	2026-07-28T16:37:54.6228726Z ##[group]Disabling automatic garbage collection
ui-tests	Checkout code	2026-07-28T16:37:54.6231964Z [command]/usr/bin/git config --local gc.auto 0
ui-tests	Checkout code	2026-07-28T16:37:54.6263433Z ##[endgroup]
ui-tests	Checkout code	2026-07-28T16:37:54.6264626Z ##[group]Setting up auth
ui-tests	Checkout code	2026-07-28T16:37:54.6272842Z [command]/usr/bin/git config --local --name-only --get-regexp core\.sshCommand
ui-tests	Checkout code	2026-07-28T16:37:54.6314940Z [command]/usr/bin/git submodule foreach --recursive sh -c "git config --local --name-only --get-regexp 'core\.sshCommand' && git config --local --unset-all 'core.sshCommand' || :"
ui-tests	Checkout code	2026-07-28T16:37:54.6740788Z [command]/usr/bin/git config --local --name-only --get-regexp http\.https\:\/\/github\.com\/\.extraheader
ui-tests	Checkout code	2026-07-28T16:37:54.6781309Z [command]/usr/bin/git submodule foreach --recursive sh -c "git config --local --name-only --get-regexp 'http\.https\:\/\/github\.com\/\.extraheader' && git config --local --unset-all 'http.https://github.com/.extraheader' || :"
ui-tests	Checkout code	2026-07-28T16:37:54.7007123Z [command]/usr/bin/git config --local --name-only --get-regexp ^includeIf\.gitdir:
ui-tests	Checkout code	2026-07-28T16:37:54.7042281Z [command]/usr/bin/git submodule foreach --recursive git config --local --show-origin --name-only --get-regexp remote.origin.url
ui-tests	Checkout code	2026-07-28T16:37:54.7267000Z [command]/usr/bin/git config --local http.https://github.com/.extraheader AUTHORIZATION: basic ***
ui-tests	Checkout code	2026-07-28T16:37:54.7305422Z ##[endgroup]
ui-tests	Checkout code	2026-07-28T16:37:54.7306907Z ##[group]Fetching the repository
ui-tests	Checkout code	2026-07-28T16:37:54.7315277Z [command]/usr/bin/git -c protocol.version=2 fetch --no-tags --prune --no-recurse-submodules --depth=1 origin +e69c812e41317bd6c52cde1ed2fae6c4db18cc7c:refs/remotes/origin/master
ui-tests	Checkout code	2026-07-28T16:37:55.2259218Z From https://github.com/ebravo90/somaterm
ui-tests	Checkout code	2026-07-28T16:37:55.2261518Z  * [new ref]         e69c812e41317bd6c52cde1ed2fae6c4db18cc7c -> origin/master
ui-tests	Checkout code	2026-07-28T16:37:55.2302036Z ##[endgroup]
ui-tests	Checkout code	2026-07-28T16:37:55.2303810Z ##[group]Determining the checkout info
ui-tests	Checkout code	2026-07-28T16:37:55.2305790Z ##[endgroup]
ui-tests	Checkout code	2026-07-28T16:37:55.2312794Z [command]/usr/bin/git sparse-checkout disable
ui-tests	Checkout code	2026-07-28T16:37:55.2368379Z [command]/usr/bin/git config --local --unset-all extensions.worktreeConfig
ui-tests	Checkout code	2026-07-28T16:37:55.2403950Z ##[group]Checking out the ref
ui-tests	Checkout code	2026-07-28T16:37:55.2409241Z [command]/usr/bin/git checkout --progress --force -B master refs/remotes/origin/master
ui-tests	Checkout code	2026-07-28T16:37:55.2799443Z Reset branch 'master'
ui-tests	Checkout code	2026-07-28T16:37:55.2801355Z branch 'master' set up to track 'origin/master'.
ui-tests	Checkout code	2026-07-28T16:37:55.2810016Z ##[endgroup]
ui-tests	Checkout code	2026-07-28T16:37:55.2855689Z [command]/usr/bin/git log -1 --format=%H
ui-tests	Checkout code	2026-07-28T16:37:55.2882858Z e69c812e41317bd6c52cde1ed2fae6c4db18cc7c
ui-tests	Setup Node	﻿2026-07-28T16:37:55.3255988Z Node 20 is being deprecated. This workflow is running with Node 24 by default. If you need to temporarily use Node 20, you can set the ACTIONS_ALLOW_USE_UNSECURE_NODE_VERSION=true environment variable. For more information see: https://github.blog/changelog/2025-09-19-deprecation-of-node-20-on-github-actions-runners/
ui-tests	Setup Node	2026-07-28T16:37:55.3261460Z ##[group]Run actions/setup-node@v4
ui-tests	Setup Node	2026-07-28T16:37:55.3262612Z with:
ui-tests	Setup Node	2026-07-28T16:37:55.3263524Z   node-version: 24
ui-tests	Setup Node	2026-07-28T16:37:55.3264485Z   cache: npm
ui-tests	Setup Node	2026-07-28T16:37:55.3265435Z   always-auth: false
ui-tests	Setup Node	2026-07-28T16:37:55.3266607Z   check-latest: false
ui-tests	Setup Node	2026-07-28T16:37:55.3275486Z   token: ***
ui-tests	Setup Node	2026-07-28T16:37:55.3276779Z ##[endgroup]
ui-tests	Setup Node	2026-07-28T16:37:55.4711602Z Found in cache @ /opt/hostedtoolcache/node/24.18.0/x64
ui-tests	Setup Node	2026-07-28T16:37:55.4716792Z (node:2281) [DEP0040] DeprecationWarning: The `punycode` module is deprecated. Please use a userland alternative instead.
ui-tests	Setup Node	2026-07-28T16:37:55.4721038Z (Use `node --trace-deprecation ...` to show where the warning was created)
ui-tests	Setup Node	2026-07-28T16:37:55.4725238Z ##[group]Environment details
ui-tests	Setup Node	2026-07-28T16:37:55.9290681Z node: v24.18.0
ui-tests	Setup Node	2026-07-28T16:37:55.9291641Z npm: 11.16.0
ui-tests	Setup Node	2026-07-28T16:37:55.9292343Z yarn: 1.22.22
ui-tests	Setup Node	2026-07-28T16:37:55.9293906Z ##[endgroup]
ui-tests	Setup Node	2026-07-28T16:37:55.9338092Z [command]/opt/hostedtoolcache/node/24.18.0/x64/bin/npm config get cache
ui-tests	Setup Node	2026-07-28T16:37:56.0627756Z /home/runner/.npm
ui-tests	Setup Node	2026-07-28T16:37:56.1877713Z npm cache is not found
ui-tests	Install Node dependencies	﻿2026-07-28T16:37:56.2098170Z ##[group]Run npm install
ui-tests	Install Node dependencies	2026-07-28T16:37:56.2098551Z [36;1mnpm install[0m
ui-tests	Install Node dependencies	2026-07-28T16:37:56.2161363Z shell: /usr/bin/bash -e {0}
ui-tests	Install Node dependencies	2026-07-28T16:37:56.2161681Z ##[endgroup]
ui-tests	Install Node dependencies	2026-07-28T16:37:58.5363849Z npm warn deprecated whatwg-encoding@3.1.1: Use @exodus/bytes instead for a more spec-conformant and faster implementation
ui-tests	Install Node dependencies	2026-07-28T16:37:59.5276927Z npm warn deprecated inflight@1.0.6: This module is not supported, and leaks memory. Do not use it. Check out lru-cache if you want a good and tested way to coalesce async requests by a key value, which is much more comprehensive and powerful.
ui-tests	Install Node dependencies	2026-07-28T16:38:01.5318352Z npm warn deprecated glob@8.1.0: Old versions of glob are not supported, and contain widely publicized security vulnerabilities, which have been fixed in the current version. Please update. Support for old versions may be purchased (at exorbitant rates) by contacting i@izs.me
ui-tests	Install Node dependencies	2026-07-28T16:38:03.1175500Z npm warn deprecated glob@10.5.0: Old versions of glob are not supported, and contain widely publicized security vulnerabilities, which have been fixed in the current version. Please update. Support for old versions may be purchased (at exorbitant rates) by contacting i@izs.me
ui-tests	Install Node dependencies	2026-07-28T16:38:09.8472964Z 
ui-tests	Install Node dependencies	2026-07-28T16:38:09.8473628Z > somaterm@0.0.0 prepare
ui-tests	Install Node dependencies	2026-07-28T16:38:09.8474030Z > husky
ui-tests	Install Node dependencies	2026-07-28T16:38:09.8474194Z 
ui-tests	Install Node dependencies	2026-07-28T16:38:09.9598223Z 
ui-tests	Install Node dependencies	2026-07-28T16:38:09.9608030Z added 732 packages, and audited 733 packages in 14s
ui-tests	Install Node dependencies	2026-07-28T16:38:09.9608806Z 
ui-tests	Install Node dependencies	2026-07-28T16:38:09.9609360Z 228 packages are looking for funding
ui-tests	Install Node dependencies	2026-07-28T16:38:09.9610260Z   run `npm fund` for details
ui-tests	Install Node dependencies	2026-07-28T16:38:09.9968780Z 
ui-tests	Install Node dependencies	2026-07-28T16:38:09.9969623Z 23 vulnerabilities (1 moderate, 22 high)
ui-tests	Install Node dependencies	2026-07-28T16:38:09.9970067Z 
ui-tests	Install Node dependencies	2026-07-28T16:38:09.9970505Z To address issues that do not require attention, run:
ui-tests	Install Node dependencies	2026-07-28T16:38:09.9971091Z   npm audit fix
ui-tests	Install Node dependencies	2026-07-28T16:38:09.9971320Z 
ui-tests	Install Node dependencies	2026-07-28T16:38:09.9971785Z To address all issues possible (including breaking changes), run:
ui-tests	Install Node dependencies	2026-07-28T16:38:09.9972458Z   npm audit fix --force
ui-tests	Install Node dependencies	2026-07-28T16:38:09.9972750Z 
ui-tests	Install Node dependencies	2026-07-28T16:38:09.9973093Z Some issues need review, and may require choosing
ui-tests	Install Node dependencies	2026-07-28T16:38:09.9973683Z a different dependency.
ui-tests	Install Node dependencies	2026-07-28T16:38:09.9973965Z 
ui-tests	Install Node dependencies	2026-07-28T16:38:09.9974224Z Run `npm audit` for details.
ui-tests	Install Node dependencies	2026-07-28T16:38:09.9985729Z npm warn allow-scripts 3 packages have install scripts not yet covered by allowScripts:
ui-tests	Install Node dependencies	2026-07-28T16:38:09.9987878Z npm warn allow-scripts   edgedriver@6.3.0 (install: test -f ./dist/install.js && node ./dist/install.js || echo "Skipping install, project not build!")
ui-tests	Install Node dependencies	2026-07-28T16:38:09.9989418Z npm warn allow-scripts   esbuild@0.28.1 (postinstall: node install.js)
ui-tests	Install Node dependencies	2026-07-28T16:38:09.9991182Z npm warn allow-scripts   geckodriver@6.1.1 (postinstall: test -f ./dist/install.js && node ./dist/install.js || echo "Skipping install, project not built!")
ui-tests	Install Node dependencies	2026-07-28T16:38:09.9992451Z npm warn allow-scripts
ui-tests	Install Node dependencies	2026-07-28T16:38:09.9993696Z npm warn allow-scripts Run `npm approve-scripts --allow-scripts-pending` to review, or `npm approve-scripts <pkg>` to allow.
ui-tests	Run WebdriverIO E2E Local/Mocked Tests	﻿2026-07-28T16:38:10.0690166Z ##[group]Run npm run dev:mock &
ui-tests	Run WebdriverIO E2E Local/Mocked Tests	2026-07-28T16:38:10.0690514Z [36;1mnpm run dev:mock &[0m
ui-tests	Run WebdriverIO E2E Local/Mocked Tests	2026-07-28T16:38:10.0690794Z [36;1msleep 5[0m
ui-tests	Run WebdriverIO E2E Local/Mocked Tests	2026-07-28T16:38:10.0691004Z [36;1mnpm run test:e2e:local[0m
ui-tests	Run WebdriverIO E2E Local/Mocked Tests	2026-07-28T16:38:10.0738137Z shell: /usr/bin/bash -e {0}
ui-tests	Run WebdriverIO E2E Local/Mocked Tests	2026-07-28T16:38:10.0738414Z ##[endgroup]
ui-tests	Run WebdriverIO E2E Local/Mocked Tests	2026-07-28T16:38:10.1717920Z 
ui-tests	Run WebdriverIO E2E Local/Mocked Tests	2026-07-28T16:38:10.1718606Z > somaterm@0.0.0 dev:mock
ui-tests	Run WebdriverIO E2E Local/Mocked Tests	2026-07-28T16:38:10.1719062Z > VITE_MOCK_TAURI=true vite
ui-tests	Run WebdriverIO E2E Local/Mocked Tests	2026-07-28T16:38:10.1719282Z 
ui-tests	Run WebdriverIO E2E Local/Mocked Tests	2026-07-28T16:38:10.4826394Z 
ui-tests	Run WebdriverIO E2E Local/Mocked Tests	2026-07-28T16:38:10.4827557Z   [32m[1mVITE[22m v8.1.5[39m  [2mready in [0m[1m285[22m[2m[0m ms[22m
ui-tests	Run WebdriverIO E2E Local/Mocked Tests	2026-07-28T16:38:10.4828049Z 
ui-tests	Run WebdriverIO E2E Local/Mocked Tests	2026-07-28T16:38:10.4831183Z   [32m➜[39m  [1mLocal[22m:   [36mhttp://127.0.0.1:[1m5173[22m/[39m
ui-tests	Run WebdriverIO E2E Local/Mocked Tests	2026-07-28T16:38:15.1742262Z 
ui-tests	Run WebdriverIO E2E Local/Mocked Tests	2026-07-28T16:38:15.1744473Z > somaterm@0.0.0 test:e2e:local
ui-tests	Run WebdriverIO E2E Local/Mocked Tests	2026-07-28T16:38:15.1745462Z > start-server-and-test dev:mock http://127.0.0.1:5173 'wdio run wdio.conf.ts'
ui-tests	Run WebdriverIO E2E Local/Mocked Tests	2026-07-28T16:38:15.1746061Z 
ui-tests	Run WebdriverIO E2E Local/Mocked Tests	2026-07-28T16:38:15.4208419Z 1: starting server using command "npm run dev:mock"
ui-tests	Run WebdriverIO E2E Local/Mocked Tests	2026-07-28T16:38:15.4213033Z and when url "[ 'http://127.0.0.1:5173' ]" is responding with HTTP status code 200
ui-tests	Run WebdriverIO E2E Local/Mocked Tests	2026-07-28T16:38:15.4214097Z running tests using command "wdio run wdio.conf.ts"
ui-tests	Run WebdriverIO E2E Local/Mocked Tests	2026-07-28T16:38:15.4214604Z 
ui-tests	Run WebdriverIO E2E Local/Mocked Tests	2026-07-28T16:38:15.5501977Z 
ui-tests	Run WebdriverIO E2E Local/Mocked Tests	2026-07-28T16:38:15.5503145Z > somaterm@0.0.0 dev:mock
ui-tests	Run WebdriverIO E2E Local/Mocked Tests	2026-07-28T16:38:15.5505779Z > VITE_MOCK_TAURI=true vite
ui-tests	Run WebdriverIO E2E Local/Mocked Tests	2026-07-28T16:38:15.5506623Z 
ui-tests	Run WebdriverIO E2E Local/Mocked Tests	2026-07-28T16:38:15.9997920Z [31merror when starting dev server:
ui-tests	Run WebdriverIO E2E Local/Mocked Tests	2026-07-28T16:38:15.9998931Z Error: Port 5173 is already in use
ui-tests	Run WebdriverIO E2E Local/Mocked Tests	2026-07-28T16:38:16.0000244Z     at httpServerStart (file:///home/runner/work/somaterm/somaterm/node_modules/vite/dist/node/chunks/node.js:11424:10)
ui-tests	Run WebdriverIO E2E Local/Mocked Tests	2026-07-28T16:38:16.0001714Z     at process.processTicksAndRejections (node:internal/process/task_queues:104:5)
ui-tests	Run WebdriverIO E2E Local/Mocked Tests	2026-07-28T16:38:16.0003188Z     at async startServer (file:///home/runner/work/somaterm/somaterm/node_modules/vite/dist/node/chunks/node.js:26083:30)
ui-tests	Run WebdriverIO E2E Local/Mocked Tests	2026-07-28T16:38:16.0004989Z     at async Object.listen (file:///home/runner/work/somaterm/somaterm/node_modules/vite/dist/node/chunks/node.js:25900:4)
ui-tests	Run WebdriverIO E2E Local/Mocked Tests	2026-07-28T16:38:16.0007433Z     at async CAC.<anonymous> (file:///home/runner/work/somaterm/somaterm/node_modules/vite/dist/node/cli.js:721:3)[39m
ui-tests	Run WebdriverIO E2E Local/Mocked Tests	2026-07-28T16:38:16.3760760Z 2026-07-28T16:38:16.375Z INFO @wdio/cli:launcher: Run onPrepare hook
ui-tests	Run WebdriverIO E2E Local/Mocked Tests	2026-07-28T16:38:16.3838366Z 
ui-tests	Run WebdriverIO E2E Local/Mocked Tests	2026-07-28T16:38:16.3839424Z Execution of 4 workers started at 2026-07-28T16:38:16.383Z
ui-tests	Run WebdriverIO E2E Local/Mocked Tests	2026-07-28T16:38:16.3840390Z 
ui-tests	Run WebdriverIO E2E Local/Mocked Tests	2026-07-28T16:38:16.3844374Z 2026-07-28T16:38:16.384Z INFO @wdio/utils: Setting up browser driver for: chrome@stable
ui-tests	Run WebdriverIO E2E Local/Mocked Tests	2026-07-28T16:38:16.3902676Z 2026-07-28T16:38:16.390Z INFO @wdio/utils: Setting up browser binaries for: chrome@stable
ui-tests	Run WebdriverIO E2E Local/Mocked Tests	2026-07-28T16:38:18.4233072Z 2026-07-28T16:38:18.422Z INFO webdriver: Downloading Chromedriver v150.0.7871.128
ui-tests	Run WebdriverIO E2E Local/Mocked Tests	2026-07-28T16:38:18.4653295Z 2026-07-28T16:38:18.464Z INFO webdriver: Using pre-installed chrome v150.0.7871.128 from /usr/bin/google-chrome
ui-tests	Run WebdriverIO E2E Local/Mocked Tests	2026-07-28T16:38:18.9162663Z 2026-07-28T16:38:18.915Z INFO webdriver: Download of Chromedriver v150.0.7871.128 was successful
ui-tests	Run WebdriverIO E2E Local/Mocked Tests	2026-07-28T16:38:18.9184788Z 2026-07-28T16:38:18.918Z INFO @wdio/cli:launcher: Run onWorkerStart hook
ui-tests	Run WebdriverIO E2E Local/Mocked Tests	2026-07-28T16:38:18.9187609Z 2026-07-28T16:38:18.918Z INFO @wdio/xvfb: XvfbManager.init() called
ui-tests	Run WebdriverIO E2E Local/Mocked Tests	2026-07-28T16:38:18.9190456Z 2026-07-28T16:38:18.918Z INFO @wdio/xvfb: Detected headless Chrome flag, forcing XVFB usage
ui-tests	Run WebdriverIO E2E Local/Mocked Tests	2026-07-28T16:38:18.9191431Z 2026-07-28T16:38:18.919Z INFO @wdio/xvfb: Xvfb should run, checking if setup is needed
ui-tests	Run WebdriverIO E2E Local/Mocked Tests	2026-07-28T16:38:18.9192725Z 2026-07-28T16:38:18.919Z INFO @wdio/xvfb: Checking if xvfb-run is available...
ui-tests	Run WebdriverIO E2E Local/Mocked Tests	2026-07-28T16:38:18.9241857Z 2026-07-28T16:38:18.924Z INFO @wdio/xvfb: xvfb-run found in PATH
ui-tests	Run WebdriverIO E2E Local/Mocked Tests	2026-07-28T16:38:18.9242851Z 2026-07-28T16:38:18.924Z INFO @wdio/xvfb: xvfb-run is ready for use
ui-tests	Run WebdriverIO E2E Local/Mocked Tests	2026-07-28T16:38:18.9243525Z 2026-07-28T16:38:18.924Z INFO @wdio/local-runner: Xvfb is ready for use
ui-tests	Run WebdriverIO E2E Local/Mocked Tests	2026-07-28T16:38:18.9251838Z 2026-07-28T16:38:18.924Z INFO @wdio/local-runner: Start worker 0-0 with arg: run wdio.conf.ts
ui-tests	Run WebdriverIO E2E Local/Mocked Tests	2026-07-28T16:38:18.9299121Z 2026-07-28T16:38:18.929Z INFO @wdio/xvfb:ProcessFactory: xvfb-run found in PATH
ui-tests	Run WebdriverIO E2E Local/Mocked Tests	2026-07-28T16:38:18.9300174Z 2026-07-28T16:38:18.929Z INFO @wdio/xvfb:ProcessFactory: ProcessFactory: shouldRun=true, isAvailable=true
ui-tests	Run WebdriverIO E2E Local/Mocked Tests	2026-07-28T16:38:18.9301190Z 2026-07-28T16:38:18.929Z INFO @wdio/xvfb:ProcessFactory: Creating worker process with xvfb-run wrapper and retry logic
ui-tests	Run WebdriverIO E2E Local/Mocked Tests	2026-07-28T16:38:18.9302822Z 2026-07-28T16:38:18.930Z INFO @wdio/xvfb: 🚀 Executing xvfb worker process creation
ui-tests	Run WebdriverIO E2E Local/Mocked Tests	2026-07-28T16:38:20.0827887Z [0-0] 2026-07-28T16:38:20.078Z INFO @wdio/local-runner: Run worker command: run
ui-tests	Run WebdriverIO E2E Local/Mocked Tests	2026-07-28T16:38:20.3367652Z [0-0] RUNNING in chrome - file:///tests/e2e/security.spec.ts
ui-tests	Run WebdriverIO E2E Local/Mocked Tests	2026-07-28T16:38:20.3368534Z [0-0] 2026-07-28T16:38:20.336Z INFO webdriver: Initiate new session using the WebDriver protocol
ui-tests	Run WebdriverIO E2E Local/Mocked Tests	2026-07-28T16:38:20.5388048Z [0-0] 2026-07-28T16:38:20.538Z INFO webdriver: Using pre-installed chrome v150.0.7871.128 from /usr/bin/google-chrome
ui-tests	Run WebdriverIO E2E Local/Mocked Tests	2026-07-28T16:38:20.5397604Z [0-0] 2026-07-28T16:38:20.539Z INFO webdriver: Using Chromedriver v150.0.7871.128 from cache directory /tmp
ui-tests	Run WebdriverIO E2E Local/Mocked Tests	2026-07-28T16:38:20.5535663Z [0-0] 2026-07-28T16:38:20.552Z INFO chromedriver: Starting ChromeDriver 150.0.7871.128 (81891e5ca708047763816c778216799ef14c66cb-refs/branch-heads/7871_124@{#9}) on port 43851
ui-tests	Run WebdriverIO E2E Local/Mocked Tests	2026-07-28T16:38:20.5537878Z [0-0] 2026-07-28T16:38:20.552Z INFO chromedriver: Remote connections are allowed by an allowlist (0.0.0.0).
ui-tests	Run WebdriverIO E2E Local/Mocked Tests	2026-07-28T16:38:20.5539538Z [0-0] 2026-07-28T16:38:20.553Z INFO chromedriver: Please see https://chromedriver.chromium.org/security-considerations for suggestions on keeping ChromeDriver safe.
ui-tests	Run WebdriverIO E2E Local/Mocked Tests	2026-07-28T16:38:20.5541431Z [0-0] 2026-07-28T16:38:20.553Z INFO chromedriver: ChromeDriver was started successfully on port 43851.
ui-tests	Run WebdriverIO E2E Local/Mocked Tests	2026-07-28T16:38:20.5542943Z [0-0] 2026-07-28T16:38:20.553Z INFO @wdio/utils: Started Chromedriver v150.0.7871.128 with params --port=43851 --allowed-origins=* --allowed-ips=0.0.0.0 in 63ms on port 43851
ui-tests	Run WebdriverIO E2E Local/Mocked Tests	2026-07-28T16:38:20.5563133Z [0-0] 2026-07-28T16:38:20.555Z INFO webdriver: [POST] http://localhost:43851/session
ui-tests	Run WebdriverIO E2E Local/Mocked Tests	2026-07-28T16:38:27.2215119Z [0-0] 2026-07-28T16:38:27.220Z INFO webdriver: Register BiDi handler for session with id 369e096de72670ea9d26ea4ad6bf68db
ui-tests	Run WebdriverIO E2E Local/Mocked Tests	2026-07-28T16:38:27.2216680Z [0-0] 2026-07-28T16:38:27.221Z INFO webdriver: Connecting to webSocketUrl ws://127.0.0.1:43851/session/369e096de72670ea9d26ea4ad6bf68db
ui-tests	Run WebdriverIO E2E Local/Mocked Tests	2026-07-28T16:38:27.2314334Z [0-0] 2026-07-28T16:38:27.231Z INFO webdriver: Connected to Bidi protocol at ws://127.0.0.1:43851/session/369e096de72670ea9d26ea4ad6bf68db
ui-tests	Run WebdriverIO E2E Local/Mocked Tests	2026-07-28T16:38:27.2317875Z [0-0] 2026-07-28T16:38:27.231Z INFO webdriver: Connected to WebDriver Bidi interface at ws://127.0.0.1:43851/session/369e096de72670ea9d26ea4ad6bf68db
ui-tests	Run WebdriverIO E2E Local/Mocked Tests	2026-07-28T16:38:27.2337426Z [0-0] 2026-07-28T16:38:27.232Z INFO webdriver: COMMAND getWindowHandle()
ui-tests	Run WebdriverIO E2E Local/Mocked Tests	2026-07-28T16:38:27.2354291Z [0-0] 2026-07-28T16:38:27.233Z INFO webdriver: BIDI COMMAND browsingContext.getTree {}
ui-tests	Run WebdriverIO E2E Local/Mocked Tests	2026-07-28T16:38:27.2367227Z [0-0] 2026-07-28T16:38:27.235Z INFO webdriver: BIDI COMMAND session.subscribe {"events":["browsingContext.contextCreated"]}
ui-tests	Run WebdriverIO E2E Local/Mocked Tests	2026-07-28T16:38:27.2368784Z [0-0] 2026-07-28T16:38:27.235Z INFO webdriver: BIDI COMMAND session.subscribe {"events":["log.entryAdded","browsingContext.navigationStarted"]}
ui-tests	Run WebdriverIO E2E Local/Mocked Tests	2026-07-28T16:38:27.2371018Z [0-0] 2026-07-28T16:38:27.236Z INFO webdriver: BIDI COMMAND script.addPreloadScript { functionDeclaration: <PreloadScript[1319 bytes]>, contexts: undefined }
ui-tests	Run WebdriverIO E2E Local/Mocked Tests	2026-07-28T16:38:27.2374239Z [0-0] 2026-07-28T16:38:27.236Z INFO webdriver: BIDI COMMAND session.subscribe {"events":["browsingContext.navigationStarted","browsingContext.fragmentNavigated","network.responseCompleted","network.beforeRequestSent","network.fetchError"]}
ui-tests	Run WebdriverIO E2E Local/Mocked Tests	2026-07-28T16:38:27.2376697Z [0-0] 2026-07-28T16:38:27.236Z INFO webdriver: BIDI COMMAND session.subscribe {"events":["browsingContext.userPromptOpened"]}
ui-tests	Run WebdriverIO E2E Local/Mocked Tests	2026-07-28T16:38:27.2377883Z [0-0] 2026-07-28T16:38:27.236Z INFO webdriver: BIDI COMMAND session.subscribe {"events":["browsingContext.navigationStarted"]}
ui-tests	Run WebdriverIO E2E Local/Mocked Tests	2026-07-28T16:38:27.2379743Z [0-0] 2026-07-28T16:38:27.237Z INFO webdriver: [GET] http://localhost:43851/session/369e096de72670ea9d26ea4ad6bf68db/window
ui-tests	Run WebdriverIO E2E Local/Mocked Tests	2026-07-28T16:38:27.2411991Z [0-0] 2026-07-28T16:38:27.240Z INFO webdriver: RESULT 66B6263677988656C242FE807183C883
ui-tests	Run WebdriverIO E2E Local/Mocked Tests	2026-07-28T16:38:27.2442146Z [0-0] 2026-07-28T16:38:27.243Z INFO webdriver: BIDI RESULT {"id":1,"result":{"contexts":[{"children":[],"clientWindow":"1600923889","context":"66B6263677988656C242FE807183C883","originalOpener":null,"parent":null,"url":"about:blank","userContext":"default"}]},"type":"success"}
ui-tests	Run WebdriverIO E2E Local/Mocked Tests	2026-07-28T16:38:27.2447516Z [0-0] 2026-07-28T16:38:27.244Z INFO webdriverio:PolyfillManager: Adding polyfill script to context with id 66B6263677988656C242FE807183C883
ui-tests	Run WebdriverIO E2E Local/Mocked Tests	2026-07-28T16:38:27.2454666Z [0-0] 2026-07-28T16:38:27.244Z INFO webdriver: BIDI COMMAND script.callFunction {"functionDeclaration":"<Function[443 bytes] webdriverioPolyfill>","target":{"children":[],"clientWindow":"1600923889","context":"66B6263677988656C242FE807183C883","originalOpener":null,"parent":null,"url":"about:blank","userContext":"default"},"awaitPromise":false}
ui-tests	Run WebdriverIO E2E Local/Mocked Tests	2026-07-28T16:38:27.2458422Z [0-0] 2026-07-28T16:38:27.244Z INFO webdriver: BIDI COMMAND script.addPreloadScript { functionDeclaration: <PreloadScript[443 bytes]>, contexts: ["66B6263677988656C242FE807183C883"] }
ui-tests	Run WebdriverIO E2E Local/Mocked Tests	2026-07-28T16:38:27.2474381Z [0-0] 2026-07-28T16:38:27.247Z INFO webdriver: BIDI RESULT {"id":2,"result":{"subscription":"299f62a6-9a43-46d6-980d-2ce22516b353"},"type":"success"}
ui-tests	Run WebdriverIO E2E Local/Mocked Tests	2026-07-28T16:38:27.2483758Z [0-0] 2026-07-28T16:38:27.247Z INFO webdriver: BIDI RESULT {"id":3,"result":{"subscription":"644058ef-c065-4eee-8ec1-7d75e0a1fbc3"},"type":"success"}
ui-tests	Run WebdriverIO E2E Local/Mocked Tests	2026-07-28T16:38:27.2493728Z [0-0] 2026-07-28T16:38:27.248Z INFO webdriver: BIDI RESULT {"id":5,"result":{"subscription":"45023e1c-07d5-48d8-a3e6-b116ea8f95ce"},"type":"success"}
ui-tests	Run WebdriverIO E2E Local/Mocked Tests	2026-07-28T16:38:27.2497475Z [0-0] 2026-07-28T16:38:27.249Z INFO webdriver: BIDI RESULT {"id":6,"result":{"subscription":"c0cb62eb-1442-492e-939b-2d289ea164e2"},"type":"success"}
ui-tests	Run WebdriverIO E2E Local/Mocked Tests	2026-07-28T16:38:27.2502225Z [0-0] 2026-07-28T16:38:27.249Z INFO webdriver: BIDI RESULT {"id":7,"result":{"subscription":"f4af4f9a-56ff-4b89-b9ff-73376986c981"},"type":"success"}
ui-tests	Run WebdriverIO E2E Local/Mocked Tests	2026-07-28T16:38:27.2519092Z [0-0] 2026-07-28T16:38:27.251Z INFO webdriver: BIDI RESULT {"id":4,"result":{"script":"a54afa2d-769a-4fed-b13f-113bd77ac883"},"type":"success"}
ui-tests	Run WebdriverIO E2E Local/Mocked Tests	2026-07-28T16:38:27.2530236Z [0-0] 2026-07-28T16:38:27.252Z INFO webdriver: BIDI RESULT {"id":8,"result":{"realm":"-2600215021006328602.7714062608719917851","result":{"type":"undefined"},"type":"success"},"type":"success"}
ui-tests	Run WebdriverIO E2E Local/Mocked Tests	2026-07-28T16:38:27.2535626Z [0-0] 2026-07-28T16:38:27.253Z INFO webdriver: BIDI RESULT {"id":9,"result":{"script":"23716820-93e1-4f6b-b72b-2f4a90eca6d8"},"type":"success"}
ui-tests	Run WebdriverIO E2E Local/Mocked Tests	2026-07-28T16:38:27.2619726Z [0-0] 2026-07-28T16:38:27.261Z INFO webdriver: BIDI COMMAND browsingContext.navigate {"context":"66B6263677988656C242FE807183C883","url":"http://localhost:5173/","wait":"complete"}
ui-tests	Run WebdriverIO E2E Local/Mocked Tests	2026-07-28T16:38:27.9525512Z [0-0] 2026-07-28T16:38:27.951Z INFO webdriver: BIDI RESULT {"id":10,"result":{"navigation":"9bf79017-356e-4616-97c5-351e8f460eb1","url":"http://localhost:5173/"},"type":"success"}
ui-tests	Run WebdriverIO E2E Local/Mocked Tests	2026-07-28T16:38:27.9549725Z [0-0] 2026-07-28T16:38:27.954Z INFO webdriver: BIDI COMMAND browsingContext.locateNodes {"locator":{"type":"css","value":"#root"},"context":"66B6263677988656C242FE807183C883"}
ui-tests	Run WebdriverIO E2E Local/Mocked Tests	2026-07-28T16:38:28.2136022Z [0-0] 2026-07-28T16:38:28.212Z INFO webdriver: BIDI RESULT {"id":11,"result":{"nodes":[{"sharedId":"f.66B6263677988656C242FE807183C883.d.2A0D167F42A6E43AB0D8E56516DDA299.e.2","type":"node","value":{"attributes":{"id":"root"},"childNodeCount":1,"localName":"div","namespaceURI":"http://www.w3.org/1999/xhtml","nodeType":1,"shadowRoot":null}}]},"type":"success"}
ui-tests	Run WebdriverIO E2E Local/Mocked Tests	2026-07-28T16:38:28.2239360Z [0-0] 2026-07-28T16:38:28.223Z INFO webdriver: BIDI COMMAND browsingContext.locateNodes {"locator":{"type":"css","value":"#root"},"context":"66B6263677988656C242FE807183C883"}
ui-tests	Run WebdriverIO E2E Local/Mocked Tests	2026-07-28T16:38:28.2266831Z [0-0] 2026-07-28T16:38:28.226Z INFO webdriver: BIDI RESULT {"id":12,"result":{"nodes":[{"sharedId":"f.66B6263677988656C242FE807183C883.d.2A0D167F42A6E43AB0D8E56516DDA299.e.2","type":"node","value":{"attributes":{"id":"root"},"childNodeCount":1,"localName":"div","namespaceURI":"http://www.w3.org/1999/xhtml","nodeType":1,"shadowRoot":null}}]},"type":"success"}
ui-tests	Run WebdriverIO E2E Local/Mocked Tests	2026-07-28T16:38:28.2323328Z [0-0] 2026-07-28T16:38:28.231Z INFO webdriver: COMMAND getElementTagName("f.66B6263677988656C242FE807183C883.d.2A0D167F42A6E43AB0D8E56516DDA299.e.2")
ui-tests	Run WebdriverIO E2E Local/Mocked Tests	2026-07-28T16:38:28.2325957Z [0-0] 2026-07-28T16:38:28.231Z INFO webdriver: [GET] http://localhost:43851/session/369e096de72670ea9d26ea4ad6bf68db/element/f.66B6263677988656C242FE807183C883.d.2A0D167F42A6E43AB0D8E56516DDA299.e.2/name
ui-tests	Run WebdriverIO E2E Local/Mocked Tests	2026-07-28T16:38:28.2484780Z [0-0] 2026-07-28T16:38:28.248Z INFO webdriver: RESULT div
ui-tests	Run WebdriverIO E2E Local/Mocked Tests	2026-07-28T16:38:28.2493032Z [0-0] 2026-07-28T16:38:28.248Z INFO webdriver: BIDI COMMAND script.callFunction {"functionDeclaration":"<Function[153 bytes] anonymous>","awaitPromise":true,"arguments":[],"target":{"context":"66B6263677988656C242FE807183C883"}}
ui-tests	Run WebdriverIO E2E Local/Mocked Tests	2026-07-28T16:38:28.3151868Z [0-0] 2026-07-28T16:38:28.314Z INFO webdriver: BIDI RESULT {"id":13,"result":{"realm":"-5223236135995976205.-1566300253248792596","result":{"type":"undefined"},"type":"success"},"type":"success"}
ui-tests	Run WebdriverIO E2E Local/Mocked Tests	2026-07-28T16:38:28.3160765Z [0-0] 2026-07-28T16:38:28.315Z INFO webdriver: BIDI COMMAND browsingContext.locateNodes {"locator":{"type":"xpath","value":".//h2[normalize-space(text()) = \"Somaterm Settings\"] | .//h2[not(.//h2[normalize-space(text()) = \"Somaterm Settings\"]) and normalize-space() = \"Somaterm Settings\"]"},"context":"66B6263677988656C242FE807183C883"}
ui-tests	Run WebdriverIO E2E Local/Mocked Tests	2026-07-28T16:38:28.3489982Z [0-0] 2026-07-28T16:38:28.347Z INFO webdriver: BIDI RESULT {"id":14,"result":{"nodes":[{"sharedId":"f.66B6263677988656C242FE807183C883.d.2A0D167F42A6E43AB0D8E56516DDA299.e.6","type":"node","value":{"attributes":{"class":"text-lg font-semibold text-zinc-100"},"childNodeCount":1,"localName":"h2","namespaceURI":"http://www.w3.org/1999/xhtml","nodeType":1,"shadowRoot":null}}]},"type":"success"}
ui-tests	Run WebdriverIO E2E Local/Mocked Tests	2026-07-28T16:38:28.3537806Z [0-0] 2026-07-28T16:38:28.353Z INFO webdriver: BIDI COMMAND browsingContext.locateNodes {"locator":{"type":"xpath","value":".//h2[normalize-space(text()) = \"Somaterm Settings\"] | .//h2[not(.//h2[normalize-space(text()) = \"Somaterm Settings\"]) and normalize-space() = \"Somaterm Settings\"]"},"context":"66B6263677988656C242FE807183C883"}
ui-tests	Run WebdriverIO E2E Local/Mocked Tests	2026-07-28T16:38:28.3573833Z [0-0] 2026-07-28T16:38:28.356Z INFO webdriver: BIDI RESULT {"id":15,"result":{"nodes":[{"sharedId":"f.66B6263677988656C242FE807183C883.d.2A0D167F42A6E43AB0D8E56516DDA299.e.6","type":"node","value":{"attributes":{"class":"text-lg font-semibold text-zinc-100"},"childNodeCount":1,"localName":"h2","namespaceURI":"http://www.w3.org/1999/xhtml","nodeType":1,"shadowRoot":null}}]},"type":"success"}
ui-tests	Run WebdriverIO E2E Local/Mocked Tests	2026-07-28T16:38:28.3608470Z [0-0] 2026-07-28T16:38:28.359Z INFO webdriver: COMMAND getElementTagName("f.66B6263677988656C242FE807183C883.d.2A0D167F42A6E43AB0D8E56516DDA299.e.6")
ui-tests	Run WebdriverIO E2E Local/Mocked Tests	2026-07-28T16:38:28.3611572Z [0-0] 2026-07-28T16:38:28.360Z INFO webdriver: [GET] http://localhost:43851/session/369e096de72670ea9d26ea4ad6bf68db/element/f.66B6263677988656C242FE807183C883.d.2A0D167F42A6E43AB0D8E56516DDA299.e.6/name
ui-tests	Run WebdriverIO E2E Local/Mocked Tests	2026-07-28T16:38:28.3687259Z [0-0] 2026-07-28T16:38:28.366Z INFO webdriver: RESULT h2
ui-tests	Run WebdriverIO E2E Local/Mocked Tests	2026-07-28T16:38:28.3698470Z [0-0] 2026-07-28T16:38:28.367Z INFO webdriver: BIDI COMMAND browsingContext.locateNodes {"locator":{"type":"css","value":"input[placeholder=\"/bin/zsh\"]"},"context":"66B6263677988656C242FE807183C883"}
ui-tests	Run WebdriverIO E2E Local/Mocked Tests	2026-07-28T16:38:28.3789246Z [0-0] 2026-07-28T16:38:28.377Z INFO webdriver: BIDI RESULT {"id":16,"result":{"nodes":[{"sharedId":"f.66B6263677988656C242FE807183C883.d.2A0D167F42A6E43AB0D8E56516DDA299.e.7","type":"node","value":{"attributes":{"class":"bg-zinc-800 text-zinc-200 text-sm rounded-md border border-zinc-700 px-3 py-1.5 focus:outline-none focus:border-blue-500 outline-none w-full max-w-xs","placeholder":"/bin/zsh","type":"text","value":"zsh"},"childNodeCount":0,"localName":"input","namespaceURI":"http://www.w3.org/1999/xhtml","nodeType":1,"shadowRoot":{"sharedId":"f.66B6263677988656C242FE807183C883.d.2A0D167F42A6E43AB0D8E56516DDA299.e.8","type":"node","value":{"childNodeCount":2,"mode":"closed","nodeType":11}}}}]},"type":"success"}
ui-tests	Run WebdriverIO E2E Local/Mocked Tests	2026-07-28T16:38:28.3839154Z [0-0] 2026-07-28T16:38:28.382Z INFO webdriver: BIDI COMMAND browsingContext.locateNodes {"locator":{"type":"css","value":"input[placeholder=\"/bin/zsh\"]"},"context":"66B6263677988656C242FE807183C883"}
ui-tests	Run WebdriverIO E2E Local/Mocked Tests	2026-07-28T16:38:28.3932081Z [0-0] 2026-07-28T16:38:28.389Z INFO webdriver: BIDI RESULT {"id":17,"result":{"nodes":[{"sharedId":"f.66B6263677988656C242FE807183C883.d.2A0D167F42A6E43AB0D8E56516DDA299.e.7","type":"node","value":{"attributes":{"class":"bg-zinc-800 text-zinc-200 text-sm rounded-md border border-zinc-700 px-3 py-1.5 focus:outline-none focus:border-blue-500 outline-none w-full max-w-xs","placeholder":"/bin/zsh","type":"text","value":"zsh"},"childNodeCount":0,"localName":"input","namespaceURI":"http://www.w3.org/1999/xhtml","nodeType":1,"shadowRoot":{"sharedId":"f.66B6263677988656C242FE807183C883.d.2A0D167F42A6E43AB0D8E56516DDA299.e.8","type":"node","value":{"childNodeCount":2,"mode":"closed","nodeType":11}}}}]},"type":"success"}
ui-tests	Run WebdriverIO E2E Local/Mocked Tests	2026-07-28T16:38:28.3938138Z [0-0] 2026-07-28T16:38:28.393Z INFO webdriver: COMMAND getElementTagName("f.66B6263677988656C242FE807183C883.d.2A0D167F42A6E43AB0D8E56516DDA299.e.7")
ui-tests	Run WebdriverIO E2E Local/Mocked Tests	2026-07-28T16:38:28.3942099Z [0-0] 2026-07-28T16:38:28.393Z INFO webdriver: [GET] http://localhost:43851/session/369e096de72670ea9d26ea4ad6bf68db/element/f.66B6263677988656C242FE807183C883.d.2A0D167F42A6E43AB0D8E56516DDA299.e.7/name
ui-tests	Run WebdriverIO E2E Local/Mocked Tests	2026-07-28T16:38:28.4005621Z [0-0] 2026-07-28T16:38:28.399Z INFO webdriver: RESULT input
ui-tests	Run WebdriverIO E2E Local/Mocked Tests	2026-07-28T16:38:28.4009775Z [0-0] 2026-07-28T16:38:28.400Z INFO webdriver: COMMAND elementClear("f.66B6263677988656C242FE807183C883.d.2A0D167F42A6E43AB0D8E56516DDA299.e.7")
ui-tests	Run WebdriverIO E2E Local/Mocked Tests	2026-07-28T16:38:28.4012603Z [0-0] 2026-07-28T16:38:28.400Z INFO webdriver: [POST] http://localhost:43851/session/369e096de72670ea9d26ea4ad6bf68db/element/f.66B6263677988656C242FE807183C883.d.2A0D167F42A6E43AB0D8E56516DDA299.e.7/clear
ui-tests	Run WebdriverIO E2E Local/Mocked Tests	2026-07-28T16:38:28.4014510Z [0-0] 2026-07-28T16:38:28.400Z INFO webdriver: DATA {}
ui-tests	Run WebdriverIO E2E Local/Mocked Tests	2026-07-28T16:38:28.4599398Z [0-0] 2026-07-28T16:38:28.459Z INFO webdriver: RESULT null
ui-tests	Run WebdriverIO E2E Local/Mocked Tests	2026-07-28T16:38:28.4610525Z [0-0] 2026-07-28T16:38:28.460Z INFO webdriver: COMMAND elementSendKeys("f.66B6263677988656C242FE807183C883.d.2A0D167F42A6E43AB0D8E56516DDA299.e.7", "<img src=x onerror=alert('xss-hacked')>")
ui-tests	Run WebdriverIO E2E Local/Mocked Tests	2026-07-28T16:38:28.4615215Z [0-0] 2026-07-28T16:38:28.460Z INFO webdriver: [POST] http://localhost:43851/session/369e096de72670ea9d26ea4ad6bf68db/element/f.66B6263677988656C242FE807183C883.d.2A0D167F42A6E43AB0D8E56516DDA299.e.7/value
ui-tests	Run WebdriverIO E2E Local/Mocked Tests	2026-07-28T16:38:28.4618119Z [0-0] 2026-07-28T16:38:28.461Z INFO webdriver: DATA {"text":"<img src=x onerror=alert('xss-hacked')>"}
ui-tests	Run WebdriverIO E2E Local/Mocked Tests	2026-07-28T16:38:28.7317896Z [0-0] 2026-07-28T16:38:28.729Z INFO webdriver: RESULT null
ui-tests	Run WebdriverIO E2E Local/Mocked Tests	2026-07-28T16:38:28.7331473Z [0-0] 2026-07-28T16:38:28.730Z INFO webdriver: COMMAND getElementProperty("f.66B6263677988656C242FE807183C883.d.2A0D167F42A6E43AB0D8E56516DDA299.e.7", "value")
ui-tests	Run WebdriverIO E2E Local/Mocked Tests	2026-07-28T16:38:28.7334517Z [0-0] 2026-07-28T16:38:28.730Z INFO webdriver: [GET] http://localhost:43851/session/369e096de72670ea9d26ea4ad6bf68db/element/f.66B6263677988656C242FE807183C883.d.2A0D167F42A6E43AB0D8E56516DDA299.e.7/property/value
ui-tests	Run WebdriverIO E2E Local/Mocked Tests	2026-07-28T16:38:28.7435948Z [0-0] 2026-07-28T16:38:28.743Z INFO webdriver: RESULT <img src=x onerror=alert('xss-hacked')>
ui-tests	Run WebdriverIO E2E Local/Mocked Tests	2026-07-28T16:38:28.7465332Z [0-0] 2026-07-28T16:38:28.746Z INFO webdriver: BIDI COMMAND browsingContext.navigate {"context":"66B6263677988656C242FE807183C883","url":"http://localhost:5173/","wait":"complete"}
ui-tests	Run WebdriverIO E2E Local/Mocked Tests	2026-07-28T16:38:28.8796099Z [0-0] 2026-07-28T16:38:28.878Z INFO webdriver: BIDI RESULT {"id":18,"result":{"navigation":"d6036788-5af7-4fd6-9e72-ce734e4357e1","url":"http://localhost:5173/"},"type":"success"}
ui-tests	Run WebdriverIO E2E Local/Mocked Tests	2026-07-28T16:38:28.8799364Z [0-0] 2026-07-28T16:38:28.878Z INFO webdriver: BIDI COMMAND browsingContext.locateNodes {"locator":{"type":"css","value":"#root"},"context":"66B6263677988656C242FE807183C883"}
ui-tests	Run WebdriverIO E2E Local/Mocked Tests	2026-07-28T16:38:28.9115453Z [0-0] 2026-07-28T16:38:28.910Z INFO webdriver: BIDI RESULT {"id":19,"result":{"nodes":[{"sharedId":"f.66B6263677988656C242FE807183C883.d.281652121DBBD0BB110509C909FFB74D.e.11","type":"node","value":{"attributes":{"id":"root"},"childNodeCount":1,"localName":"div","namespaceURI":"http://www.w3.org/1999/xhtml","nodeType":1,"shadowRoot":null}}]},"type":"success"}
ui-tests	Run WebdriverIO E2E Local/Mocked Tests	2026-07-28T16:38:28.9137710Z [0-0] 2026-07-28T16:38:28.913Z INFO webdriver: BIDI COMMAND browsingContext.locateNodes {"locator":{"type":"css","value":"#root"},"context":"66B6263677988656C242FE807183C883"}
ui-tests	Run WebdriverIO E2E Local/Mocked Tests	2026-07-28T16:38:28.9794366Z [0-0] 2026-07-28T16:38:28.978Z INFO webdriver: BIDI RESULT {"id":20,"result":{"nodes":[{"sharedId":"f.66B6263677988656C242FE807183C883.d.281652121DBBD0BB110509C909FFB74D.e.11","type":"node","value":{"attributes":{"id":"root"},"childNodeCount":1,"localName":"div","namespaceURI":"http://www.w3.org/1999/xhtml","nodeType":1,"shadowRoot":null}}]},"type":"success"}
ui-tests	Run WebdriverIO E2E Local/Mocked Tests	2026-07-28T16:38:28.9819344Z [0-0] 2026-07-28T16:38:28.981Z INFO webdriver: COMMAND getElementTagName("f.66B6263677988656C242FE807183C883.d.281652121DBBD0BB110509C909FFB74D.e.11")
ui-tests	Run WebdriverIO E2E Local/Mocked Tests	2026-07-28T16:38:28.9825860Z [0-0] 2026-07-28T16:38:28.981Z INFO webdriver: [GET] http://localhost:43851/session/369e096de72670ea9d26ea4ad6bf68db/element/f.66B6263677988656C242FE807183C883.d.281652121DBBD0BB110509C909FFB74D.e.11/name
ui-tests	Run WebdriverIO E2E Local/Mocked Tests	2026-07-28T16:38:28.9875121Z [0-0] 2026-07-28T16:38:28.987Z INFO webdriver: RESULT div
ui-tests	Run WebdriverIO E2E Local/Mocked Tests	2026-07-28T16:38:28.9881145Z [0-0] 2026-07-28T16:38:28.987Z INFO webdriver: BIDI COMMAND script.callFunction {"functionDeclaration":"<Function[530 bytes] anonymous>","awaitPromise":true,"arguments":[],"target":{"context":"66B6263677988656C242FE807183C883"}}
ui-tests	Run WebdriverIO E2E Local/Mocked Tests	2026-07-28T16:38:29.1265173Z [0-0] 2026-07-28T16:38:29.125Z INFO webdriver: BIDI RESULT {"id":21,"result":{"realm":"-5963933872849849817.7765607339487955603","result":{"type":"object","value":[["success",{"type":"boolean","value":false}],["message",{"type":"string","value":"Failed to fetch"}]]},"type":"success"},"type":"success"}
ui-tests	Run WebdriverIO E2E Local/Mocked Tests	2026-07-28T16:38:29.1292340Z [0-0] 2026-07-28T16:38:29.128Z INFO webdriver: COMMAND deleteSession()
ui-tests	Run WebdriverIO E2E Local/Mocked Tests	2026-07-28T16:38:29.1296785Z [0-0] 2026-07-28T16:38:29.129Z INFO webdriver: [DELETE] http://localhost:43851/session/369e096de72670ea9d26ea4ad6bf68db
ui-tests	Run WebdriverIO E2E Local/Mocked Tests	2026-07-28T16:38:29.1845641Z [0-0] 2026-07-28T16:38:29.184Z INFO webdriver: RESULT null
ui-tests	Run WebdriverIO E2E Local/Mocked Tests	2026-07-28T16:38:29.1847558Z [0-0] 2026-07-28T16:38:29.184Z INFO webdriver: Close Bidi connection to ws://127.0.0.1:43851/session/369e096de72670ea9d26ea4ad6bf68db
ui-tests	Run WebdriverIO E2E Local/Mocked Tests	2026-07-28T16:38:29.1853906Z [0-0] 2026-07-28T16:38:29.185Z INFO webdriver: Kill driver process with PID 2556
ui-tests	Run WebdriverIO E2E Local/Mocked Tests	2026-07-28T16:38:29.3114680Z [0-0] PASSED in chrome - file:///tests/e2e/security.spec.ts
ui-tests	Run WebdriverIO E2E Local/Mocked Tests	2026-07-28T16:38:29.3115545Z 2026-07-28T16:38:29.311Z INFO @wdio/cli:launcher: Run onWorkerEnd hook
ui-tests	Run WebdriverIO E2E Local/Mocked Tests	2026-07-28T16:38:29.3118235Z 2026-07-28T16:38:29.311Z INFO @wdio/cli:launcher: Run onWorkerStart hook
ui-tests	Run WebdriverIO E2E Local/Mocked Tests	2026-07-28T16:38:29.3125113Z 2026-07-28T16:38:29.312Z INFO @wdio/local-runner: Start worker 0-1 with arg: run wdio.conf.ts
ui-tests	Run WebdriverIO E2E Local/Mocked Tests	2026-07-28T16:38:29.3171368Z 2026-07-28T16:38:29.316Z INFO @wdio/xvfb:ProcessFactory: xvfb-run found in PATH
ui-tests	Run WebdriverIO E2E Local/Mocked Tests	2026-07-28T16:38:29.3172656Z 2026-07-28T16:38:29.317Z INFO @wdio/xvfb:ProcessFactory: ProcessFactory: shouldRun=true, isAvailable=true
ui-tests	Run WebdriverIO E2E Local/Mocked Tests	2026-07-28T16:38:29.3174155Z 2026-07-28T16:38:29.317Z INFO @wdio/xvfb:ProcessFactory: Creating worker process with xvfb-run wrapper and retry logic
ui-tests	Run WebdriverIO E2E Local/Mocked Tests	2026-07-28T16:38:29.3175668Z 2026-07-28T16:38:29.317Z INFO @wdio/xvfb: 🚀 Executing xvfb worker process creation
ui-tests	Run WebdriverIO E2E Local/Mocked Tests	2026-07-28T16:38:30.0887950Z [0-1] 2026-07-28T16:38:30.084Z INFO @wdio/local-runner: Run worker command: run
ui-tests	Run WebdriverIO E2E Local/Mocked Tests	2026-07-28T16:38:30.3289878Z [0-1] RUNNING in chrome - file:///tests/e2e/smoke.spec.ts
ui-tests	Run WebdriverIO E2E Local/Mocked Tests	2026-07-28T16:38:30.3300283Z [0-1] 2026-07-28T16:38:30.329Z INFO webdriver: Initiate new session using the WebDriver protocol
ui-tests	Run WebdriverIO E2E Local/Mocked Tests	2026-07-28T16:38:30.5272976Z [0-1] 2026-07-28T16:38:30.526Z INFO webdriver: Using pre-installed chrome v150.0.7871.128 from /usr/bin/google-chrome
ui-tests	Run WebdriverIO E2E Local/Mocked Tests	2026-07-28T16:38:30.5284082Z [0-1] 2026-07-28T16:38:30.528Z INFO webdriver: Using Chromedriver v150.0.7871.128 from cache directory /tmp
ui-tests	Run WebdriverIO E2E Local/Mocked Tests	2026-07-28T16:38:30.5428983Z [0-1] 2026-07-28T16:38:30.542Z INFO chromedriver: Starting ChromeDriver 150.0.7871.128 (81891e5ca708047763816c778216799ef14c66cb-refs/branch-heads/7871_124@{#9}) on port 38995
ui-tests	Run WebdriverIO E2E Local/Mocked Tests	2026-07-28T16:38:30.5431400Z [0-1] 2026-07-28T16:38:30.542Z INFO chromedriver: Remote connections are allowed by an allowlist (0.0.0.0).
ui-tests	Run WebdriverIO E2E Local/Mocked Tests	2026-07-28T16:38:30.5433768Z [0-1] 2026-07-28T16:38:30.542Z INFO chromedriver: Please see https://chromedriver.chromium.org/security-considerations for suggestions on keeping ChromeDriver safe.
ui-tests	Run WebdriverIO E2E Local/Mocked Tests	2026-07-28T16:38:30.5435937Z [0-1] 2026-07-28T16:38:30.542Z INFO chromedriver: ChromeDriver was started successfully on port 38995.
ui-tests	Run WebdriverIO E2E Local/Mocked Tests	2026-07-28T16:38:30.5438756Z [0-1] 2026-07-28T16:38:30.543Z INFO @wdio/utils: Started Chromedriver v150.0.7871.128 with params --port=38995 --allowed-origins=* --allowed-ips=0.0.0.0 in 60ms on port 38995
ui-tests	Run WebdriverIO E2E Local/Mocked Tests	2026-07-28T16:38:30.5458538Z [0-1] 2026-07-28T16:38:30.545Z INFO webdriver: [POST] http://localhost:38995/session
ui-tests	Run WebdriverIO E2E Local/Mocked Tests	2026-07-28T16:38:30.9396704Z [0-1] 2026-07-28T16:38:30.939Z INFO webdriver: Register BiDi handler for session with id 895d9a0049579e8b531f89878781e2e3
ui-tests	Run WebdriverIO E2E Local/Mocked Tests	2026-07-28T16:38:30.9400546Z [0-1] 2026-07-28T16:38:30.939Z INFO webdriver: Connecting to webSocketUrl ws://127.0.0.1:38995/session/895d9a0049579e8b531f89878781e2e3
ui-tests	Run WebdriverIO E2E Local/Mocked Tests	2026-07-28T16:38:30.9556529Z [0-1] 2026-07-28T16:38:30.955Z INFO webdriver: Connected to Bidi protocol at ws://127.0.0.1:38995/session/895d9a0049579e8b531f89878781e2e3
ui-tests	Run WebdriverIO E2E Local/Mocked Tests	2026-07-28T16:38:30.9565312Z [0-1] 2026-07-28T16:38:30.955Z INFO webdriver: Connected to WebDriver Bidi interface at ws://127.0.0.1:38995/session/895d9a0049579e8b531f89878781e2e3
ui-tests	Run WebdriverIO E2E Local/Mocked Tests	2026-07-28T16:38:30.9581722Z [0-1] 2026-07-28T16:38:30.957Z INFO webdriver: COMMAND getWindowHandle()
ui-tests	Run WebdriverIO E2E Local/Mocked Tests	2026-07-28T16:38:30.9588201Z [0-1] 2026-07-28T16:38:30.958Z INFO webdriver: BIDI COMMAND browsingContext.getTree {}
ui-tests	Run WebdriverIO E2E Local/Mocked Tests	2026-07-28T16:38:30.9601977Z [0-1] 2026-07-28T16:38:30.959Z INFO webdriver: BIDI COMMAND session.subscribe {"events":["browsingContext.contextCreated"]}
ui-tests	Run WebdriverIO E2E Local/Mocked Tests	2026-07-28T16:38:30.9605036Z [0-1] 2026-07-28T16:38:30.960Z INFO webdriver: BIDI COMMAND session.subscribe {"events":["log.entryAdded","browsingContext.navigationStarted"]}
ui-tests	Run WebdriverIO E2E Local/Mocked Tests	2026-07-28T16:38:30.9607925Z [0-1] 2026-07-28T16:38:30.960Z INFO webdriver: BIDI COMMAND script.addPreloadScript { functionDeclaration: <PreloadScript[1319 bytes]>, contexts: undefined }
ui-tests	Run WebdriverIO E2E Local/Mocked Tests	2026-07-28T16:38:30.9612886Z [0-1] 2026-07-28T16:38:30.960Z INFO webdriver: BIDI COMMAND session.subscribe {"events":["browsingContext.navigationStarted","browsingContext.fragmentNavigated","network.responseCompleted","network.beforeRequestSent","network.fetchError"]}
ui-tests	Run WebdriverIO E2E Local/Mocked Tests	2026-07-28T16:38:30.9615962Z [0-1] 2026-07-28T16:38:30.961Z INFO webdriver: BIDI COMMAND session.subscribe {"events":["browsingContext.userPromptOpened"]}
ui-tests	Run WebdriverIO E2E Local/Mocked Tests	2026-07-28T16:38:30.9618495Z [0-1] 2026-07-28T16:38:30.961Z INFO webdriver: BIDI COMMAND session.subscribe {"events":["browsingContext.navigationStarted"]}
ui-tests	Run WebdriverIO E2E Local/Mocked Tests	2026-07-28T16:38:30.9620524Z [0-1] 2026-07-28T16:38:30.961Z INFO webdriver: [GET] http://localhost:38995/session/895d9a0049579e8b531f89878781e2e3/window
ui-tests	Run WebdriverIO E2E Local/Mocked Tests	2026-07-28T16:38:30.9689709Z [0-1] 2026-07-28T16:38:30.966Z INFO webdriver: RESULT DD27C5CFB8871B47C8087AD3376D6F9B
ui-tests	Run WebdriverIO E2E Local/Mocked Tests	2026-07-28T16:38:30.9704835Z [0-1] 2026-07-28T16:38:30.969Z INFO webdriver: BIDI RESULT {"id":1,"result":{"contexts":[{"children":[],"clientWindow":"710344019","context":"DD27C5CFB8871B47C8087AD3376D6F9B","originalOpener":null,"parent":null,"url":"about:blank","userContext":"default"}]},"type":"success"}
ui-tests	Run WebdriverIO E2E Local/Mocked Tests	2026-07-28T16:38:30.9713675Z [0-1] 2026-07-28T16:38:30.969Z INFO webdriverio:PolyfillManager: Adding polyfill script to context with id DD27C5CFB8871B47C8087AD3376D6F9B
ui-tests	Run WebdriverIO E2E Local/Mocked Tests	2026-07-28T16:38:30.9719827Z [0-1] 2026-07-28T16:38:30.970Z INFO webdriver: BIDI COMMAND script.callFunction {"functionDeclaration":"<Function[443 bytes] webdriverioPolyfill>","target":{"children":[],"clientWindow":"710344019","context":"DD27C5CFB8871B47C8087AD3376D6F9B","originalOpener":null,"parent":null,"url":"about:blank","userContext":"default"},"awaitPromise":false}
ui-tests	Run WebdriverIO E2E Local/Mocked Tests	2026-07-28T16:38:30.9725413Z [0-1] 2026-07-28T16:38:30.970Z INFO webdriver: BIDI COMMAND script.addPreloadScript { functionDeclaration: <PreloadScript[443 bytes]>, contexts: ["DD27C5CFB8871B47C8087AD3376D6F9B"] }
ui-tests	Run WebdriverIO E2E Local/Mocked Tests	2026-07-28T16:38:30.9750178Z [0-1] 2026-07-28T16:38:30.974Z INFO webdriver: BIDI RESULT {"id":2,"result":{"subscription":"18e96d4a-8a02-4e6c-bd9c-2b1b631b7d1e"},"type":"success"}
ui-tests	Run WebdriverIO E2E Local/Mocked Tests	2026-07-28T16:38:30.9757108Z [0-1] 2026-07-28T16:38:30.975Z INFO webdriver: BIDI RESULT {"id":3,"result":{"subscription":"713c3ed1-0e3e-4170-8bca-ba5fc2c0d1f6"},"type":"success"}
ui-tests	Run WebdriverIO E2E Local/Mocked Tests	2026-07-28T16:38:30.9760771Z [0-1] 2026-07-28T16:38:30.975Z INFO webdriver: BIDI RESULT {"id":4,"result":{"script":"19fc93f9-62e7-4122-b8a9-f741b3e3fb44"},"type":"success"}
ui-tests	Run WebdriverIO E2E Local/Mocked Tests	2026-07-28T16:38:30.9764390Z [0-1] 2026-07-28T16:38:30.976Z INFO webdriver: BIDI RESULT {"id":5,"result":{"subscription":"e471f10f-595a-494f-99d4-4b8ef7bb04a8"},"type":"success"}
ui-tests	Run WebdriverIO E2E Local/Mocked Tests	2026-07-28T16:38:30.9776853Z [0-1] 2026-07-28T16:38:30.976Z INFO webdriver: BIDI RESULT {"id":6,"result":{"subscription":"5c115a7e-857b-4300-bfc3-df7aed041644"},"type":"success"}
ui-tests	Run WebdriverIO E2E Local/Mocked Tests	2026-07-28T16:38:30.9779016Z [0-1] 2026-07-28T16:38:30.977Z INFO webdriver: BIDI RESULT {"id":7,"result":{"subscription":"a93a62c3-71bf-46e5-996c-35b85ad7552c"},"type":"success"}
ui-tests	Run WebdriverIO E2E Local/Mocked Tests	2026-07-28T16:38:30.9793876Z [0-1] 2026-07-28T16:38:30.979Z INFO webdriver: BIDI RESULT {"id":8,"result":{"realm":"190805188586082870.624957554068132312","result":{"type":"undefined"},"type":"success"},"type":"success"}
ui-tests	Run WebdriverIO E2E Local/Mocked Tests	2026-07-28T16:38:30.9812327Z [0-1] 2026-07-28T16:38:30.979Z INFO webdriver: BIDI RESULT {"id":9,"result":{"script":"b20a6d3a-d7c8-4527-9df1-77022ca89691"},"type":"success"}
ui-tests	Run WebdriverIO E2E Local/Mocked Tests	2026-07-28T16:38:30.9891624Z [0-1] 2026-07-28T16:38:30.988Z INFO webdriver: BIDI COMMAND browsingContext.navigate {"context":"DD27C5CFB8871B47C8087AD3376D6F9B","url":"http://localhost:5173/","wait":"complete"}
ui-tests	Run WebdriverIO E2E Local/Mocked Tests	2026-07-28T16:38:31.4168863Z [0-1] 2026-07-28T16:38:31.415Z INFO webdriver: BIDI RESULT {"id":10,"result":{"navigation":"ca4458d8-9f51-425b-86ff-0baed1fcd9a1","url":"http://localhost:5173/"},"type":"success"}
ui-tests	Run WebdriverIO E2E Local/Mocked Tests	2026-07-28T16:38:31.4214297Z [0-1] 2026-07-28T16:38:31.421Z INFO webdriver: BIDI COMMAND browsingContext.locateNodes {"locator":{"type":"css","value":"#root"},"context":"DD27C5CFB8871B47C8087AD3376D6F9B"}
ui-tests	Run WebdriverIO E2E Local/Mocked Tests	2026-07-28T16:38:31.4523464Z [0-1] 2026-07-28T16:38:31.450Z INFO webdriver: BIDI RESULT {"id":11,"result":{"nodes":[{"sharedId":"f.DD27C5CFB8871B47C8087AD3376D6F9B.d.10DFDA7AAAD976AB5D5904CAC3DAE847.e.2","type":"node","value":{"attributes":{"id":"root"},"childNodeCount":1,"localName":"div","namespaceURI":"http://www.w3.org/1999/xhtml","nodeType":1,"shadowRoot":null}}]},"type":"success"}
ui-tests	Run WebdriverIO E2E Local/Mocked Tests	2026-07-28T16:38:31.4668783Z [0-1] 2026-07-28T16:38:31.465Z INFO webdriver: BIDI COMMAND browsingContext.locateNodes {"locator":{"type":"css","value":"#root"},"context":"DD27C5CFB8871B47C8087AD3376D6F9B"}
ui-tests	Run WebdriverIO E2E Local/Mocked Tests	2026-07-28T16:38:31.5659790Z [0-1] 2026-07-28T16:38:31.565Z INFO webdriver: BIDI RESULT {"id":12,"result":{"nodes":[{"sharedId":"f.DD27C5CFB8871B47C8087AD3376D6F9B.d.10DFDA7AAAD976AB5D5904CAC3DAE847.e.2","type":"node","value":{"attributes":{"id":"root"},"childNodeCount":1,"localName":"div","namespaceURI":"http://www.w3.org/1999/xhtml","nodeType":1,"shadowRoot":null}}]},"type":"success"}
ui-tests	Run WebdriverIO E2E Local/Mocked Tests	2026-07-28T16:38:31.5719228Z [0-1] 2026-07-28T16:38:31.571Z INFO webdriver: COMMAND getElementTagName("f.DD27C5CFB8871B47C8087AD3376D6F9B.d.10DFDA7AAAD976AB5D5904CAC3DAE847.e.2")
ui-tests	Run WebdriverIO E2E Local/Mocked Tests	2026-07-28T16:38:31.5721816Z [0-1] 2026-07-28T16:38:31.571Z INFO webdriver: [GET] http://localhost:38995/session/895d9a0049579e8b531f89878781e2e3/element/f.DD27C5CFB8871B47C8087AD3376D6F9B.d.10DFDA7AAAD976AB5D5904CAC3DAE847.e.2/name
ui-tests	Run WebdriverIO E2E Local/Mocked Tests	2026-07-28T16:38:31.5788062Z [0-1] 2026-07-28T16:38:31.578Z INFO webdriver: RESULT div
ui-tests	Run WebdriverIO E2E Local/Mocked Tests	2026-07-28T16:38:31.5793680Z [0-1] 2026-07-28T16:38:31.579Z INFO webdriver: COMMAND getTitle()
ui-tests	Run WebdriverIO E2E Local/Mocked Tests	2026-07-28T16:38:31.5796457Z [0-1] 2026-07-28T16:38:31.579Z INFO webdriver: [GET] http://localhost:38995/session/895d9a0049579e8b531f89878781e2e3/title
ui-tests	Run WebdriverIO E2E Local/Mocked Tests	2026-07-28T16:38:31.5844224Z [0-1] 2026-07-28T16:38:31.584Z INFO webdriver: RESULT somaterm
ui-tests	Run WebdriverIO E2E Local/Mocked Tests	2026-07-28T16:38:31.5890947Z [0-1] 2026-07-28T16:38:31.588Z INFO webdriver: COMMAND deleteSession()
ui-tests	Run WebdriverIO E2E Local/Mocked Tests	2026-07-28T16:38:31.5893612Z [0-1] 2026-07-28T16:38:31.589Z INFO webdriver: [DELETE] http://localhost:38995/session/895d9a0049579e8b531f89878781e2e3
ui-tests	Run WebdriverIO E2E Local/Mocked Tests	2026-07-28T16:38:31.6451838Z [0-1] 2026-07-28T16:38:31.644Z INFO webdriver: RESULT null
ui-tests	Run WebdriverIO E2E Local/Mocked Tests	2026-07-28T16:38:31.6453703Z [0-1] 2026-07-28T16:38:31.644Z INFO webdriver: Close Bidi connection to ws://127.0.0.1:38995/session/895d9a0049579e8b531f89878781e2e3
ui-tests	Run WebdriverIO E2E Local/Mocked Tests	2026-07-28T16:38:31.6459106Z [0-1] 2026-07-28T16:38:31.645Z INFO webdriver: Kill driver process with PID 2728
ui-tests	Run WebdriverIO E2E Local/Mocked Tests	2026-07-28T16:38:31.7723273Z [0-1] PASSED in chrome - file:///tests/e2e/smoke.spec.ts
ui-tests	Run WebdriverIO E2E Local/Mocked Tests	2026-07-28T16:38:31.7724304Z 2026-07-28T16:38:31.772Z INFO @wdio/cli:launcher: Run onWorkerEnd hook
ui-tests	Run WebdriverIO E2E Local/Mocked Tests	2026-07-28T16:38:31.7725268Z 2026-07-28T16:38:31.772Z INFO @wdio/cli:launcher: Run onWorkerStart hook
ui-tests	Run WebdriverIO E2E Local/Mocked Tests	2026-07-28T16:38:31.7738520Z 2026-07-28T16:38:31.773Z INFO @wdio/local-runner: Start worker 0-2 with arg: run wdio.conf.ts
ui-tests	Run WebdriverIO E2E Local/Mocked Tests	2026-07-28T16:38:31.7780027Z 2026-07-28T16:38:31.777Z INFO @wdio/xvfb:ProcessFactory: xvfb-run found in PATH
ui-tests	Run WebdriverIO E2E Local/Mocked Tests	2026-07-28T16:38:31.7781318Z 2026-07-28T16:38:31.777Z INFO @wdio/xvfb:ProcessFactory: ProcessFactory: shouldRun=true, isAvailable=true
ui-tests	Run WebdriverIO E2E Local/Mocked Tests	2026-07-28T16:38:31.7782816Z 2026-07-28T16:38:31.777Z INFO @wdio/xvfb:ProcessFactory: Creating worker process with xvfb-run wrapper and retry logic
ui-tests	Run WebdriverIO E2E Local/Mocked Tests	2026-07-28T16:38:31.7784194Z 2026-07-28T16:38:31.777Z INFO @wdio/xvfb: 🚀 Executing xvfb worker process creation
ui-tests	Run WebdriverIO E2E Local/Mocked Tests	2026-07-28T16:38:32.5415897Z [0-2] 2026-07-28T16:38:32.535Z INFO @wdio/local-runner: Run worker command: run
ui-tests	Run WebdriverIO E2E Local/Mocked Tests	2026-07-28T16:38:32.7954847Z [0-2] RUNNING in chrome - file:///tests/e2e/storage.spec.ts
ui-tests	Run WebdriverIO E2E Local/Mocked Tests	2026-07-28T16:38:32.7963099Z [0-2] 2026-07-28T16:38:32.796Z INFO webdriver: Initiate new session using the WebDriver protocol
ui-tests	Run WebdriverIO E2E Local/Mocked Tests	2026-07-28T16:38:33.0025144Z [0-2] 2026-07-28T16:38:33.002Z INFO webdriver: Using pre-installed chrome v150.0.7871.128 from /usr/bin/google-chrome
ui-tests	Run WebdriverIO E2E Local/Mocked Tests	2026-07-28T16:38:33.0036519Z [0-2] 2026-07-28T16:38:33.003Z INFO webdriver: Using Chromedriver v150.0.7871.128 from cache directory /tmp
ui-tests	Run WebdriverIO E2E Local/Mocked Tests	2026-07-28T16:38:33.0185058Z [0-2] 2026-07-28T16:38:33.017Z INFO chromedriver: Starting ChromeDriver 150.0.7871.128 (81891e5ca708047763816c778216799ef14c66cb-refs/branch-heads/7871_124@{#9}) on port 44415
ui-tests	Run WebdriverIO E2E Local/Mocked Tests	2026-07-28T16:38:33.0186632Z [0-2] 2026-07-28T16:38:33.017Z INFO chromedriver: Remote connections are allowed by an allowlist (0.0.0.0).
ui-tests	Run WebdriverIO E2E Local/Mocked Tests	2026-07-28T16:38:33.0188534Z [0-2] 2026-07-28T16:38:33.018Z INFO chromedriver: Please see https://chromedriver.chromium.org/security-considerations for suggestions on keeping ChromeDriver safe.
ui-tests	Run WebdriverIO E2E Local/Mocked Tests	2026-07-28T16:38:33.0189569Z [0-2] 2026-07-28T16:38:33.018Z INFO chromedriver: ChromeDriver was started successfully on port 44415.
ui-tests	Run WebdriverIO E2E Local/Mocked Tests	2026-07-28T16:38:33.0206075Z [0-2] 2026-07-28T16:38:33.018Z INFO @wdio/utils: Started Chromedriver v150.0.7871.128 with params --port=44415 --allowed-origins=* --allowed-ips=0.0.0.0 in 60ms on port 44415
ui-tests	Run WebdriverIO E2E Local/Mocked Tests	2026-07-28T16:38:33.0225408Z [0-2] 2026-07-28T16:38:33.022Z INFO webdriver: [POST] http://localhost:44415/session
ui-tests	Run WebdriverIO E2E Local/Mocked Tests	2026-07-28T16:38:33.5314377Z [0-2] 2026-07-28T16:38:33.530Z INFO webdriver: Register BiDi handler for session with id 3a7c5565214f697ee4aa72230f1d206f
ui-tests	Run WebdriverIO E2E Local/Mocked Tests	2026-07-28T16:38:33.5317713Z [0-2] 2026-07-28T16:38:33.531Z INFO webdriver: Connecting to webSocketUrl ws://127.0.0.1:44415/session/3a7c5565214f697ee4aa72230f1d206f
ui-tests	Run WebdriverIO E2E Local/Mocked Tests	2026-07-28T16:38:33.5451112Z [0-2] 2026-07-28T16:38:33.544Z INFO webdriver: Connected to Bidi protocol at ws://127.0.0.1:44415/session/3a7c5565214f697ee4aa72230f1d206f
ui-tests	Run WebdriverIO E2E Local/Mocked Tests	2026-07-28T16:38:33.5453618Z [0-2] 2026-07-28T16:38:33.544Z INFO webdriver: Connected to WebDriver Bidi interface at ws://127.0.0.1:44415/session/3a7c5565214f697ee4aa72230f1d206f
ui-tests	Run WebdriverIO E2E Local/Mocked Tests	2026-07-28T16:38:33.5465191Z [0-2] 2026-07-28T16:38:33.546Z INFO webdriver: COMMAND getWindowHandle()
ui-tests	Run WebdriverIO E2E Local/Mocked Tests	2026-07-28T16:38:33.5472493Z [0-2] 2026-07-28T16:38:33.547Z INFO webdriver: BIDI COMMAND browsingContext.getTree {}
ui-tests	Run WebdriverIO E2E Local/Mocked Tests	2026-07-28T16:38:33.5485625Z [0-2] 2026-07-28T16:38:33.548Z INFO webdriver: BIDI COMMAND session.subscribe {"events":["browsingContext.contextCreated"]}
ui-tests	Run WebdriverIO E2E Local/Mocked Tests	2026-07-28T16:38:33.5492581Z [0-2] 2026-07-28T16:38:33.548Z INFO webdriver: BIDI COMMAND session.subscribe {"events":["log.entryAdded","browsingContext.navigationStarted"]}
ui-tests	Run WebdriverIO E2E Local/Mocked Tests	2026-07-28T16:38:33.5496133Z [0-2] 2026-07-28T16:38:33.548Z INFO webdriver: BIDI COMMAND script.addPreloadScript { functionDeclaration: <PreloadScript[1319 bytes]>, contexts: undefined }
ui-tests	Run WebdriverIO E2E Local/Mocked Tests	2026-07-28T16:38:33.5499202Z [0-2] 2026-07-28T16:38:33.549Z INFO webdriver: BIDI COMMAND session.subscribe {"events":["browsingContext.navigationStarted","browsingContext.fragmentNavigated","network.responseCompleted","network.beforeRequestSent","network.fetchError"]}
ui-tests	Run WebdriverIO E2E Local/Mocked Tests	2026-07-28T16:38:33.5502604Z [0-2] 2026-07-28T16:38:33.549Z INFO webdriver: BIDI COMMAND session.subscribe {"events":["browsingContext.userPromptOpened"]}
ui-tests	Run WebdriverIO E2E Local/Mocked Tests	2026-07-28T16:38:33.5504391Z [0-2] 2026-07-28T16:38:33.549Z INFO webdriver: BIDI COMMAND session.subscribe {"events":["browsingContext.navigationStarted"]}
ui-tests	Run WebdriverIO E2E Local/Mocked Tests	2026-07-28T16:38:33.5506500Z [0-2] 2026-07-28T16:38:33.549Z INFO webdriver: [GET] http://localhost:44415/session/3a7c5565214f697ee4aa72230f1d206f/window
ui-tests	Run WebdriverIO E2E Local/Mocked Tests	2026-07-28T16:38:33.5551097Z [0-2] 2026-07-28T16:38:33.554Z INFO webdriver: RESULT 5AF858D8BD04C9207FCFB46F0BB078A3
ui-tests	Run WebdriverIO E2E Local/Mocked Tests	2026-07-28T16:38:33.5615797Z [0-2] 2026-07-28T16:38:33.559Z INFO webdriver: BIDI RESULT {"id":1,"result":{"contexts":[{"children":[],"clientWindow":"1219469942","context":"5AF858D8BD04C9207FCFB46F0BB078A3","originalOpener":null,"parent":null,"url":"about:blank","userContext":"default"}]},"type":"success"}
ui-tests	Run WebdriverIO E2E Local/Mocked Tests	2026-07-28T16:38:33.5619583Z [0-2] 2026-07-28T16:38:33.561Z INFO webdriverio:PolyfillManager: Adding polyfill script to context with id 5AF858D8BD04C9207FCFB46F0BB078A3
ui-tests	Run WebdriverIO E2E Local/Mocked Tests	2026-07-28T16:38:33.5633237Z [0-2] 2026-07-28T16:38:33.562Z INFO webdriver: BIDI COMMAND script.callFunction {"functionDeclaration":"<Function[443 bytes] webdriverioPolyfill>","target":{"children":[],"clientWindow":"1219469942","context":"5AF858D8BD04C9207FCFB46F0BB078A3","originalOpener":null,"parent":null,"url":"about:blank","userContext":"default"},"awaitPromise":false}
ui-tests	Run WebdriverIO E2E Local/Mocked Tests	2026-07-28T16:38:33.5637641Z [0-2] 2026-07-28T16:38:33.563Z INFO webdriver: BIDI COMMAND script.addPreloadScript { functionDeclaration: <PreloadScript[443 bytes]>, contexts: ["5AF858D8BD04C9207FCFB46F0BB078A3"] }
ui-tests	Run WebdriverIO E2E Local/Mocked Tests	2026-07-28T16:38:33.5664371Z [0-2] 2026-07-28T16:38:33.566Z INFO webdriver: BIDI RESULT {"id":2,"result":{"subscription":"78c6b7b0-c950-41c0-9ccd-06caed1da3c9"},"type":"success"}
ui-tests	Run WebdriverIO E2E Local/Mocked Tests	2026-07-28T16:38:33.5685762Z [0-2] 2026-07-28T16:38:33.567Z INFO webdriver: BIDI RESULT {"id":3,"result":{"subscription":"9c411c42-a3b6-4006-bc12-12b3bec3175e"},"type":"success"}
ui-tests	Run WebdriverIO E2E Local/Mocked Tests	2026-07-28T16:38:33.5688446Z [0-2] 2026-07-28T16:38:33.568Z INFO webdriver: BIDI RESULT {"id":4,"result":{"script":"08c49ceb-1738-4ab1-9b0f-aa71527c1c75"},"type":"success"}
ui-tests	Run WebdriverIO E2E Local/Mocked Tests	2026-07-28T16:38:33.5691962Z [0-2] 2026-07-28T16:38:33.568Z INFO webdriver: BIDI RESULT {"id":5,"result":{"subscription":"99af1df2-cb2f-40ec-b131-8fdc25da5b88"},"type":"success"}
ui-tests	Run WebdriverIO E2E Local/Mocked Tests	2026-07-28T16:38:33.5695449Z [0-2] 2026-07-28T16:38:33.569Z INFO webdriver: BIDI RESULT {"id":6,"result":{"subscription":"e933db60-959e-4b2b-bf0e-559a71fa4679"},"type":"success"}
ui-tests	Run WebdriverIO E2E Local/Mocked Tests	2026-07-28T16:38:33.5698768Z [0-2] 2026-07-28T16:38:33.569Z INFO webdriver: BIDI RESULT {"id":7,"result":{"subscription":"091ac4bd-acdb-4279-8b4c-6261fed57f83"},"type":"success"}
ui-tests	Run WebdriverIO E2E Local/Mocked Tests	2026-07-28T16:38:33.5720079Z [0-2] 2026-07-28T16:38:33.571Z INFO webdriver: BIDI RESULT {"id":8,"result":{"realm":"2396789084586546677.-7158270574610082942","result":{"type":"undefined"},"type":"success"},"type":"success"}
ui-tests	Run WebdriverIO E2E Local/Mocked Tests	2026-07-28T16:38:33.5738628Z [0-2] 2026-07-28T16:38:33.573Z INFO webdriver: BIDI RESULT {"id":9,"result":{"script":"632713eb-3967-46a4-9adc-5248efc946f2"},"type":"success"}
ui-tests	Run WebdriverIO E2E Local/Mocked Tests	2026-07-28T16:38:33.5867221Z [0-2] 2026-07-28T16:38:33.585Z INFO webdriver: BIDI COMMAND browsingContext.navigate {"context":"5AF858D8BD04C9207FCFB46F0BB078A3","url":"http://localhost:5173/","wait":"complete"}
ui-tests	Run WebdriverIO E2E Local/Mocked Tests	2026-07-28T16:38:34.0753640Z [0-2] 2026-07-28T16:38:34.074Z INFO webdriver: BIDI RESULT {"id":10,"result":{"navigation":"facaf03a-157b-410d-b127-8596a5c9d5a8","url":"http://localhost:5173/"},"type":"success"}
ui-tests	Run WebdriverIO E2E Local/Mocked Tests	2026-07-28T16:38:34.0815700Z [0-2] 2026-07-28T16:38:34.077Z INFO webdriver: BIDI COMMAND browsingContext.locateNodes {"locator":{"type":"css","value":"#root"},"context":"5AF858D8BD04C9207FCFB46F0BB078A3"}
ui-tests	Run WebdriverIO E2E Local/Mocked Tests	2026-07-28T16:38:34.1059578Z [0-2] 2026-07-28T16:38:34.105Z INFO webdriver: BIDI RESULT {"id":11,"result":{"nodes":[{"sharedId":"f.5AF858D8BD04C9207FCFB46F0BB078A3.d.EB46FCF42A3CF8F531A49E995354BA2D.e.2","type":"node","value":{"attributes":{"id":"root"},"childNodeCount":1,"localName":"div","namespaceURI":"http://www.w3.org/1999/xhtml","nodeType":1,"shadowRoot":null}}]},"type":"success"}
ui-tests	Run WebdriverIO E2E Local/Mocked Tests	2026-07-28T16:38:34.1160503Z [0-2] 2026-07-28T16:38:34.114Z INFO webdriver: BIDI COMMAND browsingContext.locateNodes {"locator":{"type":"css","value":"#root"},"context":"5AF858D8BD04C9207FCFB46F0BB078A3"}
ui-tests	Run WebdriverIO E2E Local/Mocked Tests	2026-07-28T16:38:34.2060171Z [0-2] 2026-07-28T16:38:34.205Z INFO webdriver: BIDI RESULT {"id":12,"result":{"nodes":[{"sharedId":"f.5AF858D8BD04C9207FCFB46F0BB078A3.d.EB46FCF42A3CF8F531A49E995354BA2D.e.2","type":"node","value":{"attributes":{"id":"root"},"childNodeCount":1,"localName":"div","namespaceURI":"http://www.w3.org/1999/xhtml","nodeType":1,"shadowRoot":null}}]},"type":"success"}
ui-tests	Run WebdriverIO E2E Local/Mocked Tests	2026-07-28T16:38:34.2119957Z [0-2] 2026-07-28T16:38:34.211Z INFO webdriver: COMMAND getElementTagName("f.5AF858D8BD04C9207FCFB46F0BB078A3.d.EB46FCF42A3CF8F531A49E995354BA2D.e.2")
ui-tests	Run WebdriverIO E2E Local/Mocked Tests	2026-07-28T16:38:34.2122752Z [0-2] 2026-07-28T16:38:34.211Z INFO webdriver: [GET] http://localhost:44415/session/3a7c5565214f697ee4aa72230f1d206f/element/f.5AF858D8BD04C9207FCFB46F0BB078A3.d.EB46FCF42A3CF8F531A49E995354BA2D.e.2/name
ui-tests	Run WebdriverIO E2E Local/Mocked Tests	2026-07-28T16:38:34.2181955Z [0-2] 2026-07-28T16:38:34.217Z INFO webdriver: RESULT div
ui-tests	Run WebdriverIO E2E Local/Mocked Tests	2026-07-28T16:38:34.2189808Z [0-2] 2026-07-28T16:38:34.218Z INFO webdriver: BIDI COMMAND script.callFunction {"functionDeclaration":"<Function[144 bytes] anonymous>","awaitPromise":true,"arguments":[],"target":{"context":"5AF858D8BD04C9207FCFB46F0BB078A3"}}
ui-tests	Run WebdriverIO E2E Local/Mocked Tests	2026-07-28T16:38:34.2215257Z [0-2] 2026-07-28T16:38:34.221Z INFO webdriver: BIDI RESULT {"id":13,"result":{"realm":"-7912444773292939030.-9041901077541776133","result":{"type":"number","value":0},"type":"success"},"type":"success"}
ui-tests	Run WebdriverIO E2E Local/Mocked Tests	2026-07-28T16:38:34.2258210Z [0-2] 2026-07-28T16:38:34.225Z INFO webdriver: COMMAND deleteSession()
ui-tests	Run WebdriverIO E2E Local/Mocked Tests	2026-07-28T16:38:34.2261378Z [0-2] 2026-07-28T16:38:34.225Z INFO webdriver: [DELETE] http://localhost:44415/session/3a7c5565214f697ee4aa72230f1d206f
ui-tests	Run WebdriverIO E2E Local/Mocked Tests	2026-07-28T16:38:34.2831496Z [0-2] 2026-07-28T16:38:34.282Z INFO webdriver: RESULT null
ui-tests	Run WebdriverIO E2E Local/Mocked Tests	2026-07-28T16:38:34.2834548Z [0-2] 2026-07-28T16:38:34.283Z INFO webdriver: Close Bidi connection to ws://127.0.0.1:44415/session/3a7c5565214f697ee4aa72230f1d206f
ui-tests	Run WebdriverIO E2E Local/Mocked Tests	2026-07-28T16:38:34.2847390Z [0-2] 2026-07-28T16:38:34.283Z INFO webdriver: Kill driver process with PID 2903
ui-tests	Run WebdriverIO E2E Local/Mocked Tests	2026-07-28T16:38:34.4117980Z [0-2] PASSED in chrome - file:///tests/e2e/storage.spec.ts
ui-tests	Run WebdriverIO E2E Local/Mocked Tests	2026-07-28T16:38:34.4119005Z 2026-07-28T16:38:34.411Z INFO @wdio/cli:launcher: Run onWorkerEnd hook
ui-tests	Run WebdriverIO E2E Local/Mocked Tests	2026-07-28T16:38:34.4120236Z 2026-07-28T16:38:34.411Z INFO @wdio/cli:launcher: Run onWorkerStart hook
ui-tests	Run WebdriverIO E2E Local/Mocked Tests	2026-07-28T16:38:34.4126715Z 2026-07-28T16:38:34.412Z INFO @wdio/local-runner: Start worker 0-3 with arg: run wdio.conf.ts
ui-tests	Run WebdriverIO E2E Local/Mocked Tests	2026-07-28T16:38:34.4172656Z 2026-07-28T16:38:34.417Z INFO @wdio/xvfb:ProcessFactory: xvfb-run found in PATH
ui-tests	Run WebdriverIO E2E Local/Mocked Tests	2026-07-28T16:38:34.4173629Z 2026-07-28T16:38:34.417Z INFO @wdio/xvfb:ProcessFactory: ProcessFactory: shouldRun=true, isAvailable=true
ui-tests	Run WebdriverIO E2E Local/Mocked Tests	2026-07-28T16:38:34.4174886Z 2026-07-28T16:38:34.417Z INFO @wdio/xvfb:ProcessFactory: Creating worker process with xvfb-run wrapper and retry logic
ui-tests	Run WebdriverIO E2E Local/Mocked Tests	2026-07-28T16:38:34.4176386Z 2026-07-28T16:38:34.417Z INFO @wdio/xvfb: 🚀 Executing xvfb worker process creation
ui-tests	Run WebdriverIO E2E Local/Mocked Tests	2026-07-28T16:38:35.1627923Z [0-3] 2026-07-28T16:38:35.157Z INFO @wdio/local-runner: Run worker command: run
ui-tests	Run WebdriverIO E2E Local/Mocked Tests	2026-07-28T16:38:35.4044715Z [0-3] RUNNING in chrome - file:///tests/e2e/terminal.spec.ts
ui-tests	Run WebdriverIO E2E Local/Mocked Tests	2026-07-28T16:38:35.4054624Z [0-3] 2026-07-28T16:38:35.405Z INFO webdriver: Initiate new session using the WebDriver protocol
ui-tests	Run WebdriverIO E2E Local/Mocked Tests	2026-07-28T16:38:35.6087865Z [0-3] 2026-07-28T16:38:35.608Z INFO webdriver: Using pre-installed chrome v150.0.7871.128 from /usr/bin/google-chrome
ui-tests	Run WebdriverIO E2E Local/Mocked Tests	2026-07-28T16:38:35.6098959Z [0-3] 2026-07-28T16:38:35.609Z INFO webdriver: Using Chromedriver v150.0.7871.128 from cache directory /tmp
ui-tests	Run WebdriverIO E2E Local/Mocked Tests	2026-07-28T16:38:35.6232853Z [0-3] 2026-07-28T16:38:35.622Z INFO chromedriver: Starting ChromeDriver 150.0.7871.128 (81891e5ca708047763816c778216799ef14c66cb-refs/branch-heads/7871_124@{#9}) on port 44679
ui-tests	Run WebdriverIO E2E Local/Mocked Tests	2026-07-28T16:38:35.6235509Z [0-3] 2026-07-28T16:38:35.622Z INFO chromedriver: Remote connections are allowed by an allowlist (0.0.0.0).
ui-tests	Run WebdriverIO E2E Local/Mocked Tests	2026-07-28T16:38:35.6238253Z [0-3] 2026-07-28T16:38:35.622Z INFO chromedriver: Please see https://chromedriver.chromium.org/security-considerations for suggestions on keeping ChromeDriver safe.
ui-tests	Run WebdriverIO E2E Local/Mocked Tests	2026-07-28T16:38:35.6240589Z [0-3] 2026-07-28T16:38:35.623Z INFO chromedriver: ChromeDriver was started successfully on port 44679.
ui-tests	Run WebdriverIO E2E Local/Mocked Tests	2026-07-28T16:38:35.6250023Z [0-3] 2026-07-28T16:38:35.624Z INFO @wdio/utils: Started Chromedriver v150.0.7871.128 with params --port=44679 --allowed-origins=* --allowed-ips=0.0.0.0 in 62ms on port 44679
ui-tests	Run WebdriverIO E2E Local/Mocked Tests	2026-07-28T16:38:35.6269767Z [0-3] 2026-07-28T16:38:35.626Z INFO webdriver: [POST] http://localhost:44679/session
ui-tests	Run WebdriverIO E2E Local/Mocked Tests	2026-07-28T16:38:36.0043387Z [0-3] 2026-07-28T16:38:36.003Z INFO webdriver: Register BiDi handler for session with id 2141ef8c2dfe7da9aba118b52a3d907b
ui-tests	Run WebdriverIO E2E Local/Mocked Tests	2026-07-28T16:38:36.0047286Z [0-3] 2026-07-28T16:38:36.004Z INFO webdriver: Connecting to webSocketUrl ws://127.0.0.1:44679/session/2141ef8c2dfe7da9aba118b52a3d907b
ui-tests	Run WebdriverIO E2E Local/Mocked Tests	2026-07-28T16:38:36.0158513Z [0-3] 2026-07-28T16:38:36.015Z INFO webdriver: Connected to Bidi protocol at ws://127.0.0.1:44679/session/2141ef8c2dfe7da9aba118b52a3d907b
ui-tests	Run WebdriverIO E2E Local/Mocked Tests	2026-07-28T16:38:36.0160692Z [0-3] 2026-07-28T16:38:36.015Z INFO webdriver: Connected to WebDriver Bidi interface at ws://127.0.0.1:44679/session/2141ef8c2dfe7da9aba118b52a3d907b
ui-tests	Run WebdriverIO E2E Local/Mocked Tests	2026-07-28T16:38:36.0203812Z [0-3] 2026-07-28T16:38:36.017Z INFO webdriver: COMMAND getWindowHandle()
ui-tests	Run WebdriverIO E2E Local/Mocked Tests	2026-07-28T16:38:36.0207459Z [0-3] 2026-07-28T16:38:36.018Z INFO webdriver: BIDI COMMAND browsingContext.getTree {}
ui-tests	Run WebdriverIO E2E Local/Mocked Tests	2026-07-28T16:38:36.0211070Z [0-3] 2026-07-28T16:38:36.020Z INFO webdriver: BIDI COMMAND session.subscribe {"events":["browsingContext.contextCreated"]}
ui-tests	Run WebdriverIO E2E Local/Mocked Tests	2026-07-28T16:38:36.0214099Z [0-3] 2026-07-28T16:38:36.020Z INFO webdriver: BIDI COMMAND session.subscribe {"events":["log.entryAdded","browsingContext.navigationStarted"]}
ui-tests	Run WebdriverIO E2E Local/Mocked Tests	2026-07-28T16:38:36.0216920Z [0-3] 2026-07-28T16:38:36.020Z INFO webdriver: BIDI COMMAND script.addPreloadScript { functionDeclaration: <PreloadScript[1319 bytes]>, contexts: undefined }
ui-tests	Run WebdriverIO E2E Local/Mocked Tests	2026-07-28T16:38:36.0220524Z [0-3] 2026-07-28T16:38:36.021Z INFO webdriver: BIDI COMMAND session.subscribe {"events":["browsingContext.navigationStarted","browsingContext.fragmentNavigated","network.responseCompleted","network.beforeRequestSent","network.fetchError"]}
ui-tests	Run WebdriverIO E2E Local/Mocked Tests	2026-07-28T16:38:36.0223525Z [0-3] 2026-07-28T16:38:36.021Z INFO webdriver: BIDI COMMAND session.subscribe {"events":["browsingContext.userPromptOpened"]}
ui-tests	Run WebdriverIO E2E Local/Mocked Tests	2026-07-28T16:38:36.0227053Z [0-3] 2026-07-28T16:38:36.022Z INFO webdriver: BIDI COMMAND session.subscribe {"events":["browsingContext.navigationStarted"]}
ui-tests	Run WebdriverIO E2E Local/Mocked Tests	2026-07-28T16:38:36.0229341Z [0-3] 2026-07-28T16:38:36.022Z INFO webdriver: [GET] http://localhost:44679/session/2141ef8c2dfe7da9aba118b52a3d907b/window
ui-tests	Run WebdriverIO E2E Local/Mocked Tests	2026-07-28T16:38:36.0279838Z [0-3] 2026-07-28T16:38:36.026Z INFO webdriver: RESULT 948E78907C162FEF60538435771FF26B
ui-tests	Run WebdriverIO E2E Local/Mocked Tests	2026-07-28T16:38:36.0330007Z [0-3] 2026-07-28T16:38:36.032Z INFO webdriver: BIDI RESULT {"id":1,"result":{"contexts":[{"children":[],"clientWindow":"2050670257","context":"948E78907C162FEF60538435771FF26B","originalOpener":null,"parent":null,"url":"about:blank","userContext":"default"}]},"type":"success"}
ui-tests	Run WebdriverIO E2E Local/Mocked Tests	2026-07-28T16:38:36.0333451Z [0-3] 2026-07-28T16:38:36.033Z INFO webdriverio:PolyfillManager: Adding polyfill script to context with id 948E78907C162FEF60538435771FF26B
ui-tests	Run WebdriverIO E2E Local/Mocked Tests	2026-07-28T16:38:36.0337924Z [0-3] 2026-07-28T16:38:36.033Z INFO webdriver: BIDI COMMAND script.callFunction {"functionDeclaration":"<Function[443 bytes] webdriverioPolyfill>","target":{"children":[],"clientWindow":"2050670257","context":"948E78907C162FEF60538435771FF26B","originalOpener":null,"parent":null,"url":"about:blank","userContext":"default"},"awaitPromise":false}
ui-tests	Run WebdriverIO E2E Local/Mocked Tests	2026-07-28T16:38:36.0341543Z [0-3] 2026-07-28T16:38:36.033Z INFO webdriver: BIDI COMMAND script.addPreloadScript { functionDeclaration: <PreloadScript[443 bytes]>, contexts: ["948E78907C162FEF60538435771FF26B"] }
ui-tests	Run WebdriverIO E2E Local/Mocked Tests	2026-07-28T16:38:36.0360034Z [0-3] 2026-07-28T16:38:36.035Z INFO webdriver: BIDI RESULT {"id":2,"result":{"subscription":"130b3585-f036-4f5e-aab5-d0be2359329f"},"type":"success"}
ui-tests	Run WebdriverIO E2E Local/Mocked Tests	2026-07-28T16:38:36.0383228Z [0-3] 2026-07-28T16:38:36.038Z INFO webdriver: BIDI RESULT {"id":3,"result":{"subscription":"aa804103-cb7b-4090-9da6-cfbb49042456"},"type":"success"}
ui-tests	Run WebdriverIO E2E Local/Mocked Tests	2026-07-28T16:38:36.0391238Z [0-3] 2026-07-28T16:38:36.038Z INFO webdriver: BIDI RESULT {"id":5,"result":{"subscription":"ceebe769-04a4-4034-b176-6389822bbef0"},"type":"success"}
ui-tests	Run WebdriverIO E2E Local/Mocked Tests	2026-07-28T16:38:36.0400259Z [0-3] 2026-07-28T16:38:36.039Z INFO webdriver: BIDI RESULT {"id":6,"result":{"subscription":"0152c73c-1cdb-458d-9eed-4b5b61d513c4"},"type":"success"}
ui-tests	Run WebdriverIO E2E Local/Mocked Tests	2026-07-28T16:38:36.0403476Z [0-3] 2026-07-28T16:38:36.040Z INFO webdriver: BIDI RESULT {"id":7,"result":{"subscription":"2496e86b-58f0-42bd-830b-2182269282d5"},"type":"success"}
ui-tests	Run WebdriverIO E2E Local/Mocked Tests	2026-07-28T16:38:36.0408892Z [0-3] 2026-07-28T16:38:36.040Z INFO webdriver: BIDI RESULT {"id":4,"result":{"script":"287a02a2-d526-432d-8d97-e668f567ffe3"},"type":"success"}
ui-tests	Run WebdriverIO E2E Local/Mocked Tests	2026-07-28T16:38:36.0433934Z [0-3] 2026-07-28T16:38:36.042Z INFO webdriver: BIDI RESULT {"id":8,"result":{"realm":"-8701613477911426566.-4168368228898388337","result":{"type":"undefined"},"type":"success"},"type":"success"}
ui-tests	Run WebdriverIO E2E Local/Mocked Tests	2026-07-28T16:38:36.0446787Z [0-3] 2026-07-28T16:38:36.043Z INFO webdriver: BIDI RESULT {"id":9,"result":{"script":"112a8410-ac3f-4130-b68b-7a2c309afd0c"},"type":"success"}
ui-tests	Run WebdriverIO E2E Local/Mocked Tests	2026-07-28T16:38:36.0531488Z [0-3] 2026-07-28T16:38:36.052Z INFO webdriver: BIDI COMMAND browsingContext.navigate {"context":"948E78907C162FEF60538435771FF26B","url":"http://localhost:5173/","wait":"complete"}
ui-tests	Run WebdriverIO E2E Local/Mocked Tests	2026-07-28T16:38:36.4670854Z [0-3] 2026-07-28T16:38:36.463Z INFO webdriver: BIDI RESULT {"id":10,"result":{"navigation":"ffba428e-05a1-471e-9f04-abe4b31b7af2","url":"http://localhost:5173/"},"type":"success"}
ui-tests	Run WebdriverIO E2E Local/Mocked Tests	2026-07-28T16:38:36.4702302Z [0-3] 2026-07-28T16:38:36.468Z INFO webdriver: BIDI COMMAND browsingContext.locateNodes {"locator":{"type":"css","value":"#root"},"context":"948E78907C162FEF60538435771FF26B"}
ui-tests	Run WebdriverIO E2E Local/Mocked Tests	2026-07-28T16:38:36.5902976Z [0-3] 2026-07-28T16:38:36.589Z INFO webdriver: BIDI RESULT {"id":11,"result":{"nodes":[{"sharedId":"f.948E78907C162FEF60538435771FF26B.d.087C6D9505067EB95F13AFE7B475A6A6.e.2","type":"node","value":{"attributes":{"id":"root"},"childNodeCount":1,"localName":"div","namespaceURI":"http://www.w3.org/1999/xhtml","nodeType":1,"shadowRoot":null}}]},"type":"success"}
ui-tests	Run WebdriverIO E2E Local/Mocked Tests	2026-07-28T16:38:36.5984981Z [0-3] 2026-07-28T16:38:36.598Z INFO webdriver: BIDI COMMAND browsingContext.locateNodes {"locator":{"type":"css","value":"#root"},"context":"948E78907C162FEF60538435771FF26B"}
ui-tests	Run WebdriverIO E2E Local/Mocked Tests	2026-07-28T16:38:36.6014683Z [0-3] 2026-07-28T16:38:36.601Z INFO webdriver: BIDI RESULT {"id":12,"result":{"nodes":[{"sharedId":"f.948E78907C162FEF60538435771FF26B.d.087C6D9505067EB95F13AFE7B475A6A6.e.2","type":"node","value":{"attributes":{"id":"root"},"childNodeCount":1,"localName":"div","namespaceURI":"http://www.w3.org/1999/xhtml","nodeType":1,"shadowRoot":null}}]},"type":"success"}
ui-tests	Run WebdriverIO E2E Local/Mocked Tests	2026-07-28T16:38:36.6073867Z [0-3] 2026-07-28T16:38:36.607Z INFO webdriver: COMMAND getElementTagName("f.948E78907C162FEF60538435771FF26B.d.087C6D9505067EB95F13AFE7B475A6A6.e.2")
ui-tests	Run WebdriverIO E2E Local/Mocked Tests	2026-07-28T16:38:36.6076752Z [0-3] 2026-07-28T16:38:36.607Z INFO webdriver: [GET] http://localhost:44679/session/2141ef8c2dfe7da9aba118b52a3d907b/element/f.948E78907C162FEF60538435771FF26B.d.087C6D9505067EB95F13AFE7B475A6A6.e.2/name
ui-tests	Run WebdriverIO E2E Local/Mocked Tests	2026-07-28T16:38:36.6149964Z [0-3] 2026-07-28T16:38:36.614Z INFO webdriver: RESULT div
ui-tests	Run WebdriverIO E2E Local/Mocked Tests	2026-07-28T16:38:36.6155889Z [0-3] 2026-07-28T16:38:36.615Z INFO webdriver: BIDI COMMAND browsingContext.locateNodes {"locator":{"type":"css","value":".xterm"},"context":"948E78907C162FEF60538435771FF26B"}
ui-tests	Run WebdriverIO E2E Local/Mocked Tests	2026-07-28T16:38:36.6184898Z [0-3] 2026-07-28T16:38:36.618Z INFO webdriver: BIDI RESULT {"id":13,"result":{"nodes":[{"sharedId":"f.948E78907C162FEF60538435771FF26B.d.087C6D9505067EB95F13AFE7B475A6A6.e.4","type":"node","value":{"attributes":{"class":"terminal xterm xterm-dom-renderer-owner-2","dir":"ltr"},"childNodeCount":2,"localName":"div","namespaceURI":"http://www.w3.org/1999/xhtml","nodeType":1,"shadowRoot":null}}]},"type":"success"}
ui-tests	Run WebdriverIO E2E Local/Mocked Tests	2026-07-28T16:38:36.6215166Z [0-3] 2026-07-28T16:38:36.621Z INFO webdriver: BIDI COMMAND browsingContext.locateNodes {"locator":{"type":"css","value":".xterm"},"context":"948E78907C162FEF60538435771FF26B"}
ui-tests	Run WebdriverIO E2E Local/Mocked Tests	2026-07-28T16:38:36.6249673Z [0-3] 2026-07-28T16:38:36.624Z INFO webdriver: BIDI RESULT {"id":14,"result":{"nodes":[{"sharedId":"f.948E78907C162FEF60538435771FF26B.d.087C6D9505067EB95F13AFE7B475A6A6.e.4","type":"node","value":{"attributes":{"class":"terminal xterm xterm-dom-renderer-owner-2","dir":"ltr"},"childNodeCount":2,"localName":"div","namespaceURI":"http://www.w3.org/1999/xhtml","nodeType":1,"shadowRoot":null}}]},"type":"success"}
ui-tests	Run WebdriverIO E2E Local/Mocked Tests	2026-07-28T16:38:36.6282889Z [0-3] 2026-07-28T16:38:36.627Z INFO webdriver: COMMAND getElementTagName("f.948E78907C162FEF60538435771FF26B.d.087C6D9505067EB95F13AFE7B475A6A6.e.4")
ui-tests	Run WebdriverIO E2E Local/Mocked Tests	2026-07-28T16:38:36.6285536Z [0-3] 2026-07-28T16:38:36.628Z INFO webdriver: [GET] http://localhost:44679/session/2141ef8c2dfe7da9aba118b52a3d907b/element/f.948E78907C162FEF60538435771FF26B.d.087C6D9505067EB95F13AFE7B475A6A6.e.4/name
ui-tests	Run WebdriverIO E2E Local/Mocked Tests	2026-07-28T16:38:36.6347269Z [0-3] 2026-07-28T16:38:36.634Z INFO webdriver: RESULT div
ui-tests	Run WebdriverIO E2E Local/Mocked Tests	2026-07-28T16:38:36.6353504Z [0-3] 2026-07-28T16:38:36.635Z INFO webdriver: COMMAND elementClick("f.948E78907C162FEF60538435771FF26B.d.087C6D9505067EB95F13AFE7B475A6A6.e.4")
ui-tests	Run WebdriverIO E2E Local/Mocked Tests	2026-07-28T16:38:36.6356555Z [0-3] 2026-07-28T16:38:36.635Z INFO webdriver: [POST] http://localhost:44679/session/2141ef8c2dfe7da9aba118b52a3d907b/element/f.948E78907C162FEF60538435771FF26B.d.087C6D9505067EB95F13AFE7B475A6A6.e.4/click
ui-tests	Run WebdriverIO E2E Local/Mocked Tests	2026-07-28T16:38:36.6358420Z [0-3] 2026-07-28T16:38:36.635Z INFO webdriver: DATA {}
ui-tests	Run WebdriverIO E2E Local/Mocked Tests	2026-07-28T16:38:36.7215655Z [0-3] 2026-07-28T16:38:36.720Z INFO webdriver: RESULT null
ui-tests	Run WebdriverIO E2E Local/Mocked Tests	2026-07-28T16:38:36.7230102Z [0-3] 2026-07-28T16:38:36.722Z INFO webdriver: COMMAND performActions(<object>)
ui-tests	Run WebdriverIO E2E Local/Mocked Tests	2026-07-28T16:38:36.7233416Z [0-3] 2026-07-28T16:38:36.723Z INFO webdriver: [POST] http://localhost:44679/session/2141ef8c2dfe7da9aba118b52a3d907b/actions
ui-tests	Run WebdriverIO E2E Local/Mocked Tests	2026-07-28T16:38:36.7245341Z [0-3] 2026-07-28T16:38:36.723Z INFO webdriver: DATA {"actions":[{"id":"key1","type":"key","parameters":{},"actions":[{"type":"keyDown","value":"e"},{"type":"keyDown","value":"c"},{"type":"keyDown","value":"h"},{"type":"keyDown","value":"o"},{"type":"keyDown","value":""},{"type":"keyDown","value":"$"},{"type":"keyDown","value":"P"},{"type":"keyDown","value":"A"},{"type":"keyDown","value":"T"},{"type":"keyDown","value":"H"},{"type":"keyDown","value":""},{"type":"pause","duration":10},{"type":"keyUp","value":"e"},{"type":"keyUp","value":"c"},{"type":"keyUp","value":"h"},{"type":"keyUp","value":"o"},{"type":"keyUp","value":""},{"type":"keyUp","value":"$"},{"type":"keyUp","value":"P"},{"type":"keyUp","value":"A"},{"type":"keyUp","value":"T"},{"type":"keyUp","value":"H"},{"type":"keyUp","value":""}]}]}
ui-tests	Run WebdriverIO E2E Local/Mocked Tests	2026-07-28T16:38:36.7631436Z [0-3] 2026-07-28T16:38:36.762Z INFO webdriver: RESULT null
ui-tests	Run WebdriverIO E2E Local/Mocked Tests	2026-07-28T16:38:37.7647903Z [0-3] 2026-07-28T16:38:37.764Z INFO webdriver: BIDI COMMAND script.callFunction {"functionDeclaration":"<Function[218 bytes] anonymous>","awaitPromise":true,"arguments":[],"target":{"context":"948E78907C162FEF60538435771FF26B"}}
ui-tests	Run WebdriverIO E2E Local/Mocked Tests	2026-07-28T16:38:37.7684199Z [0-3] 2026-07-28T16:38:37.768Z INFO webdriver: BIDI RESULT {"id":15,"result":{"realm":"4135190249910549644.-6115451999893360286","result":{"type":"undefined"},"type":"success"},"type":"success"}
ui-tests	Run WebdriverIO E2E Local/Mocked Tests	2026-07-28T16:38:38.2701587Z [0-3] 2026-07-28T16:38:38.269Z INFO webdriver: BIDI COMMAND script.callFunction {"functionDeclaration":"<Function[332 bytes] anonymous>","awaitPromise":true,"arguments":[],"target":{"context":"948E78907C162FEF60538435771FF26B"}}
ui-tests	Run WebdriverIO E2E Local/Mocked Tests	2026-07-28T16:38:38.2732400Z [0-3] 2026-07-28T16:38:38.272Z INFO webdriver: BIDI RESULT {"id":16,"result":{"realm":"4135190249910549644.-6115451999893360286","result":{"type":"string","value":"\n/usr/local/bin:/opt/homebrew/bin:/usr/bin\n\n\n\n\n\n\n\n\n\n\n\n\n\n\n\n\n\n\n\n\n\n\n\n\n\n"},"type":"success"},"type":"success"}
ui-tests	Run WebdriverIO E2E Local/Mocked Tests	2026-07-28T16:38:38.2734517Z [0-3] Extracted Terminal Content:
ui-tests	Run WebdriverIO E2E Local/Mocked Tests	2026-07-28T16:38:38.2734913Z [0-3]  
ui-tests	Run WebdriverIO E2E Local/Mocked Tests	2026-07-28T16:38:38.2735594Z [0-3] /usr/local/bin:/opt/homebrew/bin:/usr/bin
ui-tests	Run WebdriverIO E2E Local/Mocked Tests	2026-07-28T16:38:38.2736454Z [0-3] 
ui-tests	Run WebdriverIO E2E Local/Mocked Tests	2026-07-28T16:38:38.2736776Z [0-3] 
ui-tests	Run WebdriverIO E2E Local/Mocked Tests	2026-07-28T16:38:38.2737100Z [0-3] 
ui-tests	Run WebdriverIO E2E Local/Mocked Tests	2026-07-28T16:38:38.2737401Z [0-3] 
ui-tests	Run WebdriverIO E2E Local/Mocked Tests	2026-07-28T16:38:38.2737683Z [0-3] 
ui-tests	Run WebdriverIO E2E Local/Mocked Tests	2026-07-28T16:38:38.2737988Z [0-3] 
ui-tests	Run WebdriverIO E2E Local/Mocked Tests	2026-07-28T16:38:38.2738275Z [0-3] 
ui-tests	Run WebdriverIO E2E Local/Mocked Tests	2026-07-28T16:38:38.2738567Z [0-3] 
ui-tests	Run WebdriverIO E2E Local/Mocked Tests	2026-07-28T16:38:38.2738809Z [0-3] 
ui-tests	Run WebdriverIO E2E Local/Mocked Tests	2026-07-28T16:38:38.2738978Z [0-3] 
ui-tests	Run WebdriverIO E2E Local/Mocked Tests	2026-07-28T16:38:38.2739144Z [0-3] 
ui-tests	Run WebdriverIO E2E Local/Mocked Tests	2026-07-28T16:38:38.2739310Z [0-3] 
ui-tests	Run WebdriverIO E2E Local/Mocked Tests	2026-07-28T16:38:38.2739473Z [0-3] 
ui-tests	Run WebdriverIO E2E Local/Mocked Tests	2026-07-28T16:38:38.2739648Z [0-3] 
ui-tests	Run WebdriverIO E2E Local/Mocked Tests	2026-07-28T16:38:38.2739815Z [0-3] 
ui-tests	Run WebdriverIO E2E Local/Mocked Tests	2026-07-28T16:38:38.2739982Z [0-3] 
ui-tests	Run WebdriverIO E2E Local/Mocked Tests	2026-07-28T16:38:38.2740150Z [0-3] 
ui-tests	Run WebdriverIO E2E Local/Mocked Tests	2026-07-28T16:38:38.2740314Z [0-3] 
ui-tests	Run WebdriverIO E2E Local/Mocked Tests	2026-07-28T16:38:38.2740479Z [0-3] 
ui-tests	Run WebdriverIO E2E Local/Mocked Tests	2026-07-28T16:38:38.2740652Z [0-3] 
ui-tests	Run WebdriverIO E2E Local/Mocked Tests	2026-07-28T16:38:38.2740819Z [0-3] 
ui-tests	Run WebdriverIO E2E Local/Mocked Tests	2026-07-28T16:38:38.2740982Z [0-3] 
ui-tests	Run WebdriverIO E2E Local/Mocked Tests	2026-07-28T16:38:38.2741149Z [0-3] 
ui-tests	Run WebdriverIO E2E Local/Mocked Tests	2026-07-28T16:38:38.2741320Z [0-3] 
ui-tests	Run WebdriverIO E2E Local/Mocked Tests	2026-07-28T16:38:38.2741488Z [0-3] 
ui-tests	Run WebdriverIO E2E Local/Mocked Tests	2026-07-28T16:38:38.2741655Z [0-3] 
ui-tests	Run WebdriverIO E2E Local/Mocked Tests	2026-07-28T16:38:38.2767728Z [0-3] 2026-07-28T16:38:38.276Z INFO webdriver: COMMAND deleteSession()
ui-tests	Run WebdriverIO E2E Local/Mocked Tests	2026-07-28T16:38:38.2770949Z [0-3] 2026-07-28T16:38:38.276Z INFO webdriver: [DELETE] http://localhost:44679/session/2141ef8c2dfe7da9aba118b52a3d907b
ui-tests	Run WebdriverIO E2E Local/Mocked Tests	2026-07-28T16:38:38.3321576Z [0-3] 2026-07-28T16:38:38.331Z INFO webdriver: RESULT null
ui-tests	Run WebdriverIO E2E Local/Mocked Tests	2026-07-28T16:38:38.3323432Z [0-3] 2026-07-28T16:38:38.331Z INFO webdriver: Close Bidi connection to ws://127.0.0.1:44679/session/2141ef8c2dfe7da9aba118b52a3d907b
ui-tests	Run WebdriverIO E2E Local/Mocked Tests	2026-07-28T16:38:38.3327683Z [0-3] 2026-07-28T16:38:38.332Z INFO webdriver: Kill driver process with PID 3077
ui-tests	Run WebdriverIO E2E Local/Mocked Tests	2026-07-28T16:38:38.4595648Z [0-3] PASSED in chrome - file:///tests/e2e/terminal.spec.ts
ui-tests	Run WebdriverIO E2E Local/Mocked Tests	2026-07-28T16:38:38.4597034Z 2026-07-28T16:38:38.458Z INFO @wdio/cli:launcher: Run onWorkerEnd hook
ui-tests	Run WebdriverIO E2E Local/Mocked Tests	2026-07-28T16:38:38.4597672Z 
ui-tests	Run WebdriverIO E2E Local/Mocked Tests	2026-07-28T16:38:38.4597854Z  "spec" Reporter:
ui-tests	Run WebdriverIO E2E Local/Mocked Tests	2026-07-28T16:38:38.4598530Z ------------------------------------------------------------------
ui-tests	Run WebdriverIO E2E Local/Mocked Tests	2026-07-28T16:38:38.4599659Z [chrome 150.0.7871.128 linux #0-0] Running: chrome (v150.0.7871.128) on linux
ui-tests	Run WebdriverIO E2E Local/Mocked Tests	2026-07-28T16:38:38.4600839Z [chrome 150.0.7871.128 linux #0-0] Session ID: 369e096de72670ea9d26ea4ad6bf68db
ui-tests	Run WebdriverIO E2E Local/Mocked Tests	2026-07-28T16:38:38.4601664Z [chrome 150.0.7871.128 linux #0-0]
ui-tests	Run WebdriverIO E2E Local/Mocked Tests	2026-07-28T16:38:38.4602684Z [chrome 150.0.7871.128 linux #0-0] » tests/e2e/security.spec.ts
ui-tests	Run WebdriverIO E2E Local/Mocked Tests	2026-07-28T16:38:38.4603476Z [chrome 150.0.7871.128 linux #0-0] Security Phase 2 Tests
ui-tests	Run WebdriverIO E2E Local/Mocked Tests	2026-07-28T16:38:38.4604712Z [chrome 150.0.7871.128 linux #0-0]    ✓ Should block aggressive XSS payload injection in Settings UI
ui-tests	Run WebdriverIO E2E Local/Mocked Tests	2026-07-28T16:38:38.4605552Z [chrome 150.0.7871.128 linux #0-0]    ✓ Should block unauthorized network requests due to CSP
ui-tests	Run WebdriverIO E2E Local/Mocked Tests	2026-07-28T16:38:38.4606023Z [chrome 150.0.7871.128 linux #0-0]
ui-tests	Run WebdriverIO E2E Local/Mocked Tests	2026-07-28T16:38:38.4606711Z [chrome 150.0.7871.128 linux #0-0] 2 passing (1.9s)
ui-tests	Run WebdriverIO E2E Local/Mocked Tests	2026-07-28T16:38:38.4607458Z ------------------------------------------------------------------
ui-tests	Run WebdriverIO E2E Local/Mocked Tests	2026-07-28T16:38:38.4607964Z [chrome 150.0.7871.128 linux #0-1] Running: chrome (v150.0.7871.128) on linux
ui-tests	Run WebdriverIO E2E Local/Mocked Tests	2026-07-28T16:38:38.4608513Z [chrome 150.0.7871.128 linux #0-1] Session ID: 895d9a0049579e8b531f89878781e2e3
ui-tests	Run WebdriverIO E2E Local/Mocked Tests	2026-07-28T16:38:38.4608930Z [chrome 150.0.7871.128 linux #0-1]
ui-tests	Run WebdriverIO E2E Local/Mocked Tests	2026-07-28T16:38:38.4609682Z [chrome 150.0.7871.128 linux #0-1] » tests/e2e/smoke.spec.ts
ui-tests	Run WebdriverIO E2E Local/Mocked Tests	2026-07-28T16:38:38.4610135Z [chrome 150.0.7871.128 linux #0-1] Somaterm Smoke Test
ui-tests	Run WebdriverIO E2E Local/Mocked Tests	2026-07-28T16:38:38.4610715Z [chrome 150.0.7871.128 linux #0-1]    ✓ Launches application and renders react app
ui-tests	Run WebdriverIO E2E Local/Mocked Tests	2026-07-28T16:38:38.4611142Z [chrome 150.0.7871.128 linux #0-1]
ui-tests	Run WebdriverIO E2E Local/Mocked Tests	2026-07-28T16:38:38.4611486Z [chrome 150.0.7871.128 linux #0-1] 1 passing (666ms)
ui-tests	Run WebdriverIO E2E Local/Mocked Tests	2026-07-28T16:38:38.4611898Z ------------------------------------------------------------------
ui-tests	Run WebdriverIO E2E Local/Mocked Tests	2026-07-28T16:38:38.4612402Z [chrome 150.0.7871.128 linux #0-2] Running: chrome (v150.0.7871.128) on linux
ui-tests	Run WebdriverIO E2E Local/Mocked Tests	2026-07-28T16:38:38.4612966Z [chrome 150.0.7871.128 linux #0-2] Session ID: 3a7c5565214f697ee4aa72230f1d206f
ui-tests	Run WebdriverIO E2E Local/Mocked Tests	2026-07-28T16:38:38.4613388Z [chrome 150.0.7871.128 linux #0-2]
ui-tests	Run WebdriverIO E2E Local/Mocked Tests	2026-07-28T16:38:38.4613827Z [chrome 150.0.7871.128 linux #0-2] » tests/e2e/storage.spec.ts
ui-tests	Run WebdriverIO E2E Local/Mocked Tests	2026-07-28T16:38:38.4614261Z [chrome 150.0.7871.128 linux #0-2] Storage Security Test
ui-tests	Run WebdriverIO E2E Local/Mocked Tests	2026-07-28T16:38:38.4614929Z [chrome 150.0.7871.128 linux #0-2]    ✓ Should not expose any sensitive keys in plain-text localStorage
ui-tests	Run WebdriverIO E2E Local/Mocked Tests	2026-07-28T16:38:38.4615420Z [chrome 150.0.7871.128 linux #0-2]
ui-tests	Run WebdriverIO E2E Local/Mocked Tests	2026-07-28T16:38:38.4615754Z [chrome 150.0.7871.128 linux #0-2] 1 passing (710ms)
ui-tests	Run WebdriverIO E2E Local/Mocked Tests	2026-07-28T16:38:38.4616498Z ------------------------------------------------------------------
ui-tests	Run WebdriverIO E2E Local/Mocked Tests	2026-07-28T16:38:38.4617017Z [chrome 150.0.7871.128 linux #0-3] Running: chrome (v150.0.7871.128) on linux
ui-tests	Run WebdriverIO E2E Local/Mocked Tests	2026-07-28T16:38:38.4617580Z [chrome 150.0.7871.128 linux #0-3] Session ID: 2141ef8c2dfe7da9aba118b52a3d907b
ui-tests	Run WebdriverIO E2E Local/Mocked Tests	2026-07-28T16:38:38.4618035Z [chrome 150.0.7871.128 linux #0-3]
ui-tests	Run WebdriverIO E2E Local/Mocked Tests	2026-07-28T16:38:38.4618493Z [chrome 150.0.7871.128 linux #0-3] » tests/e2e/terminal.spec.ts
ui-tests	Run WebdriverIO E2E Local/Mocked Tests	2026-07-28T16:38:38.4618996Z [chrome 150.0.7871.128 linux #0-3] Terminal Environment Injection Test
ui-tests	Run WebdriverIO E2E Local/Mocked Tests	2026-07-28T16:38:38.4619644Z [chrome 150.0.7871.128 linux #0-3]    ✓ Should inherit the system PATH in the spawned shell
ui-tests	Run WebdriverIO E2E Local/Mocked Tests	2026-07-28T16:38:38.4620096Z [chrome 150.0.7871.128 linux #0-3]
ui-tests	Run WebdriverIO E2E Local/Mocked Tests	2026-07-28T16:38:38.4620428Z [chrome 150.0.7871.128 linux #0-3] 1 passing (2.2s)
ui-tests	Run WebdriverIO E2E Local/Mocked Tests	2026-07-28T16:38:38.4620652Z 
ui-tests	Run WebdriverIO E2E Local/Mocked Tests	2026-07-28T16:38:38.4620660Z 
ui-tests	Run WebdriverIO E2E Local/Mocked Tests	2026-07-28T16:38:38.4621031Z Spec Files:	 4 passed, 4 total (100% completed) in 00:00:22  
ui-tests	Run WebdriverIO E2E Local/Mocked Tests	2026-07-28T16:38:38.4621387Z 
ui-tests	Run WebdriverIO E2E Local/Mocked Tests	2026-07-28T16:38:38.4621680Z 2026-07-28T16:38:38.459Z INFO @wdio/local-runner: Shutting down spawned worker
ui-tests	Run WebdriverIO E2E Local/Mocked Tests	2026-07-28T16:38:38.7111899Z 2026-07-28T16:38:38.710Z INFO @wdio/local-runner: Waiting for 0 to shut down gracefully
ui-tests	Run WebdriverIO E2E Local/Mocked Tests	2026-07-28T16:38:38.7113553Z 2026-07-28T16:38:38.710Z INFO @wdio/local-runner: shutting down
ui-tests	Run WebdriverIO E2E Local/Mocked Tests	2026-07-28T16:38:38.7115204Z 2026-07-28T16:38:38.711Z INFO @wdio/local-runner: Xvfb cleanup handled automatically by xvfb-run
ui-tests	Run WebdriverIO E2E Local/Mocked Tests	2026-07-28T16:38:38.7117095Z 2026-07-28T16:38:38.711Z INFO @wdio/cli:launcher: Run onComplete hook
ui-tests	Post Setup Node	﻿2026-07-28T16:38:43.7748528Z Node 20 is being deprecated. This workflow is running with Node 24 by default. If you need to temporarily use Node 20, you can set the ACTIONS_ALLOW_USE_UNSECURE_NODE_VERSION=true environment variable. For more information see: https://github.blog/changelog/2025-09-19-deprecation-of-node-20-on-github-actions-runners/
ui-tests	Post Setup Node	2026-07-28T16:38:43.7749820Z Post job cleanup.
ui-tests	Post Setup Node	2026-07-28T16:38:43.8950816Z (node:3219) [DEP0040] DeprecationWarning: The `punycode` module is deprecated. Please use a userland alternative instead.
ui-tests	Post Setup Node	2026-07-28T16:38:43.8951923Z (Use `node --trace-deprecation ...` to show where the warning was created)
ui-tests	Post Setup Node	2026-07-28T16:38:43.9181306Z [command]/usr/bin/tar --posix -cf cache.tzst --exclude cache.tzst -P -C /home/runner/work/somaterm/somaterm --files-from manifest.txt --use-compress-program zstdmt
ui-tests	Post Setup Node	2026-07-28T16:38:44.4060187Z (node:3219) [DEP0169] DeprecationWarning: `url.parse()` behavior is not standardized and prone to errors that have security implications. Use the WHATWG URL API instead. CVEs are not issued for `url.parse()` vulnerabilities.
ui-tests	Post Setup Node	2026-07-28T16:38:45.3977264Z Sent 70909952 of 128894367 (55.0%), 67.6 MBs/sec
ui-tests	Post Setup Node	2026-07-28T16:38:46.3972256Z Sent 128894367 of 128894367 (100.0%), 61.4 MBs/sec
ui-tests	Post Setup Node	2026-07-28T16:38:47.0348165Z Cache saved with the key: node-cache-Linux-x64-npm-d16ec21665f5197525ea15568fac4d4dc510720dd3e0de08e5d00f56dcbb574f
ui-tests	Post Checkout code	﻿2026-07-28T16:38:47.0501478Z Node 20 is being deprecated. This workflow is running with Node 24 by default. If you need to temporarily use Node 20, you can set the ACTIONS_ALLOW_USE_UNSECURE_NODE_VERSION=true environment variable. For more information see: https://github.blog/changelog/2025-09-19-deprecation-of-node-20-on-github-actions-runners/
ui-tests	Post Checkout code	2026-07-28T16:38:47.0502744Z Post job cleanup.
ui-tests	Post Checkout code	2026-07-28T16:38:47.1339024Z [command]/usr/bin/git version
ui-tests	Post Checkout code	2026-07-28T16:38:47.1381210Z git version 2.54.0
ui-tests	Post Checkout code	2026-07-28T16:38:47.1421614Z Temporarily overriding HOME='/home/runner/work/_temp/86aad0f5-13a5-44ca-a4bd-dc3c2ead48ea' before making global git config changes
ui-tests	Post Checkout code	2026-07-28T16:38:47.1423129Z Adding repository directory to the temporary git global config as a safe directory
ui-tests	Post Checkout code	2026-07-28T16:38:47.1428162Z [command]/usr/bin/git config --global --add safe.directory /home/runner/work/somaterm/somaterm
ui-tests	Post Checkout code	2026-07-28T16:38:47.1466066Z [command]/usr/bin/git config --local --name-only --get-regexp core\.sshCommand
ui-tests	Post Checkout code	2026-07-28T16:38:47.1501262Z [command]/usr/bin/git submodule foreach --recursive sh -c "git config --local --name-only --get-regexp 'core\.sshCommand' && git config --local --unset-all 'core.sshCommand' || :"
ui-tests	Post Checkout code	2026-07-28T16:38:47.1785270Z [command]/usr/bin/git config --local --name-only --get-regexp http\.https\:\/\/github\.com\/\.extraheader
ui-tests	Post Checkout code	2026-07-28T16:38:47.1814544Z http.https://github.com/.extraheader
ui-tests	Post Checkout code	2026-07-28T16:38:47.1827014Z [command]/usr/bin/git config --local --unset-all http.https://github.com/.extraheader
ui-tests	Post Checkout code	2026-07-28T16:38:47.1861783Z [command]/usr/bin/git submodule foreach --recursive sh -c "git config --local --name-only --get-regexp 'http\.https\:\/\/github\.com\/\.extraheader' && git config --local --unset-all 'http.https://github.com/.extraheader' || :"
ui-tests	Post Checkout code	2026-07-28T16:38:47.2119884Z [command]/usr/bin/git config --local --name-only --get-regexp ^includeIf\.gitdir:
ui-tests	Post Checkout code	2026-07-28T16:38:47.2159785Z [command]/usr/bin/git submodule foreach --recursive git config --local --show-origin --name-only --get-regexp remote.origin.url
ui-tests	Complete job	﻿2026-07-28T16:38:47.2565187Z Cleaning up orphan processes
ui-tests	Complete job	2026-07-28T16:38:47.2880931Z Terminate orphan process: pid (2380) (npm run dev:mock)
ui-tests	Complete job	2026-07-28T16:38:47.2906733Z Terminate orphan process: pid (2392) (sh)
ui-tests	Complete job	2026-07-28T16:38:47.2985487Z Terminate orphan process: pid (2393) (MainThread)
ui-tests	Complete job	2026-07-28T16:38:47.3044032Z ##[warning]Node.js 20 is deprecated. The following actions target Node.js 20 but are being forced to run on Node.js 24: actions/checkout@v4, actions/setup-node@v4. For more information see: https://github.blog/changelog/2025-09-19-deprecation-of-node-20-on-github-actions-runners/
native-tests	Set up job	﻿2026-07-28T16:37:54.2096889Z Current runner version: '2.336.0'
native-tests	Set up job	2026-07-28T16:37:54.2121826Z ##[group]Runner Image Provisioner
native-tests	Set up job	2026-07-28T16:37:54.2123055Z Hosted Compute Agent
native-tests	Set up job	2026-07-28T16:37:54.2123794Z Version: 20260707.563
native-tests	Set up job	2026-07-28T16:37:54.2124471Z Commit: 02667638d2b423fbc733a8e32a88b44996a3ba6e
native-tests	Set up job	2026-07-28T16:37:54.2125211Z Build Date: 2026-07-07T19:33:50Z
native-tests	Set up job	2026-07-28T16:37:54.2126001Z Worker ID: {c568e46b-c3ff-487a-a658-96facc92118c}
native-tests	Set up job	2026-07-28T16:37:54.2126737Z Azure Region: westus3
native-tests	Set up job	2026-07-28T16:37:54.2127348Z ##[endgroup]
native-tests	Set up job	2026-07-28T16:37:54.2128810Z ##[group]Operating System
native-tests	Set up job	2026-07-28T16:37:54.2129477Z Ubuntu
native-tests	Set up job	2026-07-28T16:37:54.2130115Z 24.04.4
native-tests	Set up job	2026-07-28T16:37:54.2130657Z LTS
native-tests	Set up job	2026-07-28T16:37:54.2131161Z ##[endgroup]
native-tests	Set up job	2026-07-28T16:37:54.2131821Z ##[group]Runner Image
native-tests	Set up job	2026-07-28T16:37:54.2132913Z Image: ubuntu-24.04
native-tests	Set up job	2026-07-28T16:37:54.2133575Z Version: 20260720.247.2
native-tests	Set up job	2026-07-28T16:37:54.2134709Z Included Software: https://github.com/actions/runner-images/blob/ubuntu24/20260720.247/images/ubuntu/Ubuntu2404-Readme.md
native-tests	Set up job	2026-07-28T16:37:54.2136831Z Image Release: https://github.com/actions/runner-images/releases/tag/ubuntu24%2F20260720.247
native-tests	Set up job	2026-07-28T16:37:54.2137850Z ##[endgroup]
native-tests	Set up job	2026-07-28T16:37:54.2139105Z ##[group]GITHUB_TOKEN Permissions
native-tests	Set up job	2026-07-28T16:37:54.2141314Z Actions: write
native-tests	Set up job	2026-07-28T16:37:54.2141932Z Contents: read
native-tests	Set up job	2026-07-28T16:37:54.2142971Z Metadata: read
native-tests	Set up job	2026-07-28T16:37:54.2143600Z ##[endgroup]
native-tests	Set up job	2026-07-28T16:37:54.2145735Z Secret source: Actions
native-tests	Set up job	2026-07-28T16:37:54.2146849Z Prepare workflow directory
native-tests	Set up job	2026-07-28T16:37:54.2549295Z Prepare all required actions
native-tests	Set up job	2026-07-28T16:37:54.2597770Z Getting action download info
native-tests	Set up job	2026-07-28T16:37:54.5801047Z Download action repository 'actions/checkout@v4' (SHA:11d5960a326750d5838078e36cf38b85af677262)
native-tests	Set up job	2026-07-28T16:37:55.2050763Z Download action repository 'actions/setup-node@v4' (SHA:49933ea5288caeca8642d1e84afbd3f7d6820020)
native-tests	Set up job	2026-07-28T16:37:55.2923928Z Download action repository 'dtolnay/rust-toolchain@stable' (SHA:4cda84d5c5c54efe2404f9d843567869ab1699d4)
native-tests	Set up job	2026-07-28T16:37:55.5346107Z Download action repository 'Swatinem/rust-cache@v2' (SHA:e18b497796c12c097a38f9edb9d0641fb99eee32)
native-tests	Set up job	2026-07-28T16:37:56.6677369Z Complete job name: native-tests
native-tests	Checkout code	﻿2026-07-28T16:37:56.7541090Z Node 20 is being deprecated. This workflow is running with Node 24 by default. If you need to temporarily use Node 20, you can set the ACTIONS_ALLOW_USE_UNSECURE_NODE_VERSION=true environment variable. For more information see: https://github.blog/changelog/2025-09-19-deprecation-of-node-20-on-github-actions-runners/
native-tests	Checkout code	2026-07-28T16:37:56.7549834Z ##[group]Run actions/checkout@v4
native-tests	Checkout code	2026-07-28T16:37:56.7550473Z with:
native-tests	Checkout code	2026-07-28T16:37:56.7550829Z   repository: ebravo90/somaterm
native-tests	Checkout code	2026-07-28T16:37:56.7554365Z   token: ***
native-tests	Checkout code	2026-07-28T16:37:56.7554707Z   ssh-strict: true
native-tests	Checkout code	2026-07-28T16:37:56.7555028Z   ssh-user: git
native-tests	Checkout code	2026-07-28T16:37:56.7555359Z   persist-credentials: true
native-tests	Checkout code	2026-07-28T16:37:56.7555717Z   clean: true
native-tests	Checkout code	2026-07-28T16:37:56.7556054Z   sparse-checkout-cone-mode: true
native-tests	Checkout code	2026-07-28T16:37:56.7556433Z   fetch-depth: 1
native-tests	Checkout code	2026-07-28T16:37:56.7556784Z   fetch-tags: false
native-tests	Checkout code	2026-07-28T16:37:56.7557122Z   show-progress: true
native-tests	Checkout code	2026-07-28T16:37:56.7557474Z   lfs: false
native-tests	Checkout code	2026-07-28T16:37:56.7557781Z   submodules: false
native-tests	Checkout code	2026-07-28T16:37:56.7558158Z   set-safe-directory: true
native-tests	Checkout code	2026-07-28T16:37:56.7558538Z   allow-unsafe-pr-checkout: false
native-tests	Checkout code	2026-07-28T16:37:56.7559195Z ##[endgroup]
native-tests	Checkout code	2026-07-28T16:37:56.8600050Z Syncing repository: ebravo90/somaterm
native-tests	Checkout code	2026-07-28T16:37:56.8602576Z ##[group]Getting Git version info
native-tests	Checkout code	2026-07-28T16:37:56.8603448Z Working directory is '/home/runner/work/somaterm/somaterm'
native-tests	Checkout code	2026-07-28T16:37:56.8604667Z [command]/usr/bin/git version
native-tests	Checkout code	2026-07-28T16:37:56.8685000Z git version 2.54.0
native-tests	Checkout code	2026-07-28T16:37:56.8742363Z ##[endgroup]
native-tests	Checkout code	2026-07-28T16:37:56.8761142Z Temporarily overriding HOME='/home/runner/work/_temp/65e973cf-ffa7-4f60-99cd-5caa043c3041' before making global git config changes
native-tests	Checkout code	2026-07-28T16:37:56.8762908Z Adding repository directory to the temporary git global config as a safe directory
native-tests	Checkout code	2026-07-28T16:37:56.8768139Z [command]/usr/bin/git config --global --add safe.directory /home/runner/work/somaterm/somaterm
native-tests	Checkout code	2026-07-28T16:37:56.8827393Z Deleting the contents of '/home/runner/work/somaterm/somaterm'
native-tests	Checkout code	2026-07-28T16:37:56.8831670Z ##[group]Initializing the repository
native-tests	Checkout code	2026-07-28T16:37:56.8837283Z [command]/usr/bin/git init /home/runner/work/somaterm/somaterm
native-tests	Checkout code	2026-07-28T16:37:56.8942051Z hint: Using 'master' as the name for the initial branch. This default branch name
native-tests	Checkout code	2026-07-28T16:37:56.8943620Z hint: will change to "main" in Git 3.0. To configure the initial branch name
native-tests	Checkout code	2026-07-28T16:37:56.8944627Z hint: to use in all of your new repositories, which will suppress this warning,
native-tests	Checkout code	2026-07-28T16:37:56.8945183Z hint: call:
native-tests	Checkout code	2026-07-28T16:37:56.8945485Z hint:
native-tests	Checkout code	2026-07-28T16:37:56.8946161Z hint: 	git config --global init.defaultBranch <name>
native-tests	Checkout code	2026-07-28T16:37:56.8947001Z hint:
native-tests	Checkout code	2026-07-28T16:37:56.8947776Z hint: Names commonly chosen instead of 'master' are 'main', 'trunk' and
native-tests	Checkout code	2026-07-28T16:37:56.8949035Z hint: 'development'. The just-created branch can be renamed via this command:
native-tests	Checkout code	2026-07-28T16:37:56.8950150Z hint:
native-tests	Checkout code	2026-07-28T16:37:56.8950797Z hint: 	git branch -m <name>
native-tests	Checkout code	2026-07-28T16:37:56.8951480Z hint:
native-tests	Checkout code	2026-07-28T16:37:56.8952611Z hint: Disable this message with "git config set advice.defaultBranchName false"
native-tests	Checkout code	2026-07-28T16:37:56.8954021Z Initialized empty Git repository in /home/runner/work/somaterm/somaterm/.git/
native-tests	Checkout code	2026-07-28T16:37:56.8968685Z [command]/usr/bin/git remote add origin https://github.com/ebravo90/somaterm
native-tests	Checkout code	2026-07-28T16:37:56.9007539Z ##[endgroup]
native-tests	Checkout code	2026-07-28T16:37:56.9008564Z ##[group]Disabling automatic garbage collection
native-tests	Checkout code	2026-07-28T16:37:56.9012699Z [command]/usr/bin/git config --local gc.auto 0
native-tests	Checkout code	2026-07-28T16:37:56.9054939Z ##[endgroup]
native-tests	Checkout code	2026-07-28T16:37:56.9055927Z ##[group]Setting up auth
native-tests	Checkout code	2026-07-28T16:37:56.9057032Z [command]/usr/bin/git config --local --name-only --get-regexp core\.sshCommand
native-tests	Checkout code	2026-07-28T16:37:56.9097101Z [command]/usr/bin/git submodule foreach --recursive sh -c "git config --local --name-only --get-regexp 'core\.sshCommand' && git config --local --unset-all 'core.sshCommand' || :"
native-tests	Checkout code	2026-07-28T16:37:56.9487187Z [command]/usr/bin/git config --local --name-only --get-regexp http\.https\:\/\/github\.com\/\.extraheader
native-tests	Checkout code	2026-07-28T16:37:56.9528555Z [command]/usr/bin/git submodule foreach --recursive sh -c "git config --local --name-only --get-regexp 'http\.https\:\/\/github\.com\/\.extraheader' && git config --local --unset-all 'http.https://github.com/.extraheader' || :"
native-tests	Checkout code	2026-07-28T16:37:56.9763618Z [command]/usr/bin/git config --local --name-only --get-regexp ^includeIf\.gitdir:
native-tests	Checkout code	2026-07-28T16:37:56.9801669Z [command]/usr/bin/git submodule foreach --recursive git config --local --show-origin --name-only --get-regexp remote.origin.url
native-tests	Checkout code	2026-07-28T16:37:57.0032540Z [command]/usr/bin/git config --local http.https://github.com/.extraheader AUTHORIZATION: basic ***
native-tests	Checkout code	2026-07-28T16:37:57.0072291Z ##[endgroup]
native-tests	Checkout code	2026-07-28T16:37:57.0073434Z ##[group]Fetching the repository
native-tests	Checkout code	2026-07-28T16:37:57.0084110Z [command]/usr/bin/git -c protocol.version=2 fetch --no-tags --prune --no-recurse-submodules --depth=1 origin +e69c812e41317bd6c52cde1ed2fae6c4db18cc7c:refs/remotes/origin/master
native-tests	Checkout code	2026-07-28T16:37:58.5512998Z From https://github.com/ebravo90/somaterm
native-tests	Checkout code	2026-07-28T16:37:58.5514090Z  * [new ref]         e69c812e41317bd6c52cde1ed2fae6c4db18cc7c -> origin/master
native-tests	Checkout code	2026-07-28T16:37:58.5550919Z ##[endgroup]
native-tests	Checkout code	2026-07-28T16:37:58.5551628Z ##[group]Determining the checkout info
native-tests	Checkout code	2026-07-28T16:37:58.5553920Z ##[endgroup]
native-tests	Checkout code	2026-07-28T16:37:58.5560832Z [command]/usr/bin/git sparse-checkout disable
native-tests	Checkout code	2026-07-28T16:37:58.5615381Z [command]/usr/bin/git config --local --unset-all extensions.worktreeConfig
native-tests	Checkout code	2026-07-28T16:37:58.5650594Z ##[group]Checking out the ref
native-tests	Checkout code	2026-07-28T16:37:58.5655454Z [command]/usr/bin/git checkout --progress --force -B master refs/remotes/origin/master
native-tests	Checkout code	2026-07-28T16:37:58.6036230Z Reset branch 'master'
native-tests	Checkout code	2026-07-28T16:37:58.6063364Z branch 'master' set up to track 'origin/master'.
native-tests	Checkout code	2026-07-28T16:37:58.6066157Z ##[endgroup]
native-tests	Checkout code	2026-07-28T16:37:58.6097543Z [command]/usr/bin/git log -1 --format=%H
native-tests	Checkout code	2026-07-28T16:37:58.6126731Z e69c812e41317bd6c52cde1ed2fae6c4db18cc7c
native-tests	Setup Node	﻿2026-07-28T16:37:58.6418516Z Node 20 is being deprecated. This workflow is running with Node 24 by default. If you need to temporarily use Node 20, you can set the ACTIONS_ALLOW_USE_UNSECURE_NODE_VERSION=true environment variable. For more information see: https://github.blog/changelog/2025-09-19-deprecation-of-node-20-on-github-actions-runners/
native-tests	Setup Node	2026-07-28T16:37:58.6420669Z ##[group]Run actions/setup-node@v4
native-tests	Setup Node	2026-07-28T16:37:58.6420951Z with:
native-tests	Setup Node	2026-07-28T16:37:58.6421155Z   node-version: 24
native-tests	Setup Node	2026-07-28T16:37:58.6421366Z   cache: npm
native-tests	Setup Node	2026-07-28T16:37:58.6421572Z   always-auth: false
native-tests	Setup Node	2026-07-28T16:37:58.6421794Z   check-latest: false
native-tests	Setup Node	2026-07-28T16:37:58.6424951Z   token: ***
native-tests	Setup Node	2026-07-28T16:37:58.6425166Z ##[endgroup]
native-tests	Setup Node	2026-07-28T16:37:58.8358532Z Found in cache @ /opt/hostedtoolcache/node/24.18.0/x64
native-tests	Setup Node	2026-07-28T16:37:58.8365320Z (node:2251) [DEP0040] DeprecationWarning: The `punycode` module is deprecated. Please use a userland alternative instead.
native-tests	Setup Node	2026-07-28T16:37:58.8367205Z (Use `node --trace-deprecation ...` to show where the warning was created)
native-tests	Setup Node	2026-07-28T16:37:58.8378694Z ##[group]Environment details
native-tests	Setup Node	2026-07-28T16:37:59.2335837Z node: v24.18.0
native-tests	Setup Node	2026-07-28T16:37:59.2337002Z npm: 11.16.0
native-tests	Setup Node	2026-07-28T16:37:59.2337457Z yarn: 1.22.22
native-tests	Setup Node	2026-07-28T16:37:59.2338346Z ##[endgroup]
native-tests	Setup Node	2026-07-28T16:37:59.2384628Z [command]/opt/hostedtoolcache/node/24.18.0/x64/bin/npm config get cache
native-tests	Setup Node	2026-07-28T16:37:59.3513926Z /home/runner/.npm
native-tests	Setup Node	2026-07-28T16:37:59.6141850Z npm cache is not found
native-tests	Setup Rust	﻿2026-07-28T16:37:59.6408697Z ##[group]Run dtolnay/rust-toolchain@stable
native-tests	Setup Rust	2026-07-28T16:37:59.6409022Z with:
native-tests	Setup Rust	2026-07-28T16:37:59.6409230Z   targets: x86_64-unknown-linux-gnu
native-tests	Setup Rust	2026-07-28T16:37:59.6409485Z   toolchain: stable
native-tests	Setup Rust	2026-07-28T16:37:59.6409693Z ##[endgroup]
native-tests	Setup Rust	2026-07-28T16:37:59.6527417Z ##[group]Run : parse toolchain version
native-tests	Setup Rust	2026-07-28T16:37:59.6527798Z [36;1m: parse toolchain version[0m
native-tests	Setup Rust	2026-07-28T16:37:59.6528076Z [36;1mif [[ -z $toolchain ]]; then[0m
native-tests	Setup Rust	2026-07-28T16:37:59.6528627Z [36;1m  # GitHub does not enforce `required: true` inputs itself. https://github.com/actions/runner/issues/1070[0m
native-tests	Setup Rust	2026-07-28T16:37:59.6529179Z [36;1m  echo "'toolchain' is a required input" >&2[0m
native-tests	Setup Rust	2026-07-28T16:37:59.6529468Z [36;1m  exit 1[0m
native-tests	Setup Rust	2026-07-28T16:37:59.6529794Z [36;1melif [[ $toolchain =~ ^stable' '[0-9]+' '(year|month|week|day)s?' 'ago$ ]]; then[0m
native-tests	Setup Rust	2026-07-28T16:37:59.6530204Z [36;1m  if [[ Linux == macOS ]]; then[0m
native-tests	Setup Rust	2026-07-28T16:37:59.6530730Z [36;1m    echo "toolchain=1.$((($(date -v-$(sed 's/stable \([0-9]*\) \(.\).*/\1\2/' <<< $toolchain) +%s)/60/60/24-16569)/7/6))" >> $GITHUB_OUTPUT[0m
native-tests	Setup Rust	2026-07-28T16:37:59.6531295Z [36;1m  else[0m
native-tests	Setup Rust	2026-07-28T16:37:59.6531700Z [36;1m    echo "toolchain=1.$((($(date --date "${toolchain#stable }" +%s)/60/60/24-16569)/7/6))" >> $GITHUB_OUTPUT[0m
native-tests	Setup Rust	2026-07-28T16:37:59.6532362Z [36;1m  fi[0m
native-tests	Setup Rust	2026-07-28T16:37:59.6532657Z [36;1melif [[ $toolchain =~ ^stable' 'minus' '[0-9]+' 'releases?$ ]]; then[0m
native-tests	Setup Rust	2026-07-28T16:37:59.6533185Z [36;1m  echo "toolchain=1.$((($(date +%s)/60/60/24-16569)/7/6-${toolchain//[^0-9]/}))" >> $GITHUB_OUTPUT[0m
native-tests	Setup Rust	2026-07-28T16:37:59.6533636Z [36;1melif [[ $toolchain =~ ^1\.[0-9]+$ ]]; then[0m
native-tests	Setup Rust	2026-07-28T16:37:59.6534147Z [36;1m  echo "toolchain=1.$((i=${toolchain#1.}, c=($(date +%s)/60/60/24-16569)/7/6, i+9*i*(10*i<=c)+90*i*(100*i<=c)))" >> $GITHUB_OUTPUT[0m
native-tests	Setup Rust	2026-07-28T16:37:59.6534640Z [36;1melse[0m
native-tests	Setup Rust	2026-07-28T16:37:59.6534879Z [36;1m  echo "toolchain=$toolchain" >> $GITHUB_OUTPUT[0m
native-tests	Setup Rust	2026-07-28T16:37:59.6535165Z [36;1mfi[0m
native-tests	Setup Rust	2026-07-28T16:37:59.6589956Z shell: /usr/bin/bash --noprofile --norc -e -o pipefail {0}
native-tests	Setup Rust	2026-07-28T16:37:59.6590318Z env:
native-tests	Setup Rust	2026-07-28T16:37:59.6590499Z   toolchain: stable
native-tests	Setup Rust	2026-07-28T16:37:59.6590697Z ##[endgroup]
native-tests	Setup Rust	2026-07-28T16:37:59.6738495Z ##[group]Run : construct rustup command line
native-tests	Setup Rust	2026-07-28T16:37:59.6738841Z [36;1m: construct rustup command line[0m
native-tests	Setup Rust	2026-07-28T16:37:59.6739292Z [36;1mecho "targets=$(for t in ${targets//,/ }; do echo -n ' --target' $t; done)" >> $GITHUB_OUTPUT[0m
native-tests	Setup Rust	2026-07-28T16:37:59.6740132Z [36;1mecho "components=$(for c in ${components//,/ }; do echo -n ' --component' $c; done)" >> $GITHUB_OUTPUT[0m
native-tests	Setup Rust	2026-07-28T16:37:59.6740616Z [36;1mecho "downgrade=" >> $GITHUB_OUTPUT[0m
native-tests	Setup Rust	2026-07-28T16:37:59.6784147Z shell: /usr/bin/bash --noprofile --norc -e -o pipefail {0}
native-tests	Setup Rust	2026-07-28T16:37:59.6784481Z env:
native-tests	Setup Rust	2026-07-28T16:37:59.6784678Z   targets: x86_64-unknown-linux-gnu
native-tests	Setup Rust	2026-07-28T16:37:59.6784929Z   components: 
native-tests	Setup Rust	2026-07-28T16:37:59.6785126Z ##[endgroup]
native-tests	Setup Rust	2026-07-28T16:37:59.6887700Z ##[group]Run : set $CARGO_HOME
native-tests	Setup Rust	2026-07-28T16:37:59.6887995Z [36;1m: set $CARGO_HOME[0m
native-tests	Setup Rust	2026-07-28T16:37:59.6888314Z [36;1mecho CARGO_HOME=${CARGO_HOME:-"$HOME/.cargo"} >> $GITHUB_ENV[0m
native-tests	Setup Rust	2026-07-28T16:37:59.6930976Z shell: /usr/bin/bash --noprofile --norc -e -o pipefail {0}
native-tests	Setup Rust	2026-07-28T16:37:59.6931329Z ##[endgroup]
native-tests	Setup Rust	2026-07-28T16:37:59.7030909Z ##[group]Run : install rustup if needed
native-tests	Setup Rust	2026-07-28T16:37:59.7031223Z [36;1m: install rustup if needed[0m
native-tests	Setup Rust	2026-07-28T16:37:59.7031523Z [36;1mif ! command -v rustup &>/dev/null; then[0m
native-tests	Setup Rust	2026-07-28T16:37:59.7032672Z [36;1m  curl --proto '=https' --tlsv1.2 --retry 10 --retry-connrefused --location --silent --show-error --fail https://sh.rustup.rs | sh -s -- --default-toolchain none -y[0m
native-tests	Setup Rust	2026-07-28T16:37:59.7033420Z [36;1m  echo "$CARGO_HOME/bin" >> $GITHUB_PATH[0m
native-tests	Setup Rust	2026-07-28T16:37:59.7033698Z [36;1mfi[0m
native-tests	Setup Rust	2026-07-28T16:37:59.7076294Z shell: /usr/bin/bash --noprofile --norc -e -o pipefail {0}
native-tests	Setup Rust	2026-07-28T16:37:59.7076641Z env:
native-tests	Setup Rust	2026-07-28T16:37:59.7076830Z   CARGO_HOME: /home/runner/.cargo
native-tests	Setup Rust	2026-07-28T16:37:59.7077298Z ##[endgroup]
native-tests	Setup Rust	2026-07-28T16:37:59.7198478Z ##[group]Run rustup toolchain install stable --target x86_64-unknown-linux-gnu --profile minimal --no-self-update
native-tests	Setup Rust	2026-07-28T16:37:59.7199257Z [36;1mrustup toolchain install stable --target x86_64-unknown-linux-gnu --profile minimal --no-self-update[0m
native-tests	Setup Rust	2026-07-28T16:37:59.7241399Z shell: /usr/bin/bash --noprofile --norc -e -o pipefail {0}
native-tests	Setup Rust	2026-07-28T16:37:59.7241762Z env:
native-tests	Setup Rust	2026-07-28T16:37:59.7241961Z   CARGO_HOME: /home/runner/.cargo
native-tests	Setup Rust	2026-07-28T16:37:59.7242526Z   RUSTUP_PERMIT_COPY_RENAME: 1
native-tests	Setup Rust	2026-07-28T16:37:59.7242795Z ##[endgroup]
native-tests	Setup Rust	2026-07-28T16:37:59.9040297Z info: syncing channel updates for stable-x86_64-unknown-linux-gnu
native-tests	Setup Rust	2026-07-28T16:38:00.0826702Z info: latest update on 2026-07-16 for version 1.97.1 (8bab26f4f 2026-07-14)
native-tests	Setup Rust	2026-07-28T16:38:00.0965431Z info: component rust-std is up to date
native-tests	Setup Rust	2026-07-28T16:38:00.0979087Z 
native-tests	Setup Rust	2026-07-28T16:38:00.1092743Z   stable-x86_64-unknown-linux-gnu unchanged - rustc 1.97.1 (8bab26f4f 2026-07-14)
native-tests	Setup Rust	2026-07-28T16:38:00.1093477Z 
native-tests	Setup Rust	2026-07-28T16:38:00.1149564Z ##[group]Run rustup default stable
native-tests	Setup Rust	2026-07-28T16:38:00.1149863Z [36;1mrustup default stable[0m
native-tests	Setup Rust	2026-07-28T16:38:00.1197250Z shell: /usr/bin/bash --noprofile --norc -e -o pipefail {0}
native-tests	Setup Rust	2026-07-28T16:38:00.1197596Z env:
native-tests	Setup Rust	2026-07-28T16:38:00.1197790Z   CARGO_HOME: /home/runner/.cargo
native-tests	Setup Rust	2026-07-28T16:38:00.1198040Z ##[endgroup]
native-tests	Setup Rust	2026-07-28T16:38:00.1322974Z info: using existing install for stable-x86_64-unknown-linux-gnu
native-tests	Setup Rust	2026-07-28T16:38:00.1329236Z info: default toolchain set to stable-x86_64-unknown-linux-gnu
native-tests	Setup Rust	2026-07-28T16:38:00.1329565Z 
native-tests	Setup Rust	2026-07-28T16:38:00.1414164Z   stable-x86_64-unknown-linux-gnu unchanged - rustc 1.97.1 (8bab26f4f 2026-07-14)
native-tests	Setup Rust	2026-07-28T16:38:00.1414735Z 
native-tests	Setup Rust	2026-07-28T16:38:00.1449467Z ##[group]Run : create cachekey
native-tests	Setup Rust	2026-07-28T16:38:00.1449770Z [36;1m: create cachekey[0m
native-tests	Setup Rust	2026-07-28T16:38:00.1450272Z [36;1mDATE=$(rustc +stable --version --verbose | sed -ne 's/^commit-date: \(20[0-9][0-9]\)-\([01][0-9]\)-\([0-3][0-9]\)$/\1\2\3/p')[0m
native-tests	Setup Rust	2026-07-28T16:38:00.1450950Z [36;1mHASH=$(rustc +stable --version --verbose | sed -ne 's/^commit-hash: //p')[0m
native-tests	Setup Rust	2026-07-28T16:38:00.1451453Z [36;1mecho "cachekey=$(echo $DATE$HASH | head -c12)" >> $GITHUB_OUTPUT[0m
native-tests	Setup Rust	2026-07-28T16:38:00.1495989Z shell: /usr/bin/bash --noprofile --norc -e -o pipefail {0}
native-tests	Setup Rust	2026-07-28T16:38:00.1496330Z env:
native-tests	Setup Rust	2026-07-28T16:38:00.1496525Z   CARGO_HOME: /home/runner/.cargo
native-tests	Setup Rust	2026-07-28T16:38:00.1496766Z ##[endgroup]
native-tests	Setup Rust	2026-07-28T16:38:00.1925454Z ##[group]Run : disable incremental compilation
native-tests	Setup Rust	2026-07-28T16:38:00.1925817Z [36;1m: disable incremental compilation[0m
native-tests	Setup Rust	2026-07-28T16:38:00.1926136Z [36;1mif [ -z "${CARGO_INCREMENTAL+set}" ]; then[0m
native-tests	Setup Rust	2026-07-28T16:38:00.1926465Z [36;1m  echo CARGO_INCREMENTAL=0 >> $GITHUB_ENV[0m
native-tests	Setup Rust	2026-07-28T16:38:00.1926742Z [36;1mfi[0m
native-tests	Setup Rust	2026-07-28T16:38:00.1970995Z shell: /usr/bin/bash --noprofile --norc -e -o pipefail {0}
native-tests	Setup Rust	2026-07-28T16:38:00.1971339Z env:
native-tests	Setup Rust	2026-07-28T16:38:00.1971538Z   CARGO_HOME: /home/runner/.cargo
native-tests	Setup Rust	2026-07-28T16:38:00.1971789Z ##[endgroup]
native-tests	Setup Rust	2026-07-28T16:38:00.2063001Z ##[group]Run : enable colors in Cargo output
native-tests	Setup Rust	2026-07-28T16:38:00.2063340Z [36;1m: enable colors in Cargo output[0m
native-tests	Setup Rust	2026-07-28T16:38:00.2063643Z [36;1mif [ -z "${CARGO_TERM_COLOR+set}" ]; then[0m
native-tests	Setup Rust	2026-07-28T16:38:00.2063975Z [36;1m  echo CARGO_TERM_COLOR=always >> $GITHUB_ENV[0m
native-tests	Setup Rust	2026-07-28T16:38:00.2064261Z [36;1mfi[0m
native-tests	Setup Rust	2026-07-28T16:38:00.2106488Z shell: /usr/bin/bash --noprofile --norc -e -o pipefail {0}
native-tests	Setup Rust	2026-07-28T16:38:00.2106847Z env:
native-tests	Setup Rust	2026-07-28T16:38:00.2107043Z   CARGO_HOME: /home/runner/.cargo
native-tests	Setup Rust	2026-07-28T16:38:00.2107296Z   CARGO_INCREMENTAL: 0
native-tests	Setup Rust	2026-07-28T16:38:00.2107507Z ##[endgroup]
native-tests	Setup Rust	2026-07-28T16:38:00.2196743Z ##[group]Run : enable Cargo sparse registry
native-tests	Setup Rust	2026-07-28T16:38:00.2197078Z [36;1m: enable Cargo sparse registry[0m
native-tests	Setup Rust	2026-07-28T16:38:00.2197444Z [36;1m# implemented in 1.66, stabilized in 1.68, made default in 1.70[0m
native-tests	Setup Rust	2026-07-28T16:38:00.2198179Z [36;1mif [ -z "${CARGO_REGISTRIES_CRATES_IO_PROTOCOL+set}" -o -f "/home/runner/work/_temp"/.implicit_cargo_registries_crates_io_protocol ]; then[0m
native-tests	Setup Rust	2026-07-28T16:38:00.2199076Z [36;1m  if rustc +stable --version --verbose | grep -q '^release: 1\.6[89]\.'; then[0m
native-tests	Setup Rust	2026-07-28T16:38:00.2199650Z [36;1m    touch "/home/runner/work/_temp"/.implicit_cargo_registries_crates_io_protocol || true[0m
native-tests	Setup Rust	2026-07-28T16:38:00.2200191Z [36;1m    echo CARGO_REGISTRIES_CRATES_IO_PROTOCOL=sparse >> $GITHUB_ENV[0m
native-tests	Setup Rust	2026-07-28T16:38:00.2200681Z [36;1m  elif rustc +stable --version --verbose | grep -q '^release: 1\.6[67]\.'; then[0m
native-tests	Setup Rust	2026-07-28T16:38:00.2201255Z [36;1m    touch "/home/runner/work/_temp"/.implicit_cargo_registries_crates_io_protocol || true[0m
native-tests	Setup Rust	2026-07-28T16:38:00.2201764Z [36;1m    echo CARGO_REGISTRIES_CRATES_IO_PROTOCOL=git >> $GITHUB_ENV[0m
native-tests	Setup Rust	2026-07-28T16:38:00.2202409Z [36;1m  fi[0m
native-tests	Setup Rust	2026-07-28T16:38:00.2202611Z [36;1mfi[0m
native-tests	Setup Rust	2026-07-28T16:38:00.2244942Z shell: /usr/bin/bash --noprofile --norc -e -o pipefail {0}
native-tests	Setup Rust	2026-07-28T16:38:00.2245284Z env:
native-tests	Setup Rust	2026-07-28T16:38:00.2245485Z   CARGO_HOME: /home/runner/.cargo
native-tests	Setup Rust	2026-07-28T16:38:00.2245760Z   CARGO_INCREMENTAL: 0
native-tests	Setup Rust	2026-07-28T16:38:00.2245981Z   CARGO_TERM_COLOR: always
native-tests	Setup Rust	2026-07-28T16:38:00.2246198Z ##[endgroup]
native-tests	Setup Rust	2026-07-28T16:38:00.2630984Z ##[group]Run : work around spurious network errors in curl 8.0
native-tests	Setup Rust	2026-07-28T16:38:00.2631440Z [36;1m: work around spurious network errors in curl 8.0[0m
native-tests	Setup Rust	2026-07-28T16:38:00.2631981Z [36;1m# https://rust-lang.zulipchat.com/#narrow/stream/246057-t-cargo/topic/timeout.20investigation[0m
native-tests	Setup Rust	2026-07-28T16:38:00.2633014Z [36;1mif rustc +stable --version --verbose | grep -q '^release: 1\.7[01]\.'; then[0m
native-tests	Setup Rust	2026-07-28T16:38:00.2633499Z [36;1m  echo CARGO_HTTP_MULTIPLEXING=false >> $GITHUB_ENV[0m
native-tests	Setup Rust	2026-07-28T16:38:00.2633813Z [36;1mfi[0m
native-tests	Setup Rust	2026-07-28T16:38:00.2678177Z shell: /usr/bin/bash --noprofile --norc -e -o pipefail {0}
native-tests	Setup Rust	2026-07-28T16:38:00.2678552Z env:
native-tests	Setup Rust	2026-07-28T16:38:00.2678833Z   CARGO_HOME: /home/runner/.cargo
native-tests	Setup Rust	2026-07-28T16:38:00.2679087Z   CARGO_INCREMENTAL: 0
native-tests	Setup Rust	2026-07-28T16:38:00.2679307Z   CARGO_TERM_COLOR: always
native-tests	Setup Rust	2026-07-28T16:38:00.2679525Z ##[endgroup]
native-tests	Setup Rust	2026-07-28T16:38:00.2919288Z ##[group]Run rustc +stable --version --verbose
native-tests	Setup Rust	2026-07-28T16:38:00.2919656Z [36;1mrustc +stable --version --verbose[0m
native-tests	Setup Rust	2026-07-28T16:38:00.2963953Z shell: /usr/bin/bash --noprofile --norc -e -o pipefail {0}
native-tests	Setup Rust	2026-07-28T16:38:00.2964298Z env:
native-tests	Setup Rust	2026-07-28T16:38:00.2964498Z   CARGO_HOME: /home/runner/.cargo
native-tests	Setup Rust	2026-07-28T16:38:00.2964750Z   CARGO_INCREMENTAL: 0
native-tests	Setup Rust	2026-07-28T16:38:00.2965136Z   CARGO_TERM_COLOR: always
native-tests	Setup Rust	2026-07-28T16:38:00.2965354Z ##[endgroup]
native-tests	Setup Rust	2026-07-28T16:38:00.3158506Z rustc 1.97.1 (8bab26f4f 2026-07-14)
native-tests	Setup Rust	2026-07-28T16:38:00.3159115Z binary: rustc
native-tests	Setup Rust	2026-07-28T16:38:00.3159555Z commit-hash: 8bab26f4f68e0e26f0bb7960be334d5b520ea452
native-tests	Setup Rust	2026-07-28T16:38:00.3160038Z commit-date: 2026-07-14
native-tests	Setup Rust	2026-07-28T16:38:00.3160696Z host: x86_64-unknown-linux-gnu
native-tests	Setup Rust	2026-07-28T16:38:00.3161168Z release: 1.97.1
native-tests	Setup Rust	2026-07-28T16:38:00.3161580Z LLVM version: 22.1.6
native-tests	Rust Cache	﻿2026-07-28T16:38:00.3269841Z ##[group]Run Swatinem/rust-cache@v2
native-tests	Rust Cache	2026-07-28T16:38:00.3270136Z with:
native-tests	Rust Cache	2026-07-28T16:38:00.3270329Z   workspaces: src-tauri
native-tests	Rust Cache	2026-07-28T16:38:00.3270552Z   prefix-key: v0-rust
native-tests	Rust Cache	2026-07-28T16:38:00.3270768Z   add-job-id-key: true
native-tests	Rust Cache	2026-07-28T16:38:00.3271002Z   add-rust-environment-hash-key: true
native-tests	Rust Cache	2026-07-28T16:38:00.3271266Z   cache-targets: true
native-tests	Rust Cache	2026-07-28T16:38:00.3271471Z   cache-all-crates: false
native-tests	Rust Cache	2026-07-28T16:38:00.3271703Z   cache-workspace-crates: false
native-tests	Rust Cache	2026-07-28T16:38:00.3271935Z   save-if: true
native-tests	Rust Cache	2026-07-28T16:38:00.3272551Z   cache-provider: github
native-tests	Rust Cache	2026-07-28T16:38:00.3272875Z   cache-bin: true
native-tests	Rust Cache	2026-07-28T16:38:00.3273163Z   lookup-only: false
native-tests	Rust Cache	2026-07-28T16:38:00.3273546Z   cmd-format: {0}
native-tests	Rust Cache	2026-07-28T16:38:00.3273832Z env:
native-tests	Rust Cache	2026-07-28T16:38:00.3274130Z   CARGO_HOME: /home/runner/.cargo
native-tests	Rust Cache	2026-07-28T16:38:00.3274540Z   CARGO_INCREMENTAL: 0
native-tests	Rust Cache	2026-07-28T16:38:00.3274839Z   CARGO_TERM_COLOR: always
native-tests	Rust Cache	2026-07-28T16:38:00.3275182Z ##[endgroup]
native-tests	Rust Cache	2026-07-28T16:38:00.6101128Z (node:2375) [DEP0040] DeprecationWarning: The `punycode` module is deprecated. Please use a userland alternative instead.
native-tests	Rust Cache	2026-07-28T16:38:00.6103520Z (Use `node --trace-deprecation ...` to show where the warning was created)
native-tests	Rust Cache	2026-07-28T16:38:00.8218818Z ##[group]Cache Configuration
native-tests	Rust Cache	2026-07-28T16:38:00.8220054Z Cache Provider:
native-tests	Rust Cache	2026-07-28T16:38:00.8220744Z     github
native-tests	Rust Cache	2026-07-28T16:38:00.8221363Z Workspaces:
native-tests	Rust Cache	2026-07-28T16:38:00.8222461Z     /home/runner/work/somaterm/somaterm/src-tauri
native-tests	Rust Cache	2026-07-28T16:38:00.8223280Z Cache Paths:
native-tests	Rust Cache	2026-07-28T16:38:00.8224042Z     /home/runner/.cargo/bin
native-tests	Rust Cache	2026-07-28T16:38:00.8224775Z     /home/runner/.cargo/.crates.toml
native-tests	Rust Cache	2026-07-28T16:38:00.8225449Z     /home/runner/.cargo/.crates2.json
native-tests	Rust Cache	2026-07-28T16:38:00.8226116Z     /home/runner/.cargo/registry
native-tests	Rust Cache	2026-07-28T16:38:00.8226810Z     /home/runner/.cargo/git
native-tests	Rust Cache	2026-07-28T16:38:00.8227673Z     /home/runner/work/somaterm/somaterm/src-tauri/target
native-tests	Rust Cache	2026-07-28T16:38:00.8228553Z Restore Key:
native-tests	Rust Cache	2026-07-28T16:38:00.8229365Z     v0-rust-native-tests-Linux-x64-db7c195c
native-tests	Rust Cache	2026-07-28T16:38:00.8230193Z Cache Key:
native-tests	Rust Cache	2026-07-28T16:38:00.8232745Z     v0-rust-native-tests-Linux-x64-db7c195c-69f46c2d
native-tests	Rust Cache	2026-07-28T16:38:00.8233886Z .. Prefix:
native-tests	Rust Cache	2026-07-28T16:38:00.8234821Z   - v0-rust-native-tests-Linux-x64
native-tests	Rust Cache	2026-07-28T16:38:00.8235676Z .. Environment considered:
native-tests	Rust Cache	2026-07-28T16:38:00.8236593Z   - Rust Versions:
native-tests	Rust Cache	2026-07-28T16:38:00.8237775Z     - 1.97.1 x86_64-unknown-linux-gnu 8bab26f4f68e0e26f0bb7960be334d5b520ea452
native-tests	Rust Cache	2026-07-28T16:38:00.8239265Z     - 1.97.1 x86_64-unknown-linux-gnu 8bab26f4f68e0e26f0bb7960be334d5b520ea452
native-tests	Rust Cache	2026-07-28T16:38:00.8240305Z   - CARGO_HOME
native-tests	Rust Cache	2026-07-28T16:38:00.8241109Z   - CARGO_INCREMENTAL
native-tests	Rust Cache	2026-07-28T16:38:00.8242289Z   - CARGO_TERM_COLOR
native-tests	Rust Cache	2026-07-28T16:38:00.8243228Z .. Lockfiles considered:
native-tests	Rust Cache	2026-07-28T16:38:00.8244187Z   - /home/runner/work/somaterm/somaterm/src-tauri/Cargo.lock
native-tests	Rust Cache	2026-07-28T16:38:00.8245439Z   - /home/runner/work/somaterm/somaterm/src-tauri/Cargo.toml
native-tests	Rust Cache	2026-07-28T16:38:00.8246805Z ##[endgroup]
native-tests	Rust Cache	2026-07-28T16:38:00.8247408Z 
native-tests	Rust Cache	2026-07-28T16:38:00.8247903Z ... Restoring cache ...
native-tests	Rust Cache	2026-07-28T16:38:01.0353220Z No cache found.
native-tests	Install Tauri dependencies (WebKitGTK)	﻿2026-07-28T16:38:01.0466788Z ##[group]Run sudo apt-get update
native-tests	Install Tauri dependencies (WebKitGTK)	2026-07-28T16:38:01.0467132Z [36;1msudo apt-get update[0m
native-tests	Install Tauri dependencies (WebKitGTK)	2026-07-28T16:38:01.0467795Z [36;1msudo apt-get install -y libwebkit2gtk-4.1-dev build-essential curl wget file libssl-dev libgtk-3-dev libayatana-appindicator3-dev librsvg2-dev xvfb[0m
native-tests	Install Tauri dependencies (WebKitGTK)	2026-07-28T16:38:01.0513557Z shell: /usr/bin/bash -e {0}
native-tests	Install Tauri dependencies (WebKitGTK)	2026-07-28T16:38:01.0513809Z env:
native-tests	Install Tauri dependencies (WebKitGTK)	2026-07-28T16:38:01.0514013Z   CARGO_HOME: /home/runner/.cargo
native-tests	Install Tauri dependencies (WebKitGTK)	2026-07-28T16:38:01.0514457Z   CARGO_INCREMENTAL: 0
native-tests	Install Tauri dependencies (WebKitGTK)	2026-07-28T16:38:01.0514676Z   CARGO_TERM_COLOR: always
native-tests	Install Tauri dependencies (WebKitGTK)	2026-07-28T16:38:01.0514897Z   CACHE_ON_FAILURE: false
native-tests	Install Tauri dependencies (WebKitGTK)	2026-07-28T16:38:01.0515106Z ##[endgroup]
native-tests	Install Tauri dependencies (WebKitGTK)	2026-07-28T16:38:01.1419924Z Get:1 file:/etc/apt/apt-mirrors.txt Mirrorlist [144 B]
native-tests	Install Tauri dependencies (WebKitGTK)	2026-07-28T16:38:01.1832847Z Hit:2 http://azure.archive.ubuntu.com/ubuntu noble InRelease
native-tests	Install Tauri dependencies (WebKitGTK)	2026-07-28T16:38:01.1843257Z Hit:6 https://packages.microsoft.com/repos/azure-cli noble InRelease
native-tests	Install Tauri dependencies (WebKitGTK)	2026-07-28T16:38:01.1857612Z Get:3 http://azure.archive.ubuntu.com/ubuntu noble-updates InRelease [126 kB]
native-tests	Install Tauri dependencies (WebKitGTK)	2026-07-28T16:38:01.1875740Z Get:7 https://packages.microsoft.com/ubuntu/24.04/prod noble InRelease [3600 B]
native-tests	Install Tauri dependencies (WebKitGTK)	2026-07-28T16:38:01.1914998Z Get:4 http://azure.archive.ubuntu.com/ubuntu noble-backports InRelease [126 kB]
native-tests	Install Tauri dependencies (WebKitGTK)	2026-07-28T16:38:01.1954672Z Get:5 http://azure.archive.ubuntu.com/ubuntu noble-security InRelease [126 kB]
native-tests	Install Tauri dependencies (WebKitGTK)	2026-07-28T16:38:01.2661388Z Get:8 https://dl.google.com/linux/chrome-stable/deb stable InRelease [2548 B]
native-tests	Install Tauri dependencies (WebKitGTK)	2026-07-28T16:38:01.3616322Z Get:9 https://packages.microsoft.com/ubuntu/24.04/prod noble/main amd64 Packages [247 kB]
native-tests	Install Tauri dependencies (WebKitGTK)	2026-07-28T16:38:01.3806560Z Get:10 https://packages.microsoft.com/ubuntu/24.04/prod noble/main arm64 Packages [213 kB]
native-tests	Install Tauri dependencies (WebKitGTK)	2026-07-28T16:38:01.3873611Z Get:11 https://packages.microsoft.com/ubuntu/24.04/prod noble/main armhf Packages [11.7 kB]
native-tests	Install Tauri dependencies (WebKitGTK)	2026-07-28T16:38:01.4098020Z Get:12 http://azure.archive.ubuntu.com/ubuntu noble-updates/main amd64 Packages [1153 kB]
native-tests	Install Tauri dependencies (WebKitGTK)	2026-07-28T16:38:01.4193568Z Get:13 http://azure.archive.ubuntu.com/ubuntu noble-updates/main Translation-en [278 kB]
native-tests	Install Tauri dependencies (WebKitGTK)	2026-07-28T16:38:01.4210241Z Get:14 http://azure.archive.ubuntu.com/ubuntu noble-updates/main amd64 Components [180 kB]
native-tests	Install Tauri dependencies (WebKitGTK)	2026-07-28T16:38:01.4229941Z Get:15 http://azure.archive.ubuntu.com/ubuntu noble-updates/universe amd64 Packages [1679 kB]
native-tests	Install Tauri dependencies (WebKitGTK)	2026-07-28T16:38:01.4324750Z Get:16 http://azure.archive.ubuntu.com/ubuntu noble-updates/universe Translation-en [334 kB]
native-tests	Install Tauri dependencies (WebKitGTK)	2026-07-28T16:38:01.4353740Z Get:17 http://azure.archive.ubuntu.com/ubuntu noble-updates/universe amd64 Components [389 kB]
native-tests	Install Tauri dependencies (WebKitGTK)	2026-07-28T16:38:01.4381882Z Get:18 http://azure.archive.ubuntu.com/ubuntu noble-updates/restricted amd64 Packages [1367 kB]
native-tests	Install Tauri dependencies (WebKitGTK)	2026-07-28T16:38:01.4483163Z Get:19 http://azure.archive.ubuntu.com/ubuntu noble-updates/restricted Translation-en [308 kB]
native-tests	Install Tauri dependencies (WebKitGTK)	2026-07-28T16:38:01.4502381Z Get:20 http://azure.archive.ubuntu.com/ubuntu noble-updates/multiverse amd64 Packages [45.4 kB]
native-tests	Install Tauri dependencies (WebKitGTK)	2026-07-28T16:38:01.4509615Z Get:21 http://azure.archive.ubuntu.com/ubuntu noble-updates/multiverse Translation-en [12.3 kB]
native-tests	Install Tauri dependencies (WebKitGTK)	2026-07-28T16:38:01.4952782Z Get:22 http://azure.archive.ubuntu.com/ubuntu noble-updates/multiverse amd64 Components [940 B]
native-tests	Install Tauri dependencies (WebKitGTK)	2026-07-28T16:38:01.4964633Z Get:23 http://azure.archive.ubuntu.com/ubuntu noble-backports/main amd64 Components [5760 B]
native-tests	Install Tauri dependencies (WebKitGTK)	2026-07-28T16:38:01.4972743Z Get:24 http://azure.archive.ubuntu.com/ubuntu noble-backports/universe amd64 Packages [32.5 kB]
native-tests	Install Tauri dependencies (WebKitGTK)	2026-07-28T16:38:01.4983169Z Get:25 http://azure.archive.ubuntu.com/ubuntu noble-backports/universe amd64 Components [12.6 kB]
native-tests	Install Tauri dependencies (WebKitGTK)	2026-07-28T16:38:01.5225331Z Get:26 http://azure.archive.ubuntu.com/ubuntu noble-security/main amd64 Packages [898 kB]
native-tests	Install Tauri dependencies (WebKitGTK)	2026-07-28T16:38:01.5275317Z Get:27 http://azure.archive.ubuntu.com/ubuntu noble-security/main Translation-en [198 kB]
native-tests	Install Tauri dependencies (WebKitGTK)	2026-07-28T16:38:01.5291271Z Get:28 http://azure.archive.ubuntu.com/ubuntu noble-security/main amd64 Components [46.3 kB]
native-tests	Install Tauri dependencies (WebKitGTK)	2026-07-28T16:38:01.5298575Z Get:29 http://azure.archive.ubuntu.com/ubuntu noble-security/universe amd64 Packages [1199 kB]
native-tests	Install Tauri dependencies (WebKitGTK)	2026-07-28T16:38:01.5355403Z Get:30 http://azure.archive.ubuntu.com/ubuntu noble-security/universe Translation-en [239 kB]
native-tests	Install Tauri dependencies (WebKitGTK)	2026-07-28T16:38:01.5370803Z Get:31 http://azure.archive.ubuntu.com/ubuntu noble-security/universe amd64 Components [76.2 kB]
native-tests	Install Tauri dependencies (WebKitGTK)	2026-07-28T16:38:01.5384352Z Get:32 http://azure.archive.ubuntu.com/ubuntu noble-security/restricted amd64 Packages [1273 kB]
native-tests	Install Tauri dependencies (WebKitGTK)	2026-07-28T16:38:01.5457697Z Get:33 http://azure.archive.ubuntu.com/ubuntu noble-security/restricted Translation-en [290 kB]
native-tests	Install Tauri dependencies (WebKitGTK)	2026-07-28T16:38:01.5476608Z Get:34 http://azure.archive.ubuntu.com/ubuntu noble-security/multiverse amd64 Packages [40.3 kB]
native-tests	Install Tauri dependencies (WebKitGTK)	2026-07-28T16:38:01.5483210Z Get:35 http://azure.archive.ubuntu.com/ubuntu noble-security/multiverse Translation-en [10.6 kB]
native-tests	Install Tauri dependencies (WebKitGTK)	2026-07-28T16:38:01.6244093Z Get:36 https://dl.google.com/linux/chrome-stable/deb stable/main amd64 Packages [1424 B]
native-tests	Install Tauri dependencies (WebKitGTK)	2026-07-28T16:38:07.1326401Z Fetched 10.9 MB in 1s (8316 kB/s)
native-tests	Install Tauri dependencies (WebKitGTK)	2026-07-28T16:38:07.8449700Z Reading package lists...
native-tests	Install Tauri dependencies (WebKitGTK)	2026-07-28T16:38:07.8767687Z Reading package lists...
native-tests	Install Tauri dependencies (WebKitGTK)	2026-07-28T16:38:08.0498140Z Building dependency tree...
native-tests	Install Tauri dependencies (WebKitGTK)	2026-07-28T16:38:08.0505648Z Reading state information...
native-tests	Install Tauri dependencies (WebKitGTK)	2026-07-28T16:38:08.2093022Z curl is already the newest version (8.5.0-2ubuntu10.11).
native-tests	Install Tauri dependencies (WebKitGTK)	2026-07-28T16:38:08.2094255Z file is already the newest version (1:5.45-3build1).
native-tests	Install Tauri dependencies (WebKitGTK)	2026-07-28T16:38:08.2095347Z libssl-dev is already the newest version (3.0.13-0ubuntu3.11).
native-tests	Install Tauri dependencies (WebKitGTK)	2026-07-28T16:38:08.2096056Z xvfb is already the newest version (2:21.1.12-1ubuntu1.6).
native-tests	Install Tauri dependencies (WebKitGTK)	2026-07-28T16:38:08.2096993Z The following additional packages will be installed:
native-tests	Install Tauri dependencies (WebKitGTK)	2026-07-28T16:38:08.2097995Z   bubblewrap bzip2-doc gir1.2-atk-1.0 gir1.2-atspi-2.0
native-tests	Install Tauri dependencies (WebKitGTK)	2026-07-28T16:38:08.2098776Z   gir1.2-ayatanaappindicator3-0.1 gir1.2-ayatanaido3-0.4
native-tests	Install Tauri dependencies (WebKitGTK)	2026-07-28T16:38:08.2099637Z   gir1.2-dbusmenu-glib-0.4 gir1.2-freedesktop gir1.2-freedesktop-dev
native-tests	Install Tauri dependencies (WebKitGTK)	2026-07-28T16:38:08.2100577Z   gir1.2-gdkpixbuf-2.0 gir1.2-girepository-2.0-dev gir1.2-glib-2.0-dev
native-tests	Install Tauri dependencies (WebKitGTK)	2026-07-28T16:38:08.2101567Z   gir1.2-gtk-3.0 gir1.2-harfbuzz-0.0 gir1.2-javascriptcoregtk-4.1
native-tests	Install Tauri dependencies (WebKitGTK)	2026-07-28T16:38:08.2102778Z   gir1.2-pango-1.0 gir1.2-rsvg-2.0 gir1.2-soup-3.0 gir1.2-webkit2-4.1
native-tests	Install Tauri dependencies (WebKitGTK)	2026-07-28T16:38:08.2103722Z   glib-networking glib-networking-common glib-networking-services
native-tests	Install Tauri dependencies (WebKitGTK)	2026-07-28T16:38:08.2104700Z   gobject-introspection gobject-introspection-bin gsettings-desktop-schemas
native-tests	Install Tauri dependencies (WebKitGTK)	2026-07-28T16:38:08.2105702Z   gstreamer1.0-gl gstreamer1.0-plugins-base gstreamer1.0-plugins-good
native-tests	Install Tauri dependencies (WebKitGTK)	2026-07-28T16:38:08.2106677Z   gstreamer1.0-x libaa1 libasyncns0 libatk-bridge2.0-dev libatk1.0-dev
native-tests	Install Tauri dependencies (WebKitGTK)	2026-07-28T16:38:08.2107530Z   libatspi2.0-dev libavc1394-0 libayatana-appindicator3-1
native-tests	Install Tauri dependencies (WebKitGTK)	2026-07-28T16:38:08.2108357Z   libayatana-ido3-0.4-0 libayatana-ido3-dev libayatana-indicator3-7
native-tests	Install Tauri dependencies (WebKitGTK)	2026-07-28T16:38:08.2109286Z   libayatana-indicator3-dev libblkid-dev libbrotli-dev libbz2-dev libcaca0
native-tests	Install Tauri dependencies (WebKitGTK)	2026-07-28T16:38:08.2109857Z   libcairo-script-interpreter2 libcairo2-dev libcdparanoia0 libdatrie-dev
native-tests	Install Tauri dependencies (WebKitGTK)	2026-07-28T16:38:08.2110478Z   libdbus-1-dev libdbusmenu-glib-dev libdeflate-dev libdv4t64 libegl-dev
native-tests	Install Tauri dependencies (WebKitGTK)	2026-07-28T16:38:08.2111409Z   libegl-mesa0 libegl1 libegl1-mesa-dev libepoxy-dev libflac12t64
native-tests	Install Tauri dependencies (WebKitGTK)	2026-07-28T16:38:08.2112445Z   libfontconfig-dev libfreetype-dev libfribidi-dev libgdk-pixbuf-2.0-dev
native-tests	Install Tauri dependencies (WebKitGTK)	2026-07-28T16:38:08.2113017Z   libgdk-pixbuf2.0-bin libgirepository-1.0-dev libgirepository-2.0-0
native-tests	Install Tauri dependencies (WebKitGTK)	2026-07-28T16:38:08.2113513Z   libgirepository1.0-dev libgl-dev libgles-dev libgles1 libgles2
native-tests	Install Tauri dependencies (WebKitGTK)	2026-07-28T16:38:08.2114030Z   libglib2.0-dev libglib2.0-dev-bin libglvnd-core-dev libglvnd-dev libglx-dev
native-tests	Install Tauri dependencies (WebKitGTK)	2026-07-28T16:38:08.2114522Z   libgraphene-1.0-0 libgraphite2-dev libgstreamer-gl1.0-0
native-tests	Install Tauri dependencies (WebKitGTK)	2026-07-28T16:38:08.2114999Z   libgstreamer-plugins-base1.0-0 libgstreamer-plugins-good1.0-0
native-tests	Install Tauri dependencies (WebKitGTK)	2026-07-28T16:38:08.2115540Z   libharfbuzz-cairo0 libharfbuzz-dev libharfbuzz-gobject0 libharfbuzz-icu0
native-tests	Install Tauri dependencies (WebKitGTK)	2026-07-28T16:38:08.2116022Z   libharfbuzz-subset0 libhyphen0 libice-dev libiec61883-0
native-tests	Install Tauri dependencies (WebKitGTK)	2026-07-28T16:38:08.2116493Z   libjavascriptcoregtk-4.1-0 libjavascriptcoregtk-4.1-dev libjbig-dev
native-tests	Install Tauri dependencies (WebKitGTK)	2026-07-28T16:38:08.2117003Z   libjpeg-dev libjpeg-turbo8-dev libjpeg8-dev liblerc-dev liblzma-dev
native-tests	Install Tauri dependencies (WebKitGTK)	2026-07-28T16:38:08.2117523Z   libmanette-0.2-0 libmount-dev libmp3lame0 libmpg123-0t64 libnghttp2-dev
native-tests	Install Tauri dependencies (WebKitGTK)	2026-07-28T16:38:08.2118411Z   libopengl-dev libopengl0 libopus0 liborc-0.4-0t64 libpango1.0-dev
native-tests	Install Tauri dependencies (WebKitGTK)	2026-07-28T16:38:08.2118879Z   libpangoxft-1.0-0 libpipewire-0.3-0t64 libpipewire-0.3-common
native-tests	Install Tauri dependencies (WebKitGTK)	2026-07-28T16:38:08.2119343Z   libpixman-1-dev libpng-dev libpng-tools libproxy1v5 libpsl-dev
native-tests	Install Tauri dependencies (WebKitGTK)	2026-07-28T16:38:08.2119844Z   libpthread-stubs0-dev libpulse0 libraw1394-11 librsvg2-2 librsvg2-common
native-tests	Install Tauri dependencies (WebKitGTK)	2026-07-28T16:38:08.2120542Z   libsecret-1-0 libsecret-common libselinux1-dev libsepol-dev libsharpyuv-dev
native-tests	Install Tauri dependencies (WebKitGTK)	2026-07-28T16:38:08.2121087Z   libshout3 libsm-dev libsndfile1 libsoup-3.0-0 libsoup-3.0-common
native-tests	Install Tauri dependencies (WebKitGTK)	2026-07-28T16:38:08.2121585Z   libsoup-3.0-dev libspa-0.2-modules libspeex1 libsysprof-capture-4-dev
native-tests	Install Tauri dependencies (WebKitGTK)	2026-07-28T16:38:08.2122360Z   libtag1v5 libtag1v5-vanilla libthai-dev libtheora0 libtiff-dev libtiffxx6
native-tests	Install Tauri dependencies (WebKitGTK)	2026-07-28T16:38:08.2122916Z   libtwolame0 libv4l-0t64 libv4lconvert0t64 libvisual-0.4-0 libvorbisenc2
native-tests	Install Tauri dependencies (WebKitGTK)	2026-07-28T16:38:08.2123433Z   libvpx9 libwavpack1 libwayland-bin libwayland-dev libwayland-server0
native-tests	Install Tauri dependencies (WebKitGTK)	2026-07-28T16:38:08.2123988Z   libwebkit2gtk-4.1-0 libwebp-dev libwebpdecoder3 libwebrtc-audio-processing1
native-tests	Install Tauri dependencies (WebKitGTK)	2026-07-28T16:38:08.2124524Z   libx11-dev libxau-dev libxcb-render0-dev libxcb-shm0-dev libxcb1-dev
native-tests	Install Tauri dependencies (WebKitGTK)	2026-07-28T16:38:08.2125051Z   libxcomposite-dev libxcursor-dev libxdamage-dev libxdmcp-dev libxext-dev
native-tests	Install Tauri dependencies (WebKitGTK)	2026-07-28T16:38:08.2125566Z   libxfixes-dev libxft-dev libxi-dev libxinerama-dev libxkbcommon-dev
native-tests	Install Tauri dependencies (WebKitGTK)	2026-07-28T16:38:08.2126098Z   libxrandr-dev libxrender-dev libxtst-dev libxv1 pango1.0-tools python3-mako
native-tests	Install Tauri dependencies (WebKitGTK)	2026-07-28T16:38:08.2126667Z   python3-markdown session-migration uuid-dev wayland-protocols x11proto-dev
native-tests	Install Tauri dependencies (WebKitGTK)	2026-07-28T16:38:08.2127255Z   xdg-dbus-proxy xdg-desktop-portal xdg-desktop-portal-gtk xorg-sgml-doctools
native-tests	Install Tauri dependencies (WebKitGTK)	2026-07-28T16:38:08.2127655Z   xtrans-dev
native-tests	Install Tauri dependencies (WebKitGTK)	2026-07-28T16:38:08.2127876Z Suggested packages:
native-tests	Install Tauri dependencies (WebKitGTK)	2026-07-28T16:38:08.2128235Z   gvfs libcairo2-doc libdatrie-doc libdv-bin oss-compat freetype2-doc
native-tests	Install Tauri dependencies (WebKitGTK)	2026-07-28T16:38:08.2128755Z   libgirepository1.0-doc libglib2.0-doc libxml2-utils libgraphite2-utils
native-tests	Install Tauri dependencies (WebKitGTK)	2026-07-28T16:38:08.2129303Z   libvisual-0.4-plugins libgtk-3-doc libice-doc liblzma-doc libnghttp2-doc
native-tests	Install Tauri dependencies (WebKitGTK)	2026-07-28T16:38:08.2129856Z   opus-tools libpango1.0-doc pipewire pulseaudio libraw1394-doc librsvg2-bin
native-tests	Install Tauri dependencies (WebKitGTK)	2026-07-28T16:38:08.2130392Z   librsvg2-doc libsm-doc libsoup-3.0-doc speex libthai-doc libwayland-doc
native-tests	Install Tauri dependencies (WebKitGTK)	2026-07-28T16:38:08.2130927Z   gstreamer1.0-libav gstreamer1.0-plugins-bad gstreamer1.0-alsa libx11-doc
native-tests	Install Tauri dependencies (WebKitGTK)	2026-07-28T16:38:08.2131456Z   libxcb-doc libxext-doc graphicsmagick python-mako-doc python3-beaker
native-tests	Install Tauri dependencies (WebKitGTK)	2026-07-28T16:38:08.2131977Z   python-markdown-doc accountsservice evince xdg-desktop-portal-gnome
native-tests	Install Tauri dependencies (WebKitGTK)	2026-07-28T16:38:08.3159434Z The following NEW packages will be installed:
native-tests	Install Tauri dependencies (WebKitGTK)	2026-07-28T16:38:08.3160534Z   bubblewrap build-essential bzip2-doc gir1.2-atk-1.0 gir1.2-atspi-2.0
native-tests	Install Tauri dependencies (WebKitGTK)	2026-07-28T16:38:08.3161264Z   gir1.2-ayatanaappindicator3-0.1 gir1.2-ayatanaido3-0.4
native-tests	Install Tauri dependencies (WebKitGTK)	2026-07-28T16:38:08.3161934Z   gir1.2-dbusmenu-glib-0.4 gir1.2-freedesktop gir1.2-freedesktop-dev
native-tests	Install Tauri dependencies (WebKitGTK)	2026-07-28T16:38:08.3163310Z   gir1.2-gdkpixbuf-2.0 gir1.2-girepository-2.0-dev gir1.2-glib-2.0-dev
native-tests	Install Tauri dependencies (WebKitGTK)	2026-07-28T16:38:08.3164449Z   gir1.2-gtk-3.0 gir1.2-harfbuzz-0.0 gir1.2-javascriptcoregtk-4.1
native-tests	Install Tauri dependencies (WebKitGTK)	2026-07-28T16:38:08.3165301Z   gir1.2-pango-1.0 gir1.2-rsvg-2.0 gir1.2-soup-3.0 gir1.2-webkit2-4.1
native-tests	Install Tauri dependencies (WebKitGTK)	2026-07-28T16:38:08.3166393Z   glib-networking glib-networking-common glib-networking-services
native-tests	Install Tauri dependencies (WebKitGTK)	2026-07-28T16:38:08.3167628Z   gobject-introspection gobject-introspection-bin gsettings-desktop-schemas
native-tests	Install Tauri dependencies (WebKitGTK)	2026-07-28T16:38:08.3168547Z   gstreamer1.0-gl gstreamer1.0-plugins-base gstreamer1.0-plugins-good
native-tests	Install Tauri dependencies (WebKitGTK)	2026-07-28T16:38:08.3169416Z   gstreamer1.0-x libaa1 libasyncns0 libatk-bridge2.0-dev libatk1.0-dev
native-tests	Install Tauri dependencies (WebKitGTK)	2026-07-28T16:38:08.3170349Z   libatspi2.0-dev libavc1394-0 libayatana-appindicator3-1
native-tests	Install Tauri dependencies (WebKitGTK)	2026-07-28T16:38:08.3171247Z   libayatana-appindicator3-dev libayatana-ido3-0.4-0 libayatana-ido3-dev
native-tests	Install Tauri dependencies (WebKitGTK)	2026-07-28T16:38:08.3172442Z   libayatana-indicator3-7 libayatana-indicator3-dev libblkid-dev libbrotli-dev
native-tests	Install Tauri dependencies (WebKitGTK)	2026-07-28T16:38:08.3173086Z   libbz2-dev libcaca0 libcairo-script-interpreter2 libcairo2-dev
native-tests	Install Tauri dependencies (WebKitGTK)	2026-07-28T16:38:08.3174029Z   libcdparanoia0 libdatrie-dev libdbus-1-dev libdbusmenu-glib-dev
native-tests	Install Tauri dependencies (WebKitGTK)	2026-07-28T16:38:08.3174621Z   libdeflate-dev libdv4t64 libegl-dev libegl-mesa0 libegl1 libegl1-mesa-dev
native-tests	Install Tauri dependencies (WebKitGTK)	2026-07-28T16:38:08.3175266Z   libepoxy-dev libflac12t64 libfontconfig-dev libfreetype-dev libfribidi-dev
native-tests	Install Tauri dependencies (WebKitGTK)	2026-07-28T16:38:08.3175885Z   libgdk-pixbuf-2.0-dev libgdk-pixbuf2.0-bin libgirepository-1.0-dev
native-tests	Install Tauri dependencies (WebKitGTK)	2026-07-28T16:38:08.3176871Z   libgirepository-2.0-0 libgirepository1.0-dev libgl-dev libgles-dev libgles1
native-tests	Install Tauri dependencies (WebKitGTK)	2026-07-28T16:38:08.3177532Z   libgles2 libglib2.0-dev libglib2.0-dev-bin libglvnd-core-dev libglvnd-dev
native-tests	Install Tauri dependencies (WebKitGTK)	2026-07-28T16:38:08.3178131Z   libglx-dev libgraphene-1.0-0 libgraphite2-dev libgstreamer-gl1.0-0
native-tests	Install Tauri dependencies (WebKitGTK)	2026-07-28T16:38:08.3178754Z   libgstreamer-plugins-base1.0-0 libgstreamer-plugins-good1.0-0 libgtk-3-dev
native-tests	Install Tauri dependencies (WebKitGTK)	2026-07-28T16:38:08.3179418Z   libharfbuzz-cairo0 libharfbuzz-dev libharfbuzz-gobject0 libharfbuzz-icu0
native-tests	Install Tauri dependencies (WebKitGTK)	2026-07-28T16:38:08.3179973Z   libharfbuzz-subset0 libhyphen0 libice-dev libiec61883-0
native-tests	Install Tauri dependencies (WebKitGTK)	2026-07-28T16:38:08.3180525Z   libjavascriptcoregtk-4.1-0 libjavascriptcoregtk-4.1-dev libjbig-dev
native-tests	Install Tauri dependencies (WebKitGTK)	2026-07-28T16:38:08.3181116Z   libjpeg-dev libjpeg-turbo8-dev libjpeg8-dev liblerc-dev liblzma-dev
native-tests	Install Tauri dependencies (WebKitGTK)	2026-07-28T16:38:08.3181698Z   libmanette-0.2-0 libmount-dev libmp3lame0 libmpg123-0t64 libnghttp2-dev
native-tests	Install Tauri dependencies (WebKitGTK)	2026-07-28T16:38:08.3182458Z   libopengl-dev libopengl0 libopus0 liborc-0.4-0t64 libpango1.0-dev
native-tests	Install Tauri dependencies (WebKitGTK)	2026-07-28T16:38:08.3183000Z   libpangoxft-1.0-0 libpipewire-0.3-0t64 libpipewire-0.3-common
native-tests	Install Tauri dependencies (WebKitGTK)	2026-07-28T16:38:08.3183540Z   libpixman-1-dev libpng-dev libpng-tools libproxy1v5 libpsl-dev
native-tests	Install Tauri dependencies (WebKitGTK)	2026-07-28T16:38:08.3184501Z   libpthread-stubs0-dev libpulse0 libraw1394-11 librsvg2-2 librsvg2-common
native-tests	Install Tauri dependencies (WebKitGTK)	2026-07-28T16:38:08.3185337Z   librsvg2-dev libsecret-1-0 libsecret-common libselinux1-dev libsepol-dev
native-tests	Install Tauri dependencies (WebKitGTK)	2026-07-28T16:38:08.3185908Z   libsharpyuv-dev libshout3 libsm-dev libsndfile1 libsoup-3.0-0
native-tests	Install Tauri dependencies (WebKitGTK)	2026-07-28T16:38:08.3186443Z   libsoup-3.0-common libsoup-3.0-dev libspa-0.2-modules libspeex1
native-tests	Install Tauri dependencies (WebKitGTK)	2026-07-28T16:38:08.3187013Z   libsysprof-capture-4-dev libtag1v5 libtag1v5-vanilla libthai-dev libtheora0
native-tests	Install Tauri dependencies (WebKitGTK)	2026-07-28T16:38:08.3187559Z   libtiff-dev libtiffxx6 libtwolame0 libv4l-0t64 libv4lconvert0t64
native-tests	Install Tauri dependencies (WebKitGTK)	2026-07-28T16:38:08.3188027Z   libvisual-0.4-0 libvorbisenc2 libvpx9 libwavpack1 libwayland-bin
native-tests	Install Tauri dependencies (WebKitGTK)	2026-07-28T16:38:08.3188543Z   libwayland-dev libwayland-server0 libwebkit2gtk-4.1-0 libwebkit2gtk-4.1-dev
native-tests	Install Tauri dependencies (WebKitGTK)	2026-07-28T16:38:08.3189075Z   libwebp-dev libwebpdecoder3 libwebrtc-audio-processing1 libx11-dev
native-tests	Install Tauri dependencies (WebKitGTK)	2026-07-28T16:38:08.3189612Z   libxau-dev libxcb-render0-dev libxcb-shm0-dev libxcb1-dev libxcomposite-dev
native-tests	Install Tauri dependencies (WebKitGTK)	2026-07-28T16:38:08.3190145Z   libxcursor-dev libxdamage-dev libxdmcp-dev libxext-dev libxfixes-dev
native-tests	Install Tauri dependencies (WebKitGTK)	2026-07-28T16:38:08.3190641Z   libxft-dev libxi-dev libxinerama-dev libxkbcommon-dev libxrandr-dev
native-tests	Install Tauri dependencies (WebKitGTK)	2026-07-28T16:38:08.3191120Z   libxrender-dev libxtst-dev libxv1 pango1.0-tools python3-mako
native-tests	Install Tauri dependencies (WebKitGTK)	2026-07-28T16:38:08.3191637Z   python3-markdown session-migration uuid-dev wayland-protocols x11proto-dev
native-tests	Install Tauri dependencies (WebKitGTK)	2026-07-28T16:38:08.3192403Z   xdg-dbus-proxy xdg-desktop-portal xdg-desktop-portal-gtk xorg-sgml-doctools
native-tests	Install Tauri dependencies (WebKitGTK)	2026-07-28T16:38:08.3192815Z   xtrans-dev
native-tests	Install Tauri dependencies (WebKitGTK)	2026-07-28T16:38:08.3193088Z The following packages will be upgraded:
native-tests	Install Tauri dependencies (WebKitGTK)	2026-07-28T16:38:08.3193352Z   wget
native-tests	Install Tauri dependencies (WebKitGTK)	2026-07-28T16:38:08.3408988Z 1 upgraded, 189 newly installed, 0 to remove and 72 not upgraded.
native-tests	Install Tauri dependencies (WebKitGTK)	2026-07-28T16:38:08.3409768Z Need to get 61.8 MB of archives.
native-tests	Install Tauri dependencies (WebKitGTK)	2026-07-28T16:38:08.3410211Z After this operation, 267 MB of additional disk space will be used.
native-tests	Install Tauri dependencies (WebKitGTK)	2026-07-28T16:38:08.3410724Z Get:1 file:/etc/apt/apt-mirrors.txt Mirrorlist [144 B]
native-tests	Install Tauri dependencies (WebKitGTK)	2026-07-28T16:38:08.4023704Z Get:2 http://azure.archive.ubuntu.com/ubuntu noble-updates/main amd64 wget amd64 1.21.4-1ubuntu4.4 [334 kB]
native-tests	Install Tauri dependencies (WebKitGTK)	2026-07-28T16:38:08.4516143Z Get:3 http://azure.archive.ubuntu.com/ubuntu noble-updates/main amd64 bubblewrap amd64 0.9.0-1ubuntu0.1 [50.2 kB]
native-tests	Install Tauri dependencies (WebKitGTK)	2026-07-28T16:38:08.4980091Z Get:4 http://azure.archive.ubuntu.com/ubuntu noble/main amd64 build-essential amd64 12.10ubuntu1 [4928 B]
native-tests	Install Tauri dependencies (WebKitGTK)	2026-07-28T16:38:08.5431051Z Get:5 http://azure.archive.ubuntu.com/ubuntu noble-updates/main amd64 bzip2-doc all 1.0.8-5.1build0.1 [499 kB]
native-tests	Install Tauri dependencies (WebKitGTK)	2026-07-28T16:38:08.5959447Z Get:6 http://azure.archive.ubuntu.com/ubuntu noble/main amd64 gir1.2-atk-1.0 amd64 2.52.0-1build1 [23.1 kB]
native-tests	Install Tauri dependencies (WebKitGTK)	2026-07-28T16:38:08.6469852Z Get:7 http://azure.archive.ubuntu.com/ubuntu noble/main amd64 gir1.2-freedesktop amd64 1.80.1-1 [49.7 kB]
native-tests	Install Tauri dependencies (WebKitGTK)	2026-07-28T16:38:08.6972958Z Get:8 http://azure.archive.ubuntu.com/ubuntu noble/main amd64 gir1.2-atspi-2.0 amd64 2.52.0-1build1 [19.8 kB]
native-tests	Install Tauri dependencies (WebKitGTK)	2026-07-28T16:38:08.7501422Z Get:9 http://azure.archive.ubuntu.com/ubuntu noble-updates/main amd64 gir1.2-gdkpixbuf-2.0 amd64 2.42.10+dfsg-3ubuntu3.3 [9482 B]
native-tests	Install Tauri dependencies (WebKitGTK)	2026-07-28T16:38:08.8029694Z Get:10 http://azure.archive.ubuntu.com/ubuntu noble/main amd64 libharfbuzz-gobject0 amd64 8.3.0-2build2 [34.3 kB]
native-tests	Install Tauri dependencies (WebKitGTK)	2026-07-28T16:38:08.8555996Z Get:11 http://azure.archive.ubuntu.com/ubuntu noble/main amd64 gir1.2-harfbuzz-0.0 amd64 8.3.0-2build2 [44.5 kB]
native-tests	Install Tauri dependencies (WebKitGTK)	2026-07-28T16:38:08.9085625Z Get:12 http://azure.archive.ubuntu.com/ubuntu noble/main amd64 libpangoxft-1.0-0 amd64 1.52.1+ds-1build1 [20.3 kB]
native-tests	Install Tauri dependencies (WebKitGTK)	2026-07-28T16:38:08.9614662Z Get:13 http://azure.archive.ubuntu.com/ubuntu noble/main amd64 gir1.2-pango-1.0 amd64 1.52.1+ds-1build1 [34.8 kB]
native-tests	Install Tauri dependencies (WebKitGTK)	2026-07-28T16:38:09.0143049Z Get:14 http://azure.archive.ubuntu.com/ubuntu noble-updates/main amd64 gir1.2-gtk-3.0 amd64 3.24.41-4ubuntu1.3 [245 kB]
native-tests	Install Tauri dependencies (WebKitGTK)	2026-07-28T16:38:09.0684157Z Get:15 http://azure.archive.ubuntu.com/ubuntu noble/main amd64 libayatana-ido3-0.4-0 amd64 0.10.1-1build2 [56.6 kB]
native-tests	Install Tauri dependencies (WebKitGTK)	2026-07-28T16:38:09.1217767Z Get:16 http://azure.archive.ubuntu.com/ubuntu noble/main amd64 libayatana-indicator3-7 amd64 0.9.4-1build1 [31.7 kB]
native-tests	Install Tauri dependencies (WebKitGTK)	2026-07-28T16:38:09.1744468Z Get:17 http://azure.archive.ubuntu.com/ubuntu noble/main amd64 libayatana-appindicator3-1 amd64 0.5.93-1build3 [24.7 kB]
native-tests	Install Tauri dependencies (WebKitGTK)	2026-07-28T16:38:09.2271631Z Get:18 http://azure.archive.ubuntu.com/ubuntu noble/main amd64 gir1.2-ayatanaappindicator3-0.1 amd64 0.5.93-1build3 [5838 B]
native-tests	Install Tauri dependencies (WebKitGTK)	2026-07-28T16:38:09.2797519Z Get:19 http://azure.archive.ubuntu.com/ubuntu noble/main amd64 gir1.2-ayatanaido3-0.4 amd64 0.10.1-1build2 [6410 B]
native-tests	Install Tauri dependencies (WebKitGTK)	2026-07-28T16:38:09.3324284Z Get:20 http://azure.archive.ubuntu.com/ubuntu noble/main amd64 gir1.2-dbusmenu-glib-0.4 amd64 18.10.20180917~bzr492+repack1-3.1ubuntu5 [7088 B]
native-tests	Install Tauri dependencies (WebKitGTK)	2026-07-28T16:38:09.3851859Z Get:21 http://azure.archive.ubuntu.com/ubuntu noble-updates/main amd64 gir1.2-glib-2.0-dev amd64 2.80.0-6ubuntu3.8 [848 kB]
native-tests	Install Tauri dependencies (WebKitGTK)	2026-07-28T16:38:09.4490901Z Get:22 http://azure.archive.ubuntu.com/ubuntu noble/main amd64 gir1.2-freedesktop-dev amd64 1.80.1-1 [28.8 kB]
native-tests	Install Tauri dependencies (WebKitGTK)	2026-07-28T16:38:09.5025468Z Get:23 http://azure.archive.ubuntu.com/ubuntu noble/main amd64 gir1.2-girepository-2.0-dev amd64 1.80.1-1 [41.5 kB]
native-tests	Install Tauri dependencies (WebKitGTK)	2026-07-28T16:38:09.5650165Z Get:24 http://azure.archive.ubuntu.com/ubuntu noble-updates/main amd64 libjavascriptcoregtk-4.1-0 amd64 2.52.3-0ubuntu0.24.04.1 [8141 kB]
native-tests	Install Tauri dependencies (WebKitGTK)	2026-07-28T16:38:09.7668298Z Get:25 http://azure.archive.ubuntu.com/ubuntu noble-updates/main amd64 gir1.2-javascriptcoregtk-4.1 amd64 2.52.3-0ubuntu0.24.04.1 [38.6 kB]
native-tests	Install Tauri dependencies (WebKitGTK)	2026-07-28T16:38:09.8182026Z Get:26 http://azure.archive.ubuntu.com/ubuntu noble/main amd64 librsvg2-2 amd64 2.58.0+dfsg-1build1 [2135 kB]
native-tests	Install Tauri dependencies (WebKitGTK)	2026-07-28T16:38:09.9178692Z Get:27 http://azure.archive.ubuntu.com/ubuntu noble/main amd64 gir1.2-rsvg-2.0 amd64 2.58.0+dfsg-1build1 [11.1 kB]
native-tests	Install Tauri dependencies (WebKitGTK)	2026-07-28T16:38:09.9672012Z Get:28 http://azure.archive.ubuntu.com/ubuntu noble/main amd64 libproxy1v5 amd64 0.5.4-4build1 [26.5 kB]
native-tests	Install Tauri dependencies (WebKitGTK)	2026-07-28T16:38:10.0198163Z Get:29 http://azure.archive.ubuntu.com/ubuntu noble/main amd64 glib-networking-common all 2.80.0-1build1 [6702 B]
native-tests	Install Tauri dependencies (WebKitGTK)	2026-07-28T16:38:10.0723145Z Get:30 http://azure.archive.ubuntu.com/ubuntu noble/main amd64 glib-networking-services amd64 2.80.0-1build1 [12.8 kB]
native-tests	Install Tauri dependencies (WebKitGTK)	2026-07-28T16:38:10.1273272Z Get:31 http://azure.archive.ubuntu.com/ubuntu noble/main amd64 session-migration amd64 0.3.9build1 [9034 B]
native-tests	Install Tauri dependencies (WebKitGTK)	2026-07-28T16:38:10.1919531Z Get:32 http://azure.archive.ubuntu.com/ubuntu noble-updates/main amd64 gsettings-desktop-schemas all 46.1-0ubuntu1 [35.6 kB]
native-tests	Install Tauri dependencies (WebKitGTK)	2026-07-28T16:38:10.2431546Z Get:33 http://azure.archive.ubuntu.com/ubuntu noble/main amd64 glib-networking amd64 2.80.0-1build1 [64.1 kB]
native-tests	Install Tauri dependencies (WebKitGTK)	2026-07-28T16:38:10.2889481Z Get:34 http://azure.archive.ubuntu.com/ubuntu noble-updates/main amd64 libsoup-3.0-common all 3.4.4-5ubuntu0.7 [11.6 kB]
native-tests	Install Tauri dependencies (WebKitGTK)	2026-07-28T16:38:10.3347227Z Get:35 http://azure.archive.ubuntu.com/ubuntu noble-updates/main amd64 libsoup-3.0-0 amd64 3.4.4-5ubuntu0.7 [292 kB]
native-tests	Install Tauri dependencies (WebKitGTK)	2026-07-28T16:38:10.3836843Z Get:36 http://azure.archive.ubuntu.com/ubuntu noble-updates/main amd64 gir1.2-soup-3.0 amd64 3.4.4-5ubuntu0.7 [22.5 kB]
native-tests	Install Tauri dependencies (WebKitGTK)	2026-07-28T16:38:10.4296257Z Get:37 http://azure.archive.ubuntu.com/ubuntu noble/main amd64 libcdparanoia0 amd64 3.10.2+debian-14build3 [48.5 kB]
native-tests	Install Tauri dependencies (WebKitGTK)	2026-07-28T16:38:10.4756482Z Get:38 http://azure.archive.ubuntu.com/ubuntu noble-updates/main amd64 liborc-0.4-0t64 amd64 1:0.4.38-1ubuntu0.1 [207 kB]
native-tests	Install Tauri dependencies (WebKitGTK)	2026-07-28T16:38:10.5234462Z Get:39 http://azure.archive.ubuntu.com/ubuntu noble-updates/main amd64 libgstreamer-plugins-base1.0-0 amd64 1.24.2-1ubuntu0.4 [862 kB]
native-tests	Install Tauri dependencies (WebKitGTK)	2026-07-28T16:38:10.5766584Z Get:40 http://azure.archive.ubuntu.com/ubuntu noble/main amd64 libopus0 amd64 1.4-1build1 [208 kB]
native-tests	Install Tauri dependencies (WebKitGTK)	2026-07-28T16:38:10.6250337Z Get:41 http://azure.archive.ubuntu.com/ubuntu noble/main amd64 libtheora0 amd64 1.1.1+dfsg.1-16.1build3 [211 kB]
native-tests	Install Tauri dependencies (WebKitGTK)	2026-07-28T16:38:10.6797752Z Get:42 http://azure.archive.ubuntu.com/ubuntu noble/main amd64 libvisual-0.4-0 amd64 0.4.2-2build1 [115 kB]
native-tests	Install Tauri dependencies (WebKitGTK)	2026-07-28T16:38:10.7472891Z Get:43 http://azure.archive.ubuntu.com/ubuntu noble/main amd64 libvorbisenc2 amd64 1.3.7-1build3 [80.8 kB]
native-tests	Install Tauri dependencies (WebKitGTK)	2026-07-28T16:38:10.8005910Z Get:44 http://azure.archive.ubuntu.com/ubuntu noble-updates/main amd64 gstreamer1.0-plugins-base amd64 1.24.2-1ubuntu0.4 [721 kB]
native-tests	Install Tauri dependencies (WebKitGTK)	2026-07-28T16:38:10.8522659Z Get:45 http://azure.archive.ubuntu.com/ubuntu noble/main amd64 libaa1 amd64 1.4p5-51.1 [49.9 kB]
native-tests	Install Tauri dependencies (WebKitGTK)	2026-07-28T16:38:10.8982836Z Get:46 http://azure.archive.ubuntu.com/ubuntu noble/main amd64 libraw1394-11 amd64 2.1.2-2build3 [26.2 kB]
native-tests	Install Tauri dependencies (WebKitGTK)	2026-07-28T16:38:10.9439694Z Get:47 http://azure.archive.ubuntu.com/ubuntu noble/main amd64 libavc1394-0 amd64 0.5.4-5build3 [15.4 kB]
native-tests	Install Tauri dependencies (WebKitGTK)	2026-07-28T16:38:10.9904112Z Get:48 http://azure.archive.ubuntu.com/ubuntu noble-updates/main amd64 libcaca0 amd64 0.99.beta20-4ubuntu0.2 [209 kB]
native-tests	Install Tauri dependencies (WebKitGTK)	2026-07-28T16:38:11.0381650Z Get:49 http://azure.archive.ubuntu.com/ubuntu noble/main amd64 libdv4t64 amd64 1.0.0-17.1build1 [63.2 kB]
native-tests	Install Tauri dependencies (WebKitGTK)	2026-07-28T16:38:11.0841520Z Get:50 http://azure.archive.ubuntu.com/ubuntu noble/main amd64 libflac12t64 amd64 1.4.3+ds-2.1ubuntu2 [197 kB]
native-tests	Install Tauri dependencies (WebKitGTK)	2026-07-28T16:38:11.1334415Z Get:51 http://azure.archive.ubuntu.com/ubuntu noble-updates/main amd64 libgstreamer-plugins-good1.0-0 amd64 1.24.2-1ubuntu1.5 [33.5 kB]
native-tests	Install Tauri dependencies (WebKitGTK)	2026-07-28T16:38:11.1796158Z Get:52 http://azure.archive.ubuntu.com/ubuntu noble/main amd64 libiec61883-0 amd64 1.2.0-6build1 [24.5 kB]
native-tests	Install Tauri dependencies (WebKitGTK)	2026-07-28T16:38:11.2251479Z Get:53 http://azure.archive.ubuntu.com/ubuntu noble/main amd64 libmp3lame0 amd64 3.100-6build1 [142 kB]
native-tests	Install Tauri dependencies (WebKitGTK)	2026-07-28T16:38:11.2718204Z Get:54 http://azure.archive.ubuntu.com/ubuntu noble-updates/main amd64 libmpg123-0t64 amd64 1.32.5-1ubuntu1.1 [169 kB]
native-tests	Install Tauri dependencies (WebKitGTK)	2026-07-28T16:38:11.3188310Z Get:55 http://azure.archive.ubuntu.com/ubuntu noble/main amd64 libasyncns0 amd64 0.8-6build4 [11.3 kB]
native-tests	Install Tauri dependencies (WebKitGTK)	2026-07-28T16:38:11.3646112Z Get:56 http://azure.archive.ubuntu.com/ubuntu noble-updates/main amd64 libsndfile1 amd64 1.2.2-1ubuntu5.24.04.1 [209 kB]
native-tests	Install Tauri dependencies (WebKitGTK)	2026-07-28T16:38:11.4123017Z Get:57 http://azure.archive.ubuntu.com/ubuntu noble-updates/main amd64 libpulse0 amd64 1:16.1+dfsg1-2ubuntu10.1 [292 kB]
native-tests	Install Tauri dependencies (WebKitGTK)	2026-07-28T16:38:11.4619402Z Get:58 http://azure.archive.ubuntu.com/ubuntu noble-updates/main amd64 libspeex1 amd64 1.2.1-2ubuntu2.24.04.1 [59.6 kB]
native-tests	Install Tauri dependencies (WebKitGTK)	2026-07-28T16:38:11.5085849Z Get:59 http://azure.archive.ubuntu.com/ubuntu noble/main amd64 libshout3 amd64 2.4.6-1build2 [50.3 kB]
native-tests	Install Tauri dependencies (WebKitGTK)	2026-07-28T16:38:11.5547831Z Get:60 http://azure.archive.ubuntu.com/ubuntu noble/main amd64 libtag1v5-vanilla amd64 1.13.1-1build1 [326 kB]
native-tests	Install Tauri dependencies (WebKitGTK)	2026-07-28T16:38:11.6040202Z Get:61 http://azure.archive.ubuntu.com/ubuntu noble/main amd64 libtag1v5 amd64 1.13.1-1build1 [11.7 kB]
native-tests	Install Tauri dependencies (WebKitGTK)	2026-07-28T16:38:11.6514436Z Get:62 http://azure.archive.ubuntu.com/ubuntu noble/main amd64 libtwolame0 amd64 0.4.0-2build3 [52.3 kB]
native-tests	Install Tauri dependencies (WebKitGTK)	2026-07-28T16:38:11.6971069Z Get:63 http://azure.archive.ubuntu.com/ubuntu noble/main amd64 libv4lconvert0t64 amd64 1.26.1-4build3 [87.6 kB]
native-tests	Install Tauri dependencies (WebKitGTK)	2026-07-28T16:38:11.7434574Z Get:64 http://azure.archive.ubuntu.com/ubuntu noble/main amd64 libv4l-0t64 amd64 1.26.1-4build3 [46.9 kB]
native-tests	Install Tauri dependencies (WebKitGTK)	2026-07-28T16:38:11.7896742Z Get:65 http://azure.archive.ubuntu.com/ubuntu noble-updates/main amd64 libvpx9 amd64 1.14.0-1ubuntu2.3 [1143 kB]
native-tests	Install Tauri dependencies (WebKitGTK)	2026-07-28T16:38:11.8529154Z Get:66 http://azure.archive.ubuntu.com/ubuntu noble/main amd64 libwavpack1 amd64 5.6.0-1build1 [84.6 kB]
native-tests	Install Tauri dependencies (WebKitGTK)	2026-07-28T16:38:11.9070239Z Get:67 http://azure.archive.ubuntu.com/ubuntu noble-updates/main amd64 gstreamer1.0-plugins-good amd64 1.24.2-1ubuntu1.5 [2236 kB]
native-tests	Install Tauri dependencies (WebKitGTK)	2026-07-28T16:38:11.9804543Z Get:68 http://azure.archive.ubuntu.com/ubuntu noble/main amd64 libgles2 amd64 1.7.0-1build1 [17.1 kB]
native-tests	Install Tauri dependencies (WebKitGTK)	2026-07-28T16:38:12.0343544Z Get:69 http://azure.archive.ubuntu.com/ubuntu noble-updates/main amd64 xdg-dbus-proxy amd64 0.1.5-1ubuntu0.2 [26.4 kB]
native-tests	Install Tauri dependencies (WebKitGTK)	2026-07-28T16:38:12.0869451Z Get:70 http://azure.archive.ubuntu.com/ubuntu noble-updates/main amd64 libegl-mesa0 amd64 25.2.8-0ubuntu0.24.04.2 [117 kB]
native-tests	Install Tauri dependencies (WebKitGTK)	2026-07-28T16:38:12.1402683Z Get:71 http://azure.archive.ubuntu.com/ubuntu noble/main amd64 libegl1 amd64 1.7.0-1build1 [28.7 kB]
native-tests	Install Tauri dependencies (WebKitGTK)	2026-07-28T16:38:12.1940051Z Get:72 http://azure.archive.ubuntu.com/ubuntu noble-updates/main amd64 libgstreamer-gl1.0-0 amd64 1.24.2-1ubuntu0.4 [214 kB]
native-tests	Install Tauri dependencies (WebKitGTK)	2026-07-28T16:38:12.2477961Z Get:73 http://azure.archive.ubuntu.com/ubuntu noble/main amd64 libharfbuzz-icu0 amd64 8.3.0-2build2 [13.3 kB]
native-tests	Install Tauri dependencies (WebKitGTK)	2026-07-28T16:38:12.3005818Z Get:74 http://azure.archive.ubuntu.com/ubuntu noble/main amd64 libhyphen0 amd64 2.8.8-7build3 [26.5 kB]
native-tests	Install Tauri dependencies (WebKitGTK)	2026-07-28T16:38:12.3534503Z Get:75 http://azure.archive.ubuntu.com/ubuntu noble/main amd64 libmanette-0.2-0 amd64 0.2.7-1build2 [30.6 kB]
native-tests	Install Tauri dependencies (WebKitGTK)	2026-07-28T16:38:12.4088422Z Get:76 http://azure.archive.ubuntu.com/ubuntu noble/main amd64 libsecret-common all 0.21.4-1build3 [4962 B]
native-tests	Install Tauri dependencies (WebKitGTK)	2026-07-28T16:38:12.4623503Z Get:77 http://azure.archive.ubuntu.com/ubuntu noble/main amd64 libsecret-1-0 amd64 0.21.4-1build3 [116 kB]
native-tests	Install Tauri dependencies (WebKitGTK)	2026-07-28T16:38:12.5156596Z Get:78 http://azure.archive.ubuntu.com/ubuntu noble/main amd64 libwayland-server0 amd64 1.22.0-2.1build1 [33.9 kB]
native-tests	Install Tauri dependencies (WebKitGTK)	2026-07-28T16:38:12.5683875Z Get:79 http://azure.archive.ubuntu.com/ubuntu noble-updates/main amd64 libwebkit2gtk-4.1-0 amd64 2.52.3-0ubuntu0.24.04.1 [25.1 MB]
native-tests	Install Tauri dependencies (WebKitGTK)	2026-07-28T16:38:13.1037170Z Get:80 http://azure.archive.ubuntu.com/ubuntu noble-updates/main amd64 gir1.2-webkit2-4.1 amd64 2.52.3-0ubuntu0.24.04.1 [105 kB]
native-tests	Install Tauri dependencies (WebKitGTK)	2026-07-28T16:38:13.1568515Z Get:81 http://azure.archive.ubuntu.com/ubuntu noble-updates/main amd64 python3-mako all 1.3.2-1ubuntu0.1 [63.4 kB]
native-tests	Install Tauri dependencies (WebKitGTK)	2026-07-28T16:38:13.2098367Z Get:82 http://azure.archive.ubuntu.com/ubuntu noble/main amd64 python3-markdown all 3.5.2-1 [72.0 kB]
native-tests	Install Tauri dependencies (WebKitGTK)	2026-07-28T16:38:13.2633484Z Get:83 http://azure.archive.ubuntu.com/ubuntu noble/main amd64 gobject-introspection-bin amd64 1.80.1-1 [254 kB]
native-tests	Install Tauri dependencies (WebKitGTK)	2026-07-28T16:38:13.3302769Z Get:84 http://azure.archive.ubuntu.com/ubuntu noble-updates/main amd64 libglib2.0-dev-bin amd64 2.80.0-6ubuntu3.8 [138 kB]
native-tests	Install Tauri dependencies (WebKitGTK)	2026-07-28T16:38:13.3841344Z Get:85 http://azure.archive.ubuntu.com/ubuntu noble-updates/main amd64 uuid-dev amd64 2.39.3-9ubuntu6.5 [33.5 kB]
native-tests	Install Tauri dependencies (WebKitGTK)	2026-07-28T16:38:13.4340482Z Get:86 http://azure.archive.ubuntu.com/ubuntu noble-updates/main amd64 libblkid-dev amd64 2.39.3-9ubuntu6.5 [204 kB]
native-tests	Install Tauri dependencies (WebKitGTK)	2026-07-28T16:38:13.4880932Z Get:87 http://azure.archive.ubuntu.com/ubuntu noble/main amd64 libsepol-dev amd64 3.5-2build1 [384 kB]
native-tests	Install Tauri dependencies (WebKitGTK)	2026-07-28T16:38:13.5485239Z Get:88 http://azure.archive.ubuntu.com/ubuntu noble-updates/main amd64 libselinux1-dev amd64 3.5-2ubuntu2.1 [164 kB]
native-tests	Install Tauri dependencies (WebKitGTK)	2026-07-28T16:38:13.6015726Z Get:89 http://azure.archive.ubuntu.com/ubuntu noble-updates/main amd64 libmount-dev amd64 2.39.3-9ubuntu6.5 [14.9 kB]
native-tests	Install Tauri dependencies (WebKitGTK)	2026-07-28T16:38:13.6533560Z Get:90 http://azure.archive.ubuntu.com/ubuntu noble-updates/main amd64 libgirepository-2.0-0 amd64 2.80.0-6ubuntu3.8 [73.6 kB]
native-tests	Install Tauri dependencies (WebKitGTK)	2026-07-28T16:38:13.7099796Z Get:91 http://azure.archive.ubuntu.com/ubuntu noble-updates/main amd64 libglib2.0-dev amd64 2.80.0-6ubuntu3.8 [1860 kB]
native-tests	Install Tauri dependencies (WebKitGTK)	2026-07-28T16:38:13.8132909Z Get:92 http://azure.archive.ubuntu.com/ubuntu noble/main amd64 gobject-introspection amd64 1.80.1-1 [105 kB]
native-tests	Install Tauri dependencies (WebKitGTK)	2026-07-28T16:38:13.8659542Z Get:93 http://azure.archive.ubuntu.com/ubuntu noble/main amd64 libgraphene-1.0-0 amd64 1.10.8-3build2 [46.2 kB]
native-tests	Install Tauri dependencies (WebKitGTK)	2026-07-28T16:38:13.9158594Z Get:94 http://azure.archive.ubuntu.com/ubuntu noble-updates/main amd64 gstreamer1.0-gl amd64 1.24.2-1ubuntu0.4 [116 kB]
native-tests	Install Tauri dependencies (WebKitGTK)	2026-07-28T16:38:13.9683830Z Get:95 http://azure.archive.ubuntu.com/ubuntu noble/main amd64 libxv1 amd64 2:1.0.11-1.1build1 [10.7 kB]
native-tests	Install Tauri dependencies (WebKitGTK)	2026-07-28T16:38:14.0183369Z Get:96 http://azure.archive.ubuntu.com/ubuntu noble-updates/main amd64 gstreamer1.0-x amd64 1.24.2-1ubuntu0.4 [85.0 kB]
native-tests	Install Tauri dependencies (WebKitGTK)	2026-07-28T16:38:14.0697288Z Get:97 http://azure.archive.ubuntu.com/ubuntu noble/main amd64 libatk1.0-dev amd64 2.52.0-1build1 [100 kB]
native-tests	Install Tauri dependencies (WebKitGTK)	2026-07-28T16:38:14.1210296Z Get:98 http://azure.archive.ubuntu.com/ubuntu noble-updates/main amd64 libdbus-1-dev amd64 1.14.10-4ubuntu4.1 [190 kB]
native-tests	Install Tauri dependencies (WebKitGTK)	2026-07-28T16:38:14.1760110Z Get:99 http://azure.archive.ubuntu.com/ubuntu noble/main amd64 xorg-sgml-doctools all 1:1.11-1.1 [10.9 kB]
native-tests	Install Tauri dependencies (WebKitGTK)	2026-07-28T16:38:14.2277679Z Get:100 http://azure.archive.ubuntu.com/ubuntu noble/main amd64 x11proto-dev all 2023.2-1 [602 kB]
native-tests	Install Tauri dependencies (WebKitGTK)	2026-07-28T16:38:14.2926160Z Get:101 http://azure.archive.ubuntu.com/ubuntu noble/main amd64 libxau-dev amd64 1:1.0.9-1build6 [9570 B]
native-tests	Install Tauri dependencies (WebKitGTK)	2026-07-28T16:38:14.3521416Z Get:102 http://azure.archive.ubuntu.com/ubuntu noble/main amd64 libxdmcp-dev amd64 1:1.1.3-0ubuntu6 [26.5 kB]
native-tests	Install Tauri dependencies (WebKitGTK)	2026-07-28T16:38:14.4089433Z Get:103 http://azure.archive.ubuntu.com/ubuntu noble/main amd64 xtrans-dev all 1.4.0-1 [68.9 kB]
native-tests	Install Tauri dependencies (WebKitGTK)	2026-07-28T16:38:14.4647327Z Get:104 http://azure.archive.ubuntu.com/ubuntu noble/main amd64 libpthread-stubs0-dev amd64 0.4-1build3 [4746 B]
native-tests	Install Tauri dependencies (WebKitGTK)	2026-07-28T16:38:14.5197603Z Get:105 http://azure.archive.ubuntu.com/ubuntu noble/main amd64 libxcb1-dev amd64 1.15-1ubuntu2 [85.8 kB]
native-tests	Install Tauri dependencies (WebKitGTK)	2026-07-28T16:38:14.5756435Z Get:106 http://azure.archive.ubuntu.com/ubuntu noble/main amd64 libx11-dev amd64 2:1.8.7-1build1 [732 kB]
native-tests	Install Tauri dependencies (WebKitGTK)	2026-07-28T16:38:14.6370709Z Get:107 http://azure.archive.ubuntu.com/ubuntu noble/main amd64 libxext-dev amd64 2:1.3.4-1build2 [83.5 kB]
native-tests	Install Tauri dependencies (WebKitGTK)	2026-07-28T16:38:14.6932661Z Get:108 http://azure.archive.ubuntu.com/ubuntu noble/main amd64 libxfixes-dev amd64 1:6.0.0-2build1 [12.1 kB]
native-tests	Install Tauri dependencies (WebKitGTK)	2026-07-28T16:38:14.7482498Z Get:109 http://azure.archive.ubuntu.com/ubuntu noble/main amd64 libxi-dev amd64 2:1.8.1-1build1 [194 kB]
native-tests	Install Tauri dependencies (WebKitGTK)	2026-07-28T16:38:14.8046248Z Get:110 http://azure.archive.ubuntu.com/ubuntu noble/main amd64 libxtst-dev amd64 2:1.2.3-1.1build1 [15.9 kB]
native-tests	Install Tauri dependencies (WebKitGTK)	2026-07-28T16:38:14.8600760Z Get:111 http://azure.archive.ubuntu.com/ubuntu noble/main amd64 libatspi2.0-dev amd64 2.52.0-1build1 [76.2 kB]
native-tests	Install Tauri dependencies (WebKitGTK)	2026-07-28T16:38:14.9167525Z Get:112 http://azure.archive.ubuntu.com/ubuntu noble/main amd64 libatk-bridge2.0-dev amd64 2.52.0-1build1 [4284 B]
native-tests	Install Tauri dependencies (WebKitGTK)	2026-07-28T16:38:14.9729419Z Get:113 http://azure.archive.ubuntu.com/ubuntu noble/main amd64 libcairo-script-interpreter2 amd64 1.18.0-3build1 [60.3 kB]
native-tests	Install Tauri dependencies (WebKitGTK)	2026-07-28T16:38:15.0285301Z Get:114 http://azure.archive.ubuntu.com/ubuntu noble/main amd64 libbrotli-dev amd64 1.1.0-2build2 [353 kB]
native-tests	Install Tauri dependencies (WebKitGTK)	2026-07-28T16:38:15.0856993Z Get:115 http://azure.archive.ubuntu.com/ubuntu noble-updates/main amd64 libbz2-dev amd64 1.0.8-5.1build0.1 [33.6 kB]
native-tests	Install Tauri dependencies (WebKitGTK)	2026-07-28T16:38:15.1409997Z Get:116 http://azure.archive.ubuntu.com/ubuntu noble-updates/main amd64 libpng-dev amd64 1.6.43-5ubuntu0.6 [265 kB]
native-tests	Install Tauri dependencies (WebKitGTK)	2026-07-28T16:38:15.1979527Z Get:117 http://azure.archive.ubuntu.com/ubuntu noble-updates/main amd64 libfreetype-dev amd64 2.13.2+dfsg-1ubuntu0.1 [575 kB]
native-tests	Install Tauri dependencies (WebKitGTK)	2026-07-28T16:38:15.2563152Z Get:118 http://azure.archive.ubuntu.com/ubuntu noble/main amd64 libfontconfig-dev amd64 2.15.0-1.1ubuntu2 [161 kB]
native-tests	Install Tauri dependencies (WebKitGTK)	2026-07-28T16:38:15.3124874Z Get:119 http://azure.archive.ubuntu.com/ubuntu noble/main amd64 libpixman-1-dev amd64 0.42.2-1build1 [296 kB]
native-tests	Install Tauri dependencies (WebKitGTK)	2026-07-28T16:38:15.3697615Z Get:120 http://azure.archive.ubuntu.com/ubuntu noble/main amd64 libice-dev amd64 2:1.0.10-1build3 [51.0 kB]
native-tests	Install Tauri dependencies (WebKitGTK)	2026-07-28T16:38:15.4189820Z Get:121 http://azure.archive.ubuntu.com/ubuntu noble/main amd64 libsm-dev amd64 2:1.2.3-1build3 [17.8 kB]
native-tests	Install Tauri dependencies (WebKitGTK)	2026-07-28T16:38:15.4676959Z Get:122 http://azure.archive.ubuntu.com/ubuntu noble/main amd64 libxcb-render0-dev amd64 1.15-1ubuntu2 [19.6 kB]
native-tests	Install Tauri dependencies (WebKitGTK)	2026-07-28T16:38:15.5164844Z Get:123 http://azure.archive.ubuntu.com/ubuntu noble/main amd64 libxcb-shm0-dev amd64 1.15-1ubuntu2 [8246 B]
native-tests	Install Tauri dependencies (WebKitGTK)	2026-07-28T16:38:15.5660039Z Get:124 http://azure.archive.ubuntu.com/ubuntu noble/main amd64 libxrender-dev amd64 1:0.9.10-1.1build1 [26.3 kB]
native-tests	Install Tauri dependencies (WebKitGTK)	2026-07-28T16:38:15.6156924Z Get:125 http://azure.archive.ubuntu.com/ubuntu noble/main amd64 libcairo2-dev amd64 1.18.0-3build1 [41.1 kB]
native-tests	Install Tauri dependencies (WebKitGTK)	2026-07-28T16:38:15.6650945Z Get:126 http://azure.archive.ubuntu.com/ubuntu noble/main amd64 libglx-dev amd64 1.7.0-1build1 [14.2 kB]
native-tests	Install Tauri dependencies (WebKitGTK)	2026-07-28T16:38:15.7143743Z Get:127 http://azure.archive.ubuntu.com/ubuntu noble/main amd64 libgl-dev amd64 1.7.0-1build1 [102 kB]
native-tests	Install Tauri dependencies (WebKitGTK)	2026-07-28T16:38:15.8053229Z Get:128 http://azure.archive.ubuntu.com/ubuntu noble/main amd64 libegl-dev amd64 1.7.0-1build1 [18.2 kB]
native-tests	Install Tauri dependencies (WebKitGTK)	2026-07-28T16:38:15.8957553Z Get:129 http://azure.archive.ubuntu.com/ubuntu noble/main amd64 libglvnd-core-dev amd64 1.7.0-1build1 [13.6 kB]
native-tests	Install Tauri dependencies (WebKitGTK)	2026-07-28T16:38:15.9505821Z Get:130 http://azure.archive.ubuntu.com/ubuntu noble/main amd64 libgles1 amd64 1.7.0-1build1 [11.6 kB]
native-tests	Install Tauri dependencies (WebKitGTK)	2026-07-28T16:38:16.0093820Z Get:131 http://azure.archive.ubuntu.com/ubuntu noble/main amd64 libgles-dev amd64 1.7.0-1build1 [50.5 kB]
native-tests	Install Tauri dependencies (WebKitGTK)	2026-07-28T16:38:16.0581821Z Get:132 http://azure.archive.ubuntu.com/ubuntu noble/main amd64 libopengl0 amd64 1.7.0-1build1 [32.8 kB]
native-tests	Install Tauri dependencies (WebKitGTK)	2026-07-28T16:38:16.1071403Z Get:133 http://azure.archive.ubuntu.com/ubuntu noble/main amd64 libopengl-dev amd64 1.7.0-1build1 [3454 B]
native-tests	Install Tauri dependencies (WebKitGTK)	2026-07-28T16:38:16.1557677Z Get:134 http://azure.archive.ubuntu.com/ubuntu noble/main amd64 libglvnd-dev amd64 1.7.0-1build1 [3198 B]
native-tests	Install Tauri dependencies (WebKitGTK)	2026-07-28T16:38:16.2044245Z Get:135 http://azure.archive.ubuntu.com/ubuntu noble-updates/main amd64 libegl1-mesa-dev amd64 25.2.8-0ubuntu0.24.04.2 [26.7 kB]
native-tests	Install Tauri dependencies (WebKitGTK)	2026-07-28T16:38:16.2533027Z Get:136 http://azure.archive.ubuntu.com/ubuntu noble/main amd64 libepoxy-dev amd64 1.5.10-1build1 [132 kB]
native-tests	Install Tauri dependencies (WebKitGTK)	2026-07-28T16:38:16.3029246Z Get:137 http://azure.archive.ubuntu.com/ubuntu noble/main amd64 libfribidi-dev amd64 1.0.13-3build1 [64.8 kB]
native-tests	Install Tauri dependencies (WebKitGTK)	2026-07-28T16:38:16.3520126Z Get:138 http://azure.archive.ubuntu.com/ubuntu noble-updates/main amd64 libgdk-pixbuf2.0-bin amd64 2.42.10+dfsg-3ubuntu3.3 [13.9 kB]
native-tests	Install Tauri dependencies (WebKitGTK)	2026-07-28T16:38:16.4007796Z Get:139 http://azure.archive.ubuntu.com/ubuntu noble/main amd64 libjpeg-turbo8-dev amd64 2.1.5-2ubuntu2 [295 kB]
native-tests	Install Tauri dependencies (WebKitGTK)	2026-07-28T16:38:16.4513576Z Get:140 http://azure.archive.ubuntu.com/ubuntu noble/main amd64 libjpeg8-dev amd64 8c-2ubuntu11 [1484 B]
native-tests	Install Tauri dependencies (WebKitGTK)	2026-07-28T16:38:16.5000198Z Get:141 http://azure.archive.ubuntu.com/ubuntu noble/main amd64 libjpeg-dev amd64 8c-2ubuntu11 [1482 B]
native-tests	Install Tauri dependencies (WebKitGTK)	2026-07-28T16:38:16.5484208Z Get:142 http://azure.archive.ubuntu.com/ubuntu noble/main amd64 libjbig-dev amd64 2.1-6.1ubuntu2 [27.9 kB]
native-tests	Install Tauri dependencies (WebKitGTK)	2026-07-28T16:38:16.5973192Z Get:143 http://azure.archive.ubuntu.com/ubuntu noble-updates/main amd64 liblzma-dev amd64 5.6.1+really5.4.5-1ubuntu0.3 [176 kB]
native-tests	Install Tauri dependencies (WebKitGTK)	2026-07-28T16:38:16.6471316Z Get:144 http://azure.archive.ubuntu.com/ubuntu noble/main amd64 libwebpdecoder3 amd64 1.3.2-0.4build3 [114 kB]
native-tests	Install Tauri dependencies (WebKitGTK)	2026-07-28T16:38:16.6964411Z Get:145 http://azure.archive.ubuntu.com/ubuntu noble/main amd64 libsharpyuv-dev amd64 1.3.2-0.4build3 [16.0 kB]
native-tests	Install Tauri dependencies (WebKitGTK)	2026-07-28T16:38:16.7454223Z Get:146 http://azure.archive.ubuntu.com/ubuntu noble/main amd64 libwebp-dev amd64 1.3.2-0.4build3 [367 kB]
native-tests	Install Tauri dependencies (WebKitGTK)	2026-07-28T16:38:16.7964506Z Get:147 http://azure.archive.ubuntu.com/ubuntu noble-updates/main amd64 libtiffxx6 amd64 4.5.1+git230720-4ubuntu2.5 [5642 B]
native-tests	Install Tauri dependencies (WebKitGTK)	2026-07-28T16:38:16.8454463Z Get:148 http://azure.archive.ubuntu.com/ubuntu noble-updates/main amd64 libdeflate-dev amd64 1.19-1build1.1 [50.9 kB]
native-tests	Install Tauri dependencies (WebKitGTK)	2026-07-28T16:38:16.8946209Z Get:149 http://azure.archive.ubuntu.com/ubuntu noble/main amd64 liblerc-dev amd64 4.0.0+ds-4ubuntu2 [182 kB]
native-tests	Install Tauri dependencies (WebKitGTK)	2026-07-28T16:38:16.9443309Z Get:150 http://azure.archive.ubuntu.com/ubuntu noble-updates/main amd64 libtiff-dev amd64 4.5.1+git230720-4ubuntu2.5 [338 kB]
native-tests	Install Tauri dependencies (WebKitGTK)	2026-07-28T16:38:16.9947867Z Get:151 http://azure.archive.ubuntu.com/ubuntu noble-updates/main amd64 libgdk-pixbuf-2.0-dev amd64 2.42.10+dfsg-3ubuntu3.3 [47.9 kB]
native-tests	Install Tauri dependencies (WebKitGTK)	2026-07-28T16:38:17.0474549Z Get:152 http://azure.archive.ubuntu.com/ubuntu noble/main amd64 libharfbuzz-subset0 amd64 8.3.0-2build2 [448 kB]
native-tests	Install Tauri dependencies (WebKitGTK)	2026-07-28T16:38:17.0991905Z Get:153 http://azure.archive.ubuntu.com/ubuntu noble/main amd64 libharfbuzz-cairo0 amd64 8.3.0-2build2 [26.2 kB]
native-tests	Install Tauri dependencies (WebKitGTK)	2026-07-28T16:38:17.1482610Z Get:154 http://azure.archive.ubuntu.com/ubuntu noble-updates/main amd64 libgraphite2-dev amd64 1.3.14-2ubuntu0.24.04.1 [14.7 kB]
native-tests	Install Tauri dependencies (WebKitGTK)	2026-07-28T16:38:17.1968913Z Get:155 http://azure.archive.ubuntu.com/ubuntu noble/main amd64 libharfbuzz-dev amd64 8.3.0-2build2 [142 kB]
native-tests	Install Tauri dependencies (WebKitGTK)	2026-07-28T16:38:17.2465384Z Get:156 http://azure.archive.ubuntu.com/ubuntu noble/main amd64 libdatrie-dev amd64 0.2.13-3build1 [19.4 kB]
native-tests	Install Tauri dependencies (WebKitGTK)	2026-07-28T16:38:17.2956425Z Get:157 http://azure.archive.ubuntu.com/ubuntu noble/main amd64 libthai-dev amd64 0.1.29-2build1 [26.6 kB]
native-tests	Install Tauri dependencies (WebKitGTK)	2026-07-28T16:38:17.3448921Z Get:158 http://azure.archive.ubuntu.com/ubuntu noble/main amd64 libxft-dev amd64 2.3.6-1build1 [64.3 kB]
native-tests	Install Tauri dependencies (WebKitGTK)	2026-07-28T16:38:17.3940852Z Get:159 http://azure.archive.ubuntu.com/ubuntu noble/main amd64 pango1.0-tools amd64 1.52.1+ds-1build1 [36.7 kB]
native-tests	Install Tauri dependencies (WebKitGTK)	2026-07-28T16:38:17.4434690Z Get:160 http://azure.archive.ubuntu.com/ubuntu noble/main amd64 libpango1.0-dev amd64 1.52.1+ds-1build1 [147 kB]
native-tests	Install Tauri dependencies (WebKitGTK)	2026-07-28T16:38:17.4933319Z Get:161 http://azure.archive.ubuntu.com/ubuntu noble/main amd64 libwayland-bin amd64 1.22.0-2.1build1 [20.6 kB]
native-tests	Install Tauri dependencies (WebKitGTK)	2026-07-28T16:38:17.5420006Z Get:162 http://azure.archive.ubuntu.com/ubuntu noble/main amd64 libwayland-dev amd64 1.22.0-2.1build1 [71.3 kB]
native-tests	Install Tauri dependencies (WebKitGTK)	2026-07-28T16:38:17.5911969Z Get:163 http://azure.archive.ubuntu.com/ubuntu noble/main amd64 libxcomposite-dev amd64 1:0.4.5-1build3 [9374 B]
native-tests	Install Tauri dependencies (WebKitGTK)	2026-07-28T16:38:17.6454197Z Get:164 http://azure.archive.ubuntu.com/ubuntu noble/main amd64 libxcursor-dev amd64 1:1.2.1-1build1 [31.8 kB]
native-tests	Install Tauri dependencies (WebKitGTK)	2026-07-28T16:38:17.6941526Z Get:165 http://azure.archive.ubuntu.com/ubuntu noble/main amd64 libxdamage-dev amd64 1:1.1.6-1build1 [5270 B]
native-tests	Install Tauri dependencies (WebKitGTK)	2026-07-28T16:38:17.7427690Z Get:166 http://azure.archive.ubuntu.com/ubuntu noble/main amd64 libxinerama-dev amd64 2:1.1.4-3build1 [7988 B]
native-tests	Install Tauri dependencies (WebKitGTK)	2026-07-28T16:38:17.7915780Z Get:167 http://azure.archive.ubuntu.com/ubuntu noble/main amd64 libxkbcommon-dev amd64 1.6.0-1build1 [56.3 kB]
native-tests	Install Tauri dependencies (WebKitGTK)	2026-07-28T16:38:17.8407194Z Get:168 http://azure.archive.ubuntu.com/ubuntu noble/main amd64 libxrandr-dev amd64 2:1.5.2-2build1 [26.4 kB]
native-tests	Install Tauri dependencies (WebKitGTK)	2026-07-28T16:38:17.9385447Z Get:169 http://azure.archive.ubuntu.com/ubuntu noble-updates/main amd64 wayland-protocols all 1.45-1~ubuntu0.24.04.2 [114 kB]
native-tests	Install Tauri dependencies (WebKitGTK)	2026-07-28T16:38:18.1463073Z Get:170 http://azure.archive.ubuntu.com/ubuntu noble-updates/main amd64 libgtk-3-dev amd64 3.24.41-4ubuntu1.3 [1096 kB]
native-tests	Install Tauri dependencies (WebKitGTK)	2026-07-28T16:38:18.3691820Z Get:171 http://azure.archive.ubuntu.com/ubuntu noble/main amd64 libayatana-ido3-dev amd64 0.10.1-1build2 [14.2 kB]
native-tests	Install Tauri dependencies (WebKitGTK)	2026-07-28T16:38:18.4185538Z Get:172 http://azure.archive.ubuntu.com/ubuntu noble/main amd64 libayatana-indicator3-dev amd64 0.9.4-1build1 [6956 B]
native-tests	Install Tauri dependencies (WebKitGTK)	2026-07-28T16:38:18.4674464Z Get:173 http://azure.archive.ubuntu.com/ubuntu noble/main amd64 libdbusmenu-glib-dev amd64 18.10.20180917~bzr492+repack1-3.1ubuntu5 [70.6 kB]
native-tests	Install Tauri dependencies (WebKitGTK)	2026-07-28T16:38:18.5182930Z Get:174 http://azure.archive.ubuntu.com/ubuntu noble/main amd64 libayatana-appindicator3-dev amd64 0.5.93-1build3 [14.9 kB]
native-tests	Install Tauri dependencies (WebKitGTK)	2026-07-28T16:38:18.5673811Z Get:175 http://azure.archive.ubuntu.com/ubuntu noble/main amd64 libgirepository-1.0-dev amd64 1.80.1-1 [28.5 kB]
native-tests	Install Tauri dependencies (WebKitGTK)	2026-07-28T16:38:18.6171167Z Get:176 http://azure.archive.ubuntu.com/ubuntu noble/main amd64 libgirepository1.0-dev amd64 1.80.1-1 [17.0 kB]
native-tests	Install Tauri dependencies (WebKitGTK)	2026-07-28T16:38:18.6661900Z Get:177 http://azure.archive.ubuntu.com/ubuntu noble-updates/universe amd64 libjavascriptcoregtk-4.1-dev amd64 2.52.3-0ubuntu0.24.04.1 [69.8 kB]
native-tests	Install Tauri dependencies (WebKitGTK)	2026-07-28T16:38:18.7159226Z Get:178 http://azure.archive.ubuntu.com/ubuntu noble-updates/main amd64 libnghttp2-dev amd64 1.59.0-1ubuntu0.4 [117 kB]
native-tests	Install Tauri dependencies (WebKitGTK)	2026-07-28T16:38:18.7623932Z Get:179 http://azure.archive.ubuntu.com/ubuntu noble/main amd64 libwebrtc-audio-processing1 amd64 0.3.1-0ubuntu6 [290 kB]
native-tests	Install Tauri dependencies (WebKitGTK)	2026-07-28T16:38:18.8093900Z Get:180 http://azure.archive.ubuntu.com/ubuntu noble-updates/main amd64 libspa-0.2-modules amd64 1.0.5-1ubuntu3.3 [628 kB]
native-tests	Install Tauri dependencies (WebKitGTK)	2026-07-28T16:38:18.8627924Z Get:181 http://azure.archive.ubuntu.com/ubuntu noble-updates/main amd64 libpipewire-0.3-0t64 amd64 1.0.5-1ubuntu3.3 [252 kB]
native-tests	Install Tauri dependencies (WebKitGTK)	2026-07-28T16:38:18.9194626Z Get:182 http://azure.archive.ubuntu.com/ubuntu noble-updates/main amd64 libpipewire-0.3-common all 1.0.5-1ubuntu3.3 [19.5 kB]
native-tests	Install Tauri dependencies (WebKitGTK)	2026-07-28T16:38:18.9690074Z Get:183 http://azure.archive.ubuntu.com/ubuntu noble-updates/main amd64 libpng-tools amd64 1.6.43-5ubuntu0.6 [28.5 kB]
native-tests	Install Tauri dependencies (WebKitGTK)	2026-07-28T16:38:19.0181103Z Get:184 http://azure.archive.ubuntu.com/ubuntu noble/main amd64 libpsl-dev amd64 0.21.2-1.1build1 [76.4 kB]
native-tests	Install Tauri dependencies (WebKitGTK)	2026-07-28T16:38:19.0677526Z Get:185 http://azure.archive.ubuntu.com/ubuntu noble/main amd64 librsvg2-common amd64 2.58.0+dfsg-1build1 [11.8 kB]
native-tests	Install Tauri dependencies (WebKitGTK)	2026-07-28T16:38:19.1168689Z Get:186 http://azure.archive.ubuntu.com/ubuntu noble/universe amd64 librsvg2-dev amd64 2.58.0+dfsg-1build1 [38.0 kB]
native-tests	Install Tauri dependencies (WebKitGTK)	2026-07-28T16:38:19.1661712Z Get:187 http://azure.archive.ubuntu.com/ubuntu noble/universe amd64 libsysprof-capture-4-dev amd64 46.0-1build1 [51.0 kB]
native-tests	Install Tauri dependencies (WebKitGTK)	2026-07-28T16:38:19.2157603Z Get:188 http://azure.archive.ubuntu.com/ubuntu noble-updates/universe amd64 libsoup-3.0-dev amd64 3.4.4-5ubuntu0.7 [105 kB]
native-tests	Install Tauri dependencies (WebKitGTK)	2026-07-28T16:38:19.2704097Z Get:189 http://azure.archive.ubuntu.com/ubuntu noble-updates/universe amd64 libwebkit2gtk-4.1-dev amd64 2.52.3-0ubuntu0.24.04.1 [290 kB]
native-tests	Install Tauri dependencies (WebKitGTK)	2026-07-28T16:38:19.3210444Z Get:190 http://azure.archive.ubuntu.com/ubuntu noble-updates/main amd64 xdg-desktop-portal amd64 1.18.4-1ubuntu2.24.04.2 [307 kB]
native-tests	Install Tauri dependencies (WebKitGTK)	2026-07-28T16:38:19.3681619Z Get:191 http://azure.archive.ubuntu.com/ubuntu noble/main amd64 xdg-desktop-portal-gtk amd64 1.15.1-1build2 [80.3 kB]
native-tests	Install Tauri dependencies (WebKitGTK)	2026-07-28T16:38:19.7831006Z Fetched 61.8 MB in 11s (5600 kB/s)
native-tests	Install Tauri dependencies (WebKitGTK)	2026-07-28T16:38:19.8410059Z (Reading database ... 
native-tests	Install Tauri dependencies (WebKitGTK)	2026-07-28T16:38:19.8411132Z (Reading database ... 5%
native-tests	Install Tauri dependencies (WebKitGTK)	2026-07-28T16:38:19.8412529Z (Reading database ... 10%
native-tests	Install Tauri dependencies (WebKitGTK)	2026-07-28T16:38:19.8413305Z (Reading database ... 15%
native-tests	Install Tauri dependencies (WebKitGTK)	2026-07-28T16:38:19.8413841Z (Reading database ... 20%
native-tests	Install Tauri dependencies (WebKitGTK)	2026-07-28T16:38:19.8414404Z (Reading database ... 25%
native-tests	Install Tauri dependencies (WebKitGTK)	2026-07-28T16:38:19.8414968Z (Reading database ... 30%
native-tests	Install Tauri dependencies (WebKitGTK)	2026-07-28T16:38:19.8415668Z (Reading database ... 35%
native-tests	Install Tauri dependencies (WebKitGTK)	2026-07-28T16:38:19.8416264Z (Reading database ... 40%
native-tests	Install Tauri dependencies (WebKitGTK)	2026-07-28T16:38:19.8416698Z (Reading database ... 45%
native-tests	Install Tauri dependencies (WebKitGTK)	2026-07-28T16:38:19.8417142Z (Reading database ... 50%
native-tests	Install Tauri dependencies (WebKitGTK)	2026-07-28T16:38:19.8461425Z (Reading database ... 55%
native-tests	Install Tauri dependencies (WebKitGTK)	2026-07-28T16:38:19.9417908Z (Reading database ... 60%
native-tests	Install Tauri dependencies (WebKitGTK)	2026-07-28T16:38:20.1405579Z (Reading database ... 65%
native-tests	Install Tauri dependencies (WebKitGTK)	2026-07-28T16:38:20.3272136Z (Reading database ... 70%
native-tests	Install Tauri dependencies (WebKitGTK)	2026-07-28T16:38:20.4274665Z (Reading database ... 75%
native-tests	Install Tauri dependencies (WebKitGTK)	2026-07-28T16:38:20.6232618Z (Reading database ... 80%
native-tests	Install Tauri dependencies (WebKitGTK)	2026-07-28T16:38:20.8397277Z (Reading database ... 85%
native-tests	Install Tauri dependencies (WebKitGTK)	2026-07-28T16:38:20.9468174Z (Reading database ... 90%
native-tests	Install Tauri dependencies (WebKitGTK)	2026-07-28T16:38:21.0899104Z (Reading database ... 95%
native-tests	Install Tauri dependencies (WebKitGTK)	2026-07-28T16:38:21.0899794Z (Reading database ... 100%
native-tests	Install Tauri dependencies (WebKitGTK)	2026-07-28T16:38:21.0900532Z (Reading database ... 202954 files and directories currently installed.)
native-tests	Install Tauri dependencies (WebKitGTK)	2026-07-28T16:38:21.0941969Z Preparing to unpack .../000-wget_1.21.4-1ubuntu4.4_amd64.deb ...
native-tests	Install Tauri dependencies (WebKitGTK)	2026-07-28T16:38:21.0990546Z Unpacking wget (1.21.4-1ubuntu4.4) over (1.21.4-1ubuntu4.3) ...
native-tests	Install Tauri dependencies (WebKitGTK)	2026-07-28T16:38:21.1359213Z Selecting previously unselected package bubblewrap.
native-tests	Install Tauri dependencies (WebKitGTK)	2026-07-28T16:38:21.1485641Z Preparing to unpack .../001-bubblewrap_0.9.0-1ubuntu0.1_amd64.deb ...
native-tests	Install Tauri dependencies (WebKitGTK)	2026-07-28T16:38:21.1497974Z Unpacking bubblewrap (0.9.0-1ubuntu0.1) ...
native-tests	Install Tauri dependencies (WebKitGTK)	2026-07-28T16:38:21.1781714Z Selecting previously unselected package build-essential.
native-tests	Install Tauri dependencies (WebKitGTK)	2026-07-28T16:38:21.1907440Z Preparing to unpack .../002-build-essential_12.10ubuntu1_amd64.deb ...
native-tests	Install Tauri dependencies (WebKitGTK)	2026-07-28T16:38:21.1919620Z Unpacking build-essential (12.10ubuntu1) ...
native-tests	Install Tauri dependencies (WebKitGTK)	2026-07-28T16:38:21.2138004Z Selecting previously unselected package bzip2-doc.
native-tests	Install Tauri dependencies (WebKitGTK)	2026-07-28T16:38:21.2263594Z Preparing to unpack .../003-bzip2-doc_1.0.8-5.1build0.1_all.deb ...
native-tests	Install Tauri dependencies (WebKitGTK)	2026-07-28T16:38:21.2274332Z Unpacking bzip2-doc (1.0.8-5.1build0.1) ...
native-tests	Install Tauri dependencies (WebKitGTK)	2026-07-28T16:38:21.2530516Z Selecting previously unselected package gir1.2-atk-1.0:amd64.
native-tests	Install Tauri dependencies (WebKitGTK)	2026-07-28T16:38:21.2657504Z Preparing to unpack .../004-gir1.2-atk-1.0_2.52.0-1build1_amd64.deb ...
native-tests	Install Tauri dependencies (WebKitGTK)	2026-07-28T16:38:21.2669526Z Unpacking gir1.2-atk-1.0:amd64 (2.52.0-1build1) ...
native-tests	Install Tauri dependencies (WebKitGTK)	2026-07-28T16:38:21.2881863Z Selecting previously unselected package gir1.2-freedesktop:amd64.
native-tests	Install Tauri dependencies (WebKitGTK)	2026-07-28T16:38:21.3005165Z Preparing to unpack .../005-gir1.2-freedesktop_1.80.1-1_amd64.deb ...
native-tests	Install Tauri dependencies (WebKitGTK)	2026-07-28T16:38:21.3015240Z Unpacking gir1.2-freedesktop:amd64 (1.80.1-1) ...
native-tests	Install Tauri dependencies (WebKitGTK)	2026-07-28T16:38:21.3247967Z Selecting previously unselected package gir1.2-atspi-2.0:amd64.
native-tests	Install Tauri dependencies (WebKitGTK)	2026-07-28T16:38:21.3371932Z Preparing to unpack .../006-gir1.2-atspi-2.0_2.52.0-1build1_amd64.deb ...
native-tests	Install Tauri dependencies (WebKitGTK)	2026-07-28T16:38:21.3383023Z Unpacking gir1.2-atspi-2.0:amd64 (2.52.0-1build1) ...
native-tests	Install Tauri dependencies (WebKitGTK)	2026-07-28T16:38:21.3607126Z Selecting previously unselected package gir1.2-gdkpixbuf-2.0:amd64.
native-tests	Install Tauri dependencies (WebKitGTK)	2026-07-28T16:38:21.3732550Z Preparing to unpack .../007-gir1.2-gdkpixbuf-2.0_2.42.10+dfsg-3ubuntu3.3_amd64.deb ...
native-tests	Install Tauri dependencies (WebKitGTK)	2026-07-28T16:38:21.3742165Z Unpacking gir1.2-gdkpixbuf-2.0:amd64 (2.42.10+dfsg-3ubuntu3.3) ...
native-tests	Install Tauri dependencies (WebKitGTK)	2026-07-28T16:38:21.3973144Z Selecting previously unselected package libharfbuzz-gobject0:amd64.
native-tests	Install Tauri dependencies (WebKitGTK)	2026-07-28T16:38:21.4098055Z Preparing to unpack .../008-libharfbuzz-gobject0_8.3.0-2build2_amd64.deb ...
native-tests	Install Tauri dependencies (WebKitGTK)	2026-07-28T16:38:21.4121417Z Unpacking libharfbuzz-gobject0:amd64 (8.3.0-2build2) ...
native-tests	Install Tauri dependencies (WebKitGTK)	2026-07-28T16:38:21.4342539Z Selecting previously unselected package gir1.2-harfbuzz-0.0:amd64.
native-tests	Install Tauri dependencies (WebKitGTK)	2026-07-28T16:38:21.4466802Z Preparing to unpack .../009-gir1.2-harfbuzz-0.0_8.3.0-2build2_amd64.deb ...
native-tests	Install Tauri dependencies (WebKitGTK)	2026-07-28T16:38:21.4477267Z Unpacking gir1.2-harfbuzz-0.0:amd64 (8.3.0-2build2) ...
native-tests	Install Tauri dependencies (WebKitGTK)	2026-07-28T16:38:21.4711008Z Selecting previously unselected package libpangoxft-1.0-0:amd64.
native-tests	Install Tauri dependencies (WebKitGTK)	2026-07-28T16:38:21.4835905Z Preparing to unpack .../010-libpangoxft-1.0-0_1.52.1+ds-1build1_amd64.deb ...
native-tests	Install Tauri dependencies (WebKitGTK)	2026-07-28T16:38:21.4868108Z Unpacking libpangoxft-1.0-0:amd64 (1.52.1+ds-1build1) ...
native-tests	Install Tauri dependencies (WebKitGTK)	2026-07-28T16:38:21.5083123Z Selecting previously unselected package gir1.2-pango-1.0:amd64.
native-tests	Install Tauri dependencies (WebKitGTK)	2026-07-28T16:38:21.5208264Z Preparing to unpack .../011-gir1.2-pango-1.0_1.52.1+ds-1build1_amd64.deb ...
native-tests	Install Tauri dependencies (WebKitGTK)	2026-07-28T16:38:21.5219586Z Unpacking gir1.2-pango-1.0:amd64 (1.52.1+ds-1build1) ...
native-tests	Install Tauri dependencies (WebKitGTK)	2026-07-28T16:38:21.5453135Z Selecting previously unselected package gir1.2-gtk-3.0:amd64.
native-tests	Install Tauri dependencies (WebKitGTK)	2026-07-28T16:38:21.5581560Z Preparing to unpack .../012-gir1.2-gtk-3.0_3.24.41-4ubuntu1.3_amd64.deb ...
native-tests	Install Tauri dependencies (WebKitGTK)	2026-07-28T16:38:21.5592820Z Unpacking gir1.2-gtk-3.0:amd64 (3.24.41-4ubuntu1.3) ...
native-tests	Install Tauri dependencies (WebKitGTK)	2026-07-28T16:38:21.5873898Z Selecting previously unselected package libayatana-ido3-0.4-0:amd64.
native-tests	Install Tauri dependencies (WebKitGTK)	2026-07-28T16:38:21.6005868Z Preparing to unpack .../013-libayatana-ido3-0.4-0_0.10.1-1build2_amd64.deb ...
native-tests	Install Tauri dependencies (WebKitGTK)	2026-07-28T16:38:21.6019203Z Unpacking libayatana-ido3-0.4-0:amd64 (0.10.1-1build2) ...
native-tests	Install Tauri dependencies (WebKitGTK)	2026-07-28T16:38:21.6268660Z Selecting previously unselected package libayatana-indicator3-7:amd64.
native-tests	Install Tauri dependencies (WebKitGTK)	2026-07-28T16:38:21.6393594Z Preparing to unpack .../014-libayatana-indicator3-7_0.9.4-1build1_amd64.deb ...
native-tests	Install Tauri dependencies (WebKitGTK)	2026-07-28T16:38:21.6405502Z Unpacking libayatana-indicator3-7:amd64 (0.9.4-1build1) ...
native-tests	Install Tauri dependencies (WebKitGTK)	2026-07-28T16:38:21.6639009Z Selecting previously unselected package libayatana-appindicator3-1.
native-tests	Install Tauri dependencies (WebKitGTK)	2026-07-28T16:38:21.6767191Z Preparing to unpack .../015-libayatana-appindicator3-1_0.5.93-1build3_amd64.deb ...
native-tests	Install Tauri dependencies (WebKitGTK)	2026-07-28T16:38:21.6778652Z Unpacking libayatana-appindicator3-1 (0.5.93-1build3) ...
native-tests	Install Tauri dependencies (WebKitGTK)	2026-07-28T16:38:21.8379175Z Selecting previously unselected package gir1.2-ayatanaappindicator3-0.1.
native-tests	Install Tauri dependencies (WebKitGTK)	2026-07-28T16:38:21.8506404Z Preparing to unpack .../016-gir1.2-ayatanaappindicator3-0.1_0.5.93-1build3_amd64.deb ...
native-tests	Install Tauri dependencies (WebKitGTK)	2026-07-28T16:38:21.8517912Z Unpacking gir1.2-ayatanaappindicator3-0.1 (0.5.93-1build3) ...
native-tests	Install Tauri dependencies (WebKitGTK)	2026-07-28T16:38:21.8893797Z Selecting previously unselected package gir1.2-ayatanaido3-0.4:amd64.
native-tests	Install Tauri dependencies (WebKitGTK)	2026-07-28T16:38:21.9017522Z Preparing to unpack .../017-gir1.2-ayatanaido3-0.4_0.10.1-1build2_amd64.deb ...
native-tests	Install Tauri dependencies (WebKitGTK)	2026-07-28T16:38:21.9030137Z Unpacking gir1.2-ayatanaido3-0.4:amd64 (0.10.1-1build2) ...
native-tests	Install Tauri dependencies (WebKitGTK)	2026-07-28T16:38:21.9242669Z Selecting previously unselected package gir1.2-dbusmenu-glib-0.4:amd64.
native-tests	Install Tauri dependencies (WebKitGTK)	2026-07-28T16:38:21.9366891Z Preparing to unpack .../018-gir1.2-dbusmenu-glib-0.4_18.10.20180917~bzr492+repack1-3.1ubuntu5_amd64.deb ...
native-tests	Install Tauri dependencies (WebKitGTK)	2026-07-28T16:38:21.9378725Z Unpacking gir1.2-dbusmenu-glib-0.4:amd64 (18.10.20180917~bzr492+repack1-3.1ubuntu5) ...
native-tests	Install Tauri dependencies (WebKitGTK)	2026-07-28T16:38:21.9595700Z Selecting previously unselected package gir1.2-glib-2.0-dev:amd64.
native-tests	Install Tauri dependencies (WebKitGTK)	2026-07-28T16:38:21.9719579Z Preparing to unpack .../019-gir1.2-glib-2.0-dev_2.80.0-6ubuntu3.8_amd64.deb ...
native-tests	Install Tauri dependencies (WebKitGTK)	2026-07-28T16:38:21.9737394Z Unpacking gir1.2-glib-2.0-dev:amd64 (2.80.0-6ubuntu3.8) ...
native-tests	Install Tauri dependencies (WebKitGTK)	2026-07-28T16:38:22.0308814Z Selecting previously unselected package gir1.2-freedesktop-dev:amd64.
native-tests	Install Tauri dependencies (WebKitGTK)	2026-07-28T16:38:22.0433390Z Preparing to unpack .../020-gir1.2-freedesktop-dev_1.80.1-1_amd64.deb ...
native-tests	Install Tauri dependencies (WebKitGTK)	2026-07-28T16:38:22.0445978Z Unpacking gir1.2-freedesktop-dev:amd64 (1.80.1-1) ...
native-tests	Install Tauri dependencies (WebKitGTK)	2026-07-28T16:38:22.0692425Z Selecting previously unselected package gir1.2-girepository-2.0-dev:amd64.
native-tests	Install Tauri dependencies (WebKitGTK)	2026-07-28T16:38:22.0817001Z Preparing to unpack .../021-gir1.2-girepository-2.0-dev_1.80.1-1_amd64.deb ...
native-tests	Install Tauri dependencies (WebKitGTK)	2026-07-28T16:38:22.0829762Z Unpacking gir1.2-girepository-2.0-dev:amd64 (1.80.1-1) ...
native-tests	Install Tauri dependencies (WebKitGTK)	2026-07-28T16:38:22.1064449Z Selecting previously unselected package libjavascriptcoregtk-4.1-0:amd64.
native-tests	Install Tauri dependencies (WebKitGTK)	2026-07-28T16:38:22.1191853Z Preparing to unpack .../022-libjavascriptcoregtk-4.1-0_2.52.3-0ubuntu0.24.04.1_amd64.deb ...
native-tests	Install Tauri dependencies (WebKitGTK)	2026-07-28T16:38:22.1204514Z Unpacking libjavascriptcoregtk-4.1-0:amd64 (2.52.3-0ubuntu0.24.04.1) ...
native-tests	Install Tauri dependencies (WebKitGTK)	2026-07-28T16:38:22.2522686Z Selecting previously unselected package gir1.2-javascriptcoregtk-4.1:amd64.
native-tests	Install Tauri dependencies (WebKitGTK)	2026-07-28T16:38:22.2646530Z Preparing to unpack .../023-gir1.2-javascriptcoregtk-4.1_2.52.3-0ubuntu0.24.04.1_amd64.deb ...
native-tests	Install Tauri dependencies (WebKitGTK)	2026-07-28T16:38:22.2661008Z Unpacking gir1.2-javascriptcoregtk-4.1:amd64 (2.52.3-0ubuntu0.24.04.1) ...
native-tests	Install Tauri dependencies (WebKitGTK)	2026-07-28T16:38:22.2912290Z Selecting previously unselected package librsvg2-2:amd64.
native-tests	Install Tauri dependencies (WebKitGTK)	2026-07-28T16:38:22.3038827Z Preparing to unpack .../024-librsvg2-2_2.58.0+dfsg-1build1_amd64.deb ...
native-tests	Install Tauri dependencies (WebKitGTK)	2026-07-28T16:38:22.3051089Z Unpacking librsvg2-2:amd64 (2.58.0+dfsg-1build1) ...
native-tests	Install Tauri dependencies (WebKitGTK)	2026-07-28T16:38:22.3543566Z Selecting previously unselected package gir1.2-rsvg-2.0:amd64.
native-tests	Install Tauri dependencies (WebKitGTK)	2026-07-28T16:38:22.3671307Z Preparing to unpack .../025-gir1.2-rsvg-2.0_2.58.0+dfsg-1build1_amd64.deb ...
native-tests	Install Tauri dependencies (WebKitGTK)	2026-07-28T16:38:22.3703586Z Unpacking gir1.2-rsvg-2.0:amd64 (2.58.0+dfsg-1build1) ...
native-tests	Install Tauri dependencies (WebKitGTK)	2026-07-28T16:38:22.3932329Z Selecting previously unselected package libproxy1v5:amd64.
native-tests	Install Tauri dependencies (WebKitGTK)	2026-07-28T16:38:22.4058622Z Preparing to unpack .../026-libproxy1v5_0.5.4-4build1_amd64.deb ...
native-tests	Install Tauri dependencies (WebKitGTK)	2026-07-28T16:38:22.4069792Z Unpacking libproxy1v5:amd64 (0.5.4-4build1) ...
native-tests	Install Tauri dependencies (WebKitGTK)	2026-07-28T16:38:22.4298962Z Selecting previously unselected package glib-networking-common.
native-tests	Install Tauri dependencies (WebKitGTK)	2026-07-28T16:38:22.4424024Z Preparing to unpack .../027-glib-networking-common_2.80.0-1build1_all.deb ...
native-tests	Install Tauri dependencies (WebKitGTK)	2026-07-28T16:38:22.4440510Z Unpacking glib-networking-common (2.80.0-1build1) ...
native-tests	Install Tauri dependencies (WebKitGTK)	2026-07-28T16:38:22.4654248Z Selecting previously unselected package glib-networking-services.
native-tests	Install Tauri dependencies (WebKitGTK)	2026-07-28T16:38:22.4780540Z Preparing to unpack .../028-glib-networking-services_2.80.0-1build1_amd64.deb ...
native-tests	Install Tauri dependencies (WebKitGTK)	2026-07-28T16:38:22.4793293Z Unpacking glib-networking-services (2.80.0-1build1) ...
native-tests	Install Tauri dependencies (WebKitGTK)	2026-07-28T16:38:22.5025935Z Selecting previously unselected package session-migration.
native-tests	Install Tauri dependencies (WebKitGTK)	2026-07-28T16:38:22.5149383Z Preparing to unpack .../029-session-migration_0.3.9build1_amd64.deb ...
native-tests	Install Tauri dependencies (WebKitGTK)	2026-07-28T16:38:22.5157821Z Unpacking session-migration (0.3.9build1) ...
native-tests	Install Tauri dependencies (WebKitGTK)	2026-07-28T16:38:22.5386250Z Selecting previously unselected package gsettings-desktop-schemas.
native-tests	Install Tauri dependencies (WebKitGTK)	2026-07-28T16:38:22.5510010Z Preparing to unpack .../030-gsettings-desktop-schemas_46.1-0ubuntu1_all.deb ...
native-tests	Install Tauri dependencies (WebKitGTK)	2026-07-28T16:38:22.5522620Z Unpacking gsettings-desktop-schemas (46.1-0ubuntu1) ...
native-tests	Install Tauri dependencies (WebKitGTK)	2026-07-28T16:38:22.5873308Z Selecting previously unselected package glib-networking:amd64.
native-tests	Install Tauri dependencies (WebKitGTK)	2026-07-28T16:38:22.5998298Z Preparing to unpack .../031-glib-networking_2.80.0-1build1_amd64.deb ...
native-tests	Install Tauri dependencies (WebKitGTK)	2026-07-28T16:38:22.6006784Z Unpacking glib-networking:amd64 (2.80.0-1build1) ...
native-tests	Install Tauri dependencies (WebKitGTK)	2026-07-28T16:38:22.6224932Z Selecting previously unselected package libsoup-3.0-common.
native-tests	Install Tauri dependencies (WebKitGTK)	2026-07-28T16:38:22.6350486Z Preparing to unpack .../032-libsoup-3.0-common_3.4.4-5ubuntu0.7_all.deb ...
native-tests	Install Tauri dependencies (WebKitGTK)	2026-07-28T16:38:22.6360043Z Unpacking libsoup-3.0-common (3.4.4-5ubuntu0.7) ...
native-tests	Install Tauri dependencies (WebKitGTK)	2026-07-28T16:38:22.6571758Z Selecting previously unselected package libsoup-3.0-0:amd64.
native-tests	Install Tauri dependencies (WebKitGTK)	2026-07-28T16:38:22.6696545Z Preparing to unpack .../033-libsoup-3.0-0_3.4.4-5ubuntu0.7_amd64.deb ...
native-tests	Install Tauri dependencies (WebKitGTK)	2026-07-28T16:38:22.6706059Z Unpacking libsoup-3.0-0:amd64 (3.4.4-5ubuntu0.7) ...
native-tests	Install Tauri dependencies (WebKitGTK)	2026-07-28T16:38:22.6964677Z Selecting previously unselected package gir1.2-soup-3.0:amd64.
native-tests	Install Tauri dependencies (WebKitGTK)	2026-07-28T16:38:22.7087772Z Preparing to unpack .../034-gir1.2-soup-3.0_3.4.4-5ubuntu0.7_amd64.deb ...
native-tests	Install Tauri dependencies (WebKitGTK)	2026-07-28T16:38:22.7097802Z Unpacking gir1.2-soup-3.0:amd64 (3.4.4-5ubuntu0.7) ...
native-tests	Install Tauri dependencies (WebKitGTK)	2026-07-28T16:38:22.7312854Z Selecting previously unselected package libcdparanoia0:amd64.
native-tests	Install Tauri dependencies (WebKitGTK)	2026-07-28T16:38:22.7437626Z Preparing to unpack .../035-libcdparanoia0_3.10.2+debian-14build3_amd64.deb ...
native-tests	Install Tauri dependencies (WebKitGTK)	2026-07-28T16:38:22.7446322Z Unpacking libcdparanoia0:amd64 (3.10.2+debian-14build3) ...
native-tests	Install Tauri dependencies (WebKitGTK)	2026-07-28T16:38:22.7667951Z Selecting previously unselected package liborc-0.4-0t64:amd64.
native-tests	Install Tauri dependencies (WebKitGTK)	2026-07-28T16:38:22.7792325Z Preparing to unpack .../036-liborc-0.4-0t64_1%3a0.4.38-1ubuntu0.1_amd64.deb ...
native-tests	Install Tauri dependencies (WebKitGTK)	2026-07-28T16:38:22.7800154Z Unpacking liborc-0.4-0t64:amd64 (1:0.4.38-1ubuntu0.1) ...
native-tests	Install Tauri dependencies (WebKitGTK)	2026-07-28T16:38:22.8060354Z Selecting previously unselected package libgstreamer-plugins-base1.0-0:amd64.
native-tests	Install Tauri dependencies (WebKitGTK)	2026-07-28T16:38:22.8186836Z Preparing to unpack .../037-libgstreamer-plugins-base1.0-0_1.24.2-1ubuntu0.4_amd64.deb ...
native-tests	Install Tauri dependencies (WebKitGTK)	2026-07-28T16:38:22.8196785Z Unpacking libgstreamer-plugins-base1.0-0:amd64 (1.24.2-1ubuntu0.4) ...
native-tests	Install Tauri dependencies (WebKitGTK)	2026-07-28T16:38:22.8549740Z Selecting previously unselected package libopus0:amd64.
native-tests	Install Tauri dependencies (WebKitGTK)	2026-07-28T16:38:22.8676872Z Preparing to unpack .../038-libopus0_1.4-1build1_amd64.deb ...
native-tests	Install Tauri dependencies (WebKitGTK)	2026-07-28T16:38:22.8687390Z Unpacking libopus0:amd64 (1.4-1build1) ...
native-tests	Install Tauri dependencies (WebKitGTK)	2026-07-28T16:38:22.8927248Z Selecting previously unselected package libtheora0:amd64.
native-tests	Install Tauri dependencies (WebKitGTK)	2026-07-28T16:38:22.9054953Z Preparing to unpack .../039-libtheora0_1.1.1+dfsg.1-16.1build3_amd64.deb ...
native-tests	Install Tauri dependencies (WebKitGTK)	2026-07-28T16:38:22.9063167Z Unpacking libtheora0:amd64 (1.1.1+dfsg.1-16.1build3) ...
native-tests	Install Tauri dependencies (WebKitGTK)	2026-07-28T16:38:22.9319158Z Selecting previously unselected package libvisual-0.4-0:amd64.
native-tests	Install Tauri dependencies (WebKitGTK)	2026-07-28T16:38:22.9445008Z Preparing to unpack .../040-libvisual-0.4-0_0.4.2-2build1_amd64.deb ...
native-tests	Install Tauri dependencies (WebKitGTK)	2026-07-28T16:38:22.9454385Z Unpacking libvisual-0.4-0:amd64 (0.4.2-2build1) ...
native-tests	Install Tauri dependencies (WebKitGTK)	2026-07-28T16:38:22.9694678Z Selecting previously unselected package libvorbisenc2:amd64.
native-tests	Install Tauri dependencies (WebKitGTK)	2026-07-28T16:38:22.9818660Z Preparing to unpack .../041-libvorbisenc2_1.3.7-1build3_amd64.deb ...
native-tests	Install Tauri dependencies (WebKitGTK)	2026-07-28T16:38:22.9827373Z Unpacking libvorbisenc2:amd64 (1.3.7-1build3) ...
native-tests	Install Tauri dependencies (WebKitGTK)	2026-07-28T16:38:23.0055031Z Selecting previously unselected package gstreamer1.0-plugins-base:amd64.
native-tests	Install Tauri dependencies (WebKitGTK)	2026-07-28T16:38:23.0179754Z Preparing to unpack .../042-gstreamer1.0-plugins-base_1.24.2-1ubuntu0.4_amd64.deb ...
native-tests	Install Tauri dependencies (WebKitGTK)	2026-07-28T16:38:23.0188417Z Unpacking gstreamer1.0-plugins-base:amd64 (1.24.2-1ubuntu0.4) ...
native-tests	Install Tauri dependencies (WebKitGTK)	2026-07-28T16:38:23.0564222Z Selecting previously unselected package libaa1:amd64.
native-tests	Install Tauri dependencies (WebKitGTK)	2026-07-28T16:38:23.0689018Z Preparing to unpack .../043-libaa1_1.4p5-51.1_amd64.deb ...
native-tests	Install Tauri dependencies (WebKitGTK)	2026-07-28T16:38:23.0700158Z Unpacking libaa1:amd64 (1.4p5-51.1) ...
native-tests	Install Tauri dependencies (WebKitGTK)	2026-07-28T16:38:23.0922680Z Selecting previously unselected package libraw1394-11:amd64.
native-tests	Install Tauri dependencies (WebKitGTK)	2026-07-28T16:38:23.1046152Z Preparing to unpack .../044-libraw1394-11_2.1.2-2build3_amd64.deb ...
native-tests	Install Tauri dependencies (WebKitGTK)	2026-07-28T16:38:23.1055373Z Unpacking libraw1394-11:amd64 (2.1.2-2build3) ...
native-tests	Install Tauri dependencies (WebKitGTK)	2026-07-28T16:38:23.1268062Z Selecting previously unselected package libavc1394-0:amd64.
native-tests	Install Tauri dependencies (WebKitGTK)	2026-07-28T16:38:23.1392640Z Preparing to unpack .../045-libavc1394-0_0.5.4-5build3_amd64.deb ...
native-tests	Install Tauri dependencies (WebKitGTK)	2026-07-28T16:38:23.1401079Z Unpacking libavc1394-0:amd64 (0.5.4-5build3) ...
native-tests	Install Tauri dependencies (WebKitGTK)	2026-07-28T16:38:23.1606589Z Selecting previously unselected package libcaca0:amd64.
native-tests	Install Tauri dependencies (WebKitGTK)	2026-07-28T16:38:23.1729957Z Preparing to unpack .../046-libcaca0_0.99.beta20-4ubuntu0.2_amd64.deb ...
native-tests	Install Tauri dependencies (WebKitGTK)	2026-07-28T16:38:23.1739384Z Unpacking libcaca0:amd64 (0.99.beta20-4ubuntu0.2) ...
native-tests	Install Tauri dependencies (WebKitGTK)	2026-07-28T16:38:23.1983923Z Selecting previously unselected package libdv4t64:amd64.
native-tests	Install Tauri dependencies (WebKitGTK)	2026-07-28T16:38:23.2107603Z Preparing to unpack .../047-libdv4t64_1.0.0-17.1build1_amd64.deb ...
native-tests	Install Tauri dependencies (WebKitGTK)	2026-07-28T16:38:23.2117100Z Unpacking libdv4t64:amd64 (1.0.0-17.1build1) ...
native-tests	Install Tauri dependencies (WebKitGTK)	2026-07-28T16:38:23.2343119Z Selecting previously unselected package libflac12t64:amd64.
native-tests	Install Tauri dependencies (WebKitGTK)	2026-07-28T16:38:23.2470494Z Preparing to unpack .../048-libflac12t64_1.4.3+ds-2.1ubuntu2_amd64.deb ...
native-tests	Install Tauri dependencies (WebKitGTK)	2026-07-28T16:38:23.2480611Z Unpacking libflac12t64:amd64 (1.4.3+ds-2.1ubuntu2) ...
native-tests	Install Tauri dependencies (WebKitGTK)	2026-07-28T16:38:23.2711399Z Selecting previously unselected package libgstreamer-plugins-good1.0-0:amd64.
native-tests	Install Tauri dependencies (WebKitGTK)	2026-07-28T16:38:23.2835841Z Preparing to unpack .../049-libgstreamer-plugins-good1.0-0_1.24.2-1ubuntu1.5_amd64.deb ...
native-tests	Install Tauri dependencies (WebKitGTK)	2026-07-28T16:38:23.2844799Z Unpacking libgstreamer-plugins-good1.0-0:amd64 (1.24.2-1ubuntu1.5) ...
native-tests	Install Tauri dependencies (WebKitGTK)	2026-07-28T16:38:23.3068589Z Selecting previously unselected package libiec61883-0:amd64.
native-tests	Install Tauri dependencies (WebKitGTK)	2026-07-28T16:38:23.3193670Z Preparing to unpack .../050-libiec61883-0_1.2.0-6build1_amd64.deb ...
native-tests	Install Tauri dependencies (WebKitGTK)	2026-07-28T16:38:23.3208265Z Unpacking libiec61883-0:amd64 (1.2.0-6build1) ...
native-tests	Install Tauri dependencies (WebKitGTK)	2026-07-28T16:38:23.3429482Z Selecting previously unselected package libmp3lame0:amd64.
native-tests	Install Tauri dependencies (WebKitGTK)	2026-07-28T16:38:23.3555940Z Preparing to unpack .../051-libmp3lame0_3.100-6build1_amd64.deb ...
native-tests	Install Tauri dependencies (WebKitGTK)	2026-07-28T16:38:23.3565494Z Unpacking libmp3lame0:amd64 (3.100-6build1) ...
native-tests	Install Tauri dependencies (WebKitGTK)	2026-07-28T16:38:23.3794037Z Selecting previously unselected package libmpg123-0t64:amd64.
native-tests	Install Tauri dependencies (WebKitGTK)	2026-07-28T16:38:23.3919314Z Preparing to unpack .../052-libmpg123-0t64_1.32.5-1ubuntu1.1_amd64.deb ...
native-tests	Install Tauri dependencies (WebKitGTK)	2026-07-28T16:38:23.3927793Z Unpacking libmpg123-0t64:amd64 (1.32.5-1ubuntu1.1) ...
native-tests	Install Tauri dependencies (WebKitGTK)	2026-07-28T16:38:23.4169120Z Selecting previously unselected package libasyncns0:amd64.
native-tests	Install Tauri dependencies (WebKitGTK)	2026-07-28T16:38:23.4293877Z Preparing to unpack .../053-libasyncns0_0.8-6build4_amd64.deb ...
native-tests	Install Tauri dependencies (WebKitGTK)	2026-07-28T16:38:23.4304784Z Unpacking libasyncns0:amd64 (0.8-6build4) ...
native-tests	Install Tauri dependencies (WebKitGTK)	2026-07-28T16:38:23.4520931Z Selecting previously unselected package libsndfile1:amd64.
native-tests	Install Tauri dependencies (WebKitGTK)	2026-07-28T16:38:23.4660821Z Preparing to unpack .../054-libsndfile1_1.2.2-1ubuntu5.24.04.1_amd64.deb ...
native-tests	Install Tauri dependencies (WebKitGTK)	2026-07-28T16:38:23.4669410Z Unpacking libsndfile1:amd64 (1.2.2-1ubuntu5.24.04.1) ...
native-tests	Install Tauri dependencies (WebKitGTK)	2026-07-28T16:38:23.4920114Z Selecting previously unselected package libpulse0:amd64.
native-tests	Install Tauri dependencies (WebKitGTK)	2026-07-28T16:38:23.5050860Z Preparing to unpack .../055-libpulse0_1%3a16.1+dfsg1-2ubuntu10.1_amd64.deb ...
native-tests	Install Tauri dependencies (WebKitGTK)	2026-07-28T16:38:23.5127963Z Unpacking libpulse0:amd64 (1:16.1+dfsg1-2ubuntu10.1) ...
native-tests	Install Tauri dependencies (WebKitGTK)	2026-07-28T16:38:23.5396599Z Selecting previously unselected package libspeex1:amd64.
native-tests	Install Tauri dependencies (WebKitGTK)	2026-07-28T16:38:23.5524064Z Preparing to unpack .../056-libspeex1_1.2.1-2ubuntu2.24.04.1_amd64.deb ...
native-tests	Install Tauri dependencies (WebKitGTK)	2026-07-28T16:38:23.5534828Z Unpacking libspeex1:amd64 (1.2.1-2ubuntu2.24.04.1) ...
native-tests	Install Tauri dependencies (WebKitGTK)	2026-07-28T16:38:23.5769334Z Selecting previously unselected package libshout3:amd64.
native-tests	Install Tauri dependencies (WebKitGTK)	2026-07-28T16:38:23.5897866Z Preparing to unpack .../057-libshout3_2.4.6-1build2_amd64.deb ...
native-tests	Install Tauri dependencies (WebKitGTK)	2026-07-28T16:38:23.5908417Z Unpacking libshout3:amd64 (2.4.6-1build2) ...
native-tests	Install Tauri dependencies (WebKitGTK)	2026-07-28T16:38:23.6142861Z Selecting previously unselected package libtag1v5-vanilla:amd64.
native-tests	Install Tauri dependencies (WebKitGTK)	2026-07-28T16:38:23.6270612Z Preparing to unpack .../058-libtag1v5-vanilla_1.13.1-1build1_amd64.deb ...
native-tests	Install Tauri dependencies (WebKitGTK)	2026-07-28T16:38:23.6280662Z Unpacking libtag1v5-vanilla:amd64 (1.13.1-1build1) ...
native-tests	Install Tauri dependencies (WebKitGTK)	2026-07-28T16:38:23.6534709Z Selecting previously unselected package libtag1v5:amd64.
native-tests	Install Tauri dependencies (WebKitGTK)	2026-07-28T16:38:23.6662894Z Preparing to unpack .../059-libtag1v5_1.13.1-1build1_amd64.deb ...
native-tests	Install Tauri dependencies (WebKitGTK)	2026-07-28T16:38:23.6672103Z Unpacking libtag1v5:amd64 (1.13.1-1build1) ...
native-tests	Install Tauri dependencies (WebKitGTK)	2026-07-28T16:38:23.6898079Z Selecting previously unselected package libtwolame0:amd64.
native-tests	Install Tauri dependencies (WebKitGTK)	2026-07-28T16:38:23.7027644Z Preparing to unpack .../060-libtwolame0_0.4.0-2build3_amd64.deb ...
native-tests	Install Tauri dependencies (WebKitGTK)	2026-07-28T16:38:23.7036899Z Unpacking libtwolame0:amd64 (0.4.0-2build3) ...
native-tests	Install Tauri dependencies (WebKitGTK)	2026-07-28T16:38:23.7270612Z Selecting previously unselected package libv4lconvert0t64:amd64.
native-tests	Install Tauri dependencies (WebKitGTK)	2026-07-28T16:38:23.7398469Z Preparing to unpack .../061-libv4lconvert0t64_1.26.1-4build3_amd64.deb ...
native-tests	Install Tauri dependencies (WebKitGTK)	2026-07-28T16:38:23.7409026Z Unpacking libv4lconvert0t64:amd64 (1.26.1-4build3) ...
native-tests	Install Tauri dependencies (WebKitGTK)	2026-07-28T16:38:23.7653596Z Selecting previously unselected package libv4l-0t64:amd64.
native-tests	Install Tauri dependencies (WebKitGTK)	2026-07-28T16:38:23.7782214Z Preparing to unpack .../062-libv4l-0t64_1.26.1-4build3_amd64.deb ...
native-tests	Install Tauri dependencies (WebKitGTK)	2026-07-28T16:38:23.7791943Z Unpacking libv4l-0t64:amd64 (1.26.1-4build3) ...
native-tests	Install Tauri dependencies (WebKitGTK)	2026-07-28T16:38:23.8037277Z Selecting previously unselected package libvpx9:amd64.
native-tests	Install Tauri dependencies (WebKitGTK)	2026-07-28T16:38:23.8163696Z Preparing to unpack .../063-libvpx9_1.14.0-1ubuntu2.3_amd64.deb ...
native-tests	Install Tauri dependencies (WebKitGTK)	2026-07-28T16:38:23.8172003Z Unpacking libvpx9:amd64 (1.14.0-1ubuntu2.3) ...
native-tests	Install Tauri dependencies (WebKitGTK)	2026-07-28T16:38:23.8526870Z Selecting previously unselected package libwavpack1:amd64.
native-tests	Install Tauri dependencies (WebKitGTK)	2026-07-28T16:38:23.8651674Z Preparing to unpack .../064-libwavpack1_5.6.0-1build1_amd64.deb ...
native-tests	Install Tauri dependencies (WebKitGTK)	2026-07-28T16:38:23.8661622Z Unpacking libwavpack1:amd64 (5.6.0-1build1) ...
native-tests	Install Tauri dependencies (WebKitGTK)	2026-07-28T16:38:23.8884786Z Selecting previously unselected package gstreamer1.0-plugins-good:amd64.
native-tests	Install Tauri dependencies (WebKitGTK)	2026-07-28T16:38:23.9008964Z Preparing to unpack .../065-gstreamer1.0-plugins-good_1.24.2-1ubuntu1.5_amd64.deb ...
native-tests	Install Tauri dependencies (WebKitGTK)	2026-07-28T16:38:23.9018670Z Unpacking gstreamer1.0-plugins-good:amd64 (1.24.2-1ubuntu1.5) ...
native-tests	Install Tauri dependencies (WebKitGTK)	2026-07-28T16:38:23.9598235Z Selecting previously unselected package libgles2:amd64.
native-tests	Install Tauri dependencies (WebKitGTK)	2026-07-28T16:38:23.9722347Z Preparing to unpack .../066-libgles2_1.7.0-1build1_amd64.deb ...
native-tests	Install Tauri dependencies (WebKitGTK)	2026-07-28T16:38:23.9731977Z Unpacking libgles2:amd64 (1.7.0-1build1) ...
native-tests	Install Tauri dependencies (WebKitGTK)	2026-07-28T16:38:23.9940878Z Selecting previously unselected package xdg-dbus-proxy.
native-tests	Install Tauri dependencies (WebKitGTK)	2026-07-28T16:38:24.0065859Z Preparing to unpack .../067-xdg-dbus-proxy_0.1.5-1ubuntu0.2_amd64.deb ...
native-tests	Install Tauri dependencies (WebKitGTK)	2026-07-28T16:38:24.0075505Z Unpacking xdg-dbus-proxy (0.1.5-1ubuntu0.2) ...
native-tests	Install Tauri dependencies (WebKitGTK)	2026-07-28T16:38:24.0324902Z Selecting previously unselected package libegl-mesa0:amd64.
native-tests	Install Tauri dependencies (WebKitGTK)	2026-07-28T16:38:24.0451323Z Preparing to unpack .../068-libegl-mesa0_25.2.8-0ubuntu0.24.04.2_amd64.deb ...
native-tests	Install Tauri dependencies (WebKitGTK)	2026-07-28T16:38:24.0462643Z Unpacking libegl-mesa0:amd64 (25.2.8-0ubuntu0.24.04.2) ...
native-tests	Install Tauri dependencies (WebKitGTK)	2026-07-28T16:38:24.0733255Z Selecting previously unselected package libegl1:amd64.
native-tests	Install Tauri dependencies (WebKitGTK)	2026-07-28T16:38:24.0861003Z Preparing to unpack .../069-libegl1_1.7.0-1build1_amd64.deb ...
native-tests	Install Tauri dependencies (WebKitGTK)	2026-07-28T16:38:24.0870771Z Unpacking libegl1:amd64 (1.7.0-1build1) ...
native-tests	Install Tauri dependencies (WebKitGTK)	2026-07-28T16:38:24.1173007Z Selecting previously unselected package libgstreamer-gl1.0-0:amd64.
native-tests	Install Tauri dependencies (WebKitGTK)	2026-07-28T16:38:24.1304120Z Preparing to unpack .../070-libgstreamer-gl1.0-0_1.24.2-1ubuntu0.4_amd64.deb ...
native-tests	Install Tauri dependencies (WebKitGTK)	2026-07-28T16:38:24.1314759Z Unpacking libgstreamer-gl1.0-0:amd64 (1.24.2-1ubuntu0.4) ...
native-tests	Install Tauri dependencies (WebKitGTK)	2026-07-28T16:38:24.1575828Z Selecting previously unselected package libharfbuzz-icu0:amd64.
native-tests	Install Tauri dependencies (WebKitGTK)	2026-07-28T16:38:24.1706473Z Preparing to unpack .../071-libharfbuzz-icu0_8.3.0-2build2_amd64.deb ...
native-tests	Install Tauri dependencies (WebKitGTK)	2026-07-28T16:38:24.1718287Z Unpacking libharfbuzz-icu0:amd64 (8.3.0-2build2) ...
native-tests	Install Tauri dependencies (WebKitGTK)	2026-07-28T16:38:24.1948963Z Selecting previously unselected package libhyphen0:amd64.
native-tests	Install Tauri dependencies (WebKitGTK)	2026-07-28T16:38:24.2077492Z Preparing to unpack .../072-libhyphen0_2.8.8-7build3_amd64.deb ...
native-tests	Install Tauri dependencies (WebKitGTK)	2026-07-28T16:38:24.2087674Z Unpacking libhyphen0:amd64 (2.8.8-7build3) ...
native-tests	Install Tauri dependencies (WebKitGTK)	2026-07-28T16:38:24.2330366Z Selecting previously unselected package libmanette-0.2-0:amd64.
native-tests	Install Tauri dependencies (WebKitGTK)	2026-07-28T16:38:24.2459674Z Preparing to unpack .../073-libmanette-0.2-0_0.2.7-1build2_amd64.deb ...
native-tests	Install Tauri dependencies (WebKitGTK)	2026-07-28T16:38:24.2471485Z Unpacking libmanette-0.2-0:amd64 (0.2.7-1build2) ...
native-tests	Install Tauri dependencies (WebKitGTK)	2026-07-28T16:38:24.2698074Z Selecting previously unselected package libsecret-common.
native-tests	Install Tauri dependencies (WebKitGTK)	2026-07-28T16:38:24.2826199Z Preparing to unpack .../074-libsecret-common_0.21.4-1build3_all.deb ...
native-tests	Install Tauri dependencies (WebKitGTK)	2026-07-28T16:38:24.2837066Z Unpacking libsecret-common (0.21.4-1build3) ...
native-tests	Install Tauri dependencies (WebKitGTK)	2026-07-28T16:38:24.3063855Z Selecting previously unselected package libsecret-1-0:amd64.
native-tests	Install Tauri dependencies (WebKitGTK)	2026-07-28T16:38:24.3193368Z Preparing to unpack .../075-libsecret-1-0_0.21.4-1build3_amd64.deb ...
native-tests	Install Tauri dependencies (WebKitGTK)	2026-07-28T16:38:24.3204852Z Unpacking libsecret-1-0:amd64 (0.21.4-1build3) ...
native-tests	Install Tauri dependencies (WebKitGTK)	2026-07-28T16:38:24.3471751Z Selecting previously unselected package libwayland-server0:amd64.
native-tests	Install Tauri dependencies (WebKitGTK)	2026-07-28T16:38:24.3600471Z Preparing to unpack .../076-libwayland-server0_1.22.0-2.1build1_amd64.deb ...
native-tests	Install Tauri dependencies (WebKitGTK)	2026-07-28T16:38:24.3611330Z Unpacking libwayland-server0:amd64 (1.22.0-2.1build1) ...
native-tests	Install Tauri dependencies (WebKitGTK)	2026-07-28T16:38:24.3844236Z Selecting previously unselected package libwebkit2gtk-4.1-0:amd64.
native-tests	Install Tauri dependencies (WebKitGTK)	2026-07-28T16:38:24.3971937Z Preparing to unpack .../077-libwebkit2gtk-4.1-0_2.52.3-0ubuntu0.24.04.1_amd64.deb ...
native-tests	Install Tauri dependencies (WebKitGTK)	2026-07-28T16:38:24.3982677Z Unpacking libwebkit2gtk-4.1-0:amd64 (2.52.3-0ubuntu0.24.04.1) ...
native-tests	Install Tauri dependencies (WebKitGTK)	2026-07-28T16:38:24.7389297Z Selecting previously unselected package gir1.2-webkit2-4.1:amd64.
native-tests	Install Tauri dependencies (WebKitGTK)	2026-07-28T16:38:24.7515460Z Preparing to unpack .../078-gir1.2-webkit2-4.1_2.52.3-0ubuntu0.24.04.1_amd64.deb ...
native-tests	Install Tauri dependencies (WebKitGTK)	2026-07-28T16:38:24.7524707Z Unpacking gir1.2-webkit2-4.1:amd64 (2.52.3-0ubuntu0.24.04.1) ...
native-tests	Install Tauri dependencies (WebKitGTK)	2026-07-28T16:38:24.7784136Z Selecting previously unselected package python3-mako.
native-tests	Install Tauri dependencies (WebKitGTK)	2026-07-28T16:38:24.7913472Z Preparing to unpack .../079-python3-mako_1.3.2-1ubuntu0.1_all.deb ...
native-tests	Install Tauri dependencies (WebKitGTK)	2026-07-28T16:38:24.7924345Z Unpacking python3-mako (1.3.2-1ubuntu0.1) ...
native-tests	Install Tauri dependencies (WebKitGTK)	2026-07-28T16:38:24.8214369Z Selecting previously unselected package python3-markdown.
native-tests	Install Tauri dependencies (WebKitGTK)	2026-07-28T16:38:24.8342344Z Preparing to unpack .../080-python3-markdown_3.5.2-1_all.deb ...
native-tests	Install Tauri dependencies (WebKitGTK)	2026-07-28T16:38:24.8350365Z Unpacking python3-markdown (3.5.2-1) ...
native-tests	Install Tauri dependencies (WebKitGTK)	2026-07-28T16:38:24.8740497Z Selecting previously unselected package gobject-introspection-bin.
native-tests	Install Tauri dependencies (WebKitGTK)	2026-07-28T16:38:24.8867068Z Preparing to unpack .../081-gobject-introspection-bin_1.80.1-1_amd64.deb ...
native-tests	Install Tauri dependencies (WebKitGTK)	2026-07-28T16:38:24.8876393Z Unpacking gobject-introspection-bin (1.80.1-1) ...
native-tests	Install Tauri dependencies (WebKitGTK)	2026-07-28T16:38:24.9385290Z Selecting previously unselected package libglib2.0-dev-bin.
native-tests	Install Tauri dependencies (WebKitGTK)	2026-07-28T16:38:24.9511061Z Preparing to unpack .../082-libglib2.0-dev-bin_2.80.0-6ubuntu3.8_amd64.deb ...
native-tests	Install Tauri dependencies (WebKitGTK)	2026-07-28T16:38:24.9519928Z Unpacking libglib2.0-dev-bin (2.80.0-6ubuntu3.8) ...
native-tests	Install Tauri dependencies (WebKitGTK)	2026-07-28T16:38:24.9849564Z Selecting previously unselected package uuid-dev:amd64.
native-tests	Install Tauri dependencies (WebKitGTK)	2026-07-28T16:38:24.9974791Z Preparing to unpack .../083-uuid-dev_2.39.3-9ubuntu6.5_amd64.deb ...
native-tests	Install Tauri dependencies (WebKitGTK)	2026-07-28T16:38:24.9986598Z Unpacking uuid-dev:amd64 (2.39.3-9ubuntu6.5) ...
native-tests	Install Tauri dependencies (WebKitGTK)	2026-07-28T16:38:25.0319426Z Selecting previously unselected package libblkid-dev:amd64.
native-tests	Install Tauri dependencies (WebKitGTK)	2026-07-28T16:38:25.0444364Z Preparing to unpack .../084-libblkid-dev_2.39.3-9ubuntu6.5_amd64.deb ...
native-tests	Install Tauri dependencies (WebKitGTK)	2026-07-28T16:38:25.0453667Z Unpacking libblkid-dev:amd64 (2.39.3-9ubuntu6.5) ...
native-tests	Install Tauri dependencies (WebKitGTK)	2026-07-28T16:38:25.0702793Z Selecting previously unselected package libsepol-dev:amd64.
native-tests	Install Tauri dependencies (WebKitGTK)	2026-07-28T16:38:25.0828717Z Preparing to unpack .../085-libsepol-dev_3.5-2build1_amd64.deb ...
native-tests	Install Tauri dependencies (WebKitGTK)	2026-07-28T16:38:25.0838345Z Unpacking libsepol-dev:amd64 (3.5-2build1) ...
native-tests	Install Tauri dependencies (WebKitGTK)	2026-07-28T16:38:25.1177808Z Selecting previously unselected package libselinux1-dev:amd64.
native-tests	Install Tauri dependencies (WebKitGTK)	2026-07-28T16:38:25.1303500Z Preparing to unpack .../086-libselinux1-dev_3.5-2ubuntu2.1_amd64.deb ...
native-tests	Install Tauri dependencies (WebKitGTK)	2026-07-28T16:38:25.1311943Z Unpacking libselinux1-dev:amd64 (3.5-2ubuntu2.1) ...
native-tests	Install Tauri dependencies (WebKitGTK)	2026-07-28T16:38:25.1775301Z Selecting previously unselected package libmount-dev:amd64.
native-tests	Install Tauri dependencies (WebKitGTK)	2026-07-28T16:38:25.1909189Z Preparing to unpack .../087-libmount-dev_2.39.3-9ubuntu6.5_amd64.deb ...
native-tests	Install Tauri dependencies (WebKitGTK)	2026-07-28T16:38:25.1916972Z Unpacking libmount-dev:amd64 (2.39.3-9ubuntu6.5) ...
native-tests	Install Tauri dependencies (WebKitGTK)	2026-07-28T16:38:25.2144666Z Selecting previously unselected package libgirepository-2.0-0:amd64.
native-tests	Install Tauri dependencies (WebKitGTK)	2026-07-28T16:38:25.2271525Z Preparing to unpack .../088-libgirepository-2.0-0_2.80.0-6ubuntu3.8_amd64.deb ...
native-tests	Install Tauri dependencies (WebKitGTK)	2026-07-28T16:38:25.2280169Z Unpacking libgirepository-2.0-0:amd64 (2.80.0-6ubuntu3.8) ...
native-tests	Install Tauri dependencies (WebKitGTK)	2026-07-28T16:38:25.2500440Z Selecting previously unselected package libglib2.0-dev:amd64.
native-tests	Install Tauri dependencies (WebKitGTK)	2026-07-28T16:38:25.2627323Z Preparing to unpack .../089-libglib2.0-dev_2.80.0-6ubuntu3.8_amd64.deb ...
native-tests	Install Tauri dependencies (WebKitGTK)	2026-07-28T16:38:25.2635613Z Unpacking libglib2.0-dev:amd64 (2.80.0-6ubuntu3.8) ...
native-tests	Install Tauri dependencies (WebKitGTK)	2026-07-28T16:38:25.3734511Z Selecting previously unselected package gobject-introspection:amd64.
native-tests	Install Tauri dependencies (WebKitGTK)	2026-07-28T16:38:25.3860201Z Preparing to unpack .../090-gobject-introspection_1.80.1-1_amd64.deb ...
native-tests	Install Tauri dependencies (WebKitGTK)	2026-07-28T16:38:25.3872954Z Unpacking gobject-introspection:amd64 (1.80.1-1) ...
native-tests	Install Tauri dependencies (WebKitGTK)	2026-07-28T16:38:25.4145384Z Selecting previously unselected package libgraphene-1.0-0:amd64.
native-tests	Install Tauri dependencies (WebKitGTK)	2026-07-28T16:38:25.4271811Z Preparing to unpack .../091-libgraphene-1.0-0_1.10.8-3build2_amd64.deb ...
native-tests	Install Tauri dependencies (WebKitGTK)	2026-07-28T16:38:25.4280570Z Unpacking libgraphene-1.0-0:amd64 (1.10.8-3build2) ...
native-tests	Install Tauri dependencies (WebKitGTK)	2026-07-28T16:38:25.4491643Z Selecting previously unselected package gstreamer1.0-gl:amd64.
native-tests	Install Tauri dependencies (WebKitGTK)	2026-07-28T16:38:25.4620129Z Preparing to unpack .../092-gstreamer1.0-gl_1.24.2-1ubuntu0.4_amd64.deb ...
native-tests	Install Tauri dependencies (WebKitGTK)	2026-07-28T16:38:25.4630795Z Unpacking gstreamer1.0-gl:amd64 (1.24.2-1ubuntu0.4) ...
native-tests	Install Tauri dependencies (WebKitGTK)	2026-07-28T16:38:25.4858303Z Selecting previously unselected package libxv1:amd64.
native-tests	Install Tauri dependencies (WebKitGTK)	2026-07-28T16:38:25.4984185Z Preparing to unpack .../093-libxv1_2%3a1.0.11-1.1build1_amd64.deb ...
native-tests	Install Tauri dependencies (WebKitGTK)	2026-07-28T16:38:25.4994540Z Unpacking libxv1:amd64 (2:1.0.11-1.1build1) ...
native-tests	Install Tauri dependencies (WebKitGTK)	2026-07-28T16:38:25.5206757Z Selecting previously unselected package gstreamer1.0-x:amd64.
native-tests	Install Tauri dependencies (WebKitGTK)	2026-07-28T16:38:25.5331855Z Preparing to unpack .../094-gstreamer1.0-x_1.24.2-1ubuntu0.4_amd64.deb ...
native-tests	Install Tauri dependencies (WebKitGTK)	2026-07-28T16:38:25.5346469Z Unpacking gstreamer1.0-x:amd64 (1.24.2-1ubuntu0.4) ...
native-tests	Install Tauri dependencies (WebKitGTK)	2026-07-28T16:38:25.5568442Z Selecting previously unselected package libatk1.0-dev:amd64.
native-tests	Install Tauri dependencies (WebKitGTK)	2026-07-28T16:38:25.5695810Z Preparing to unpack .../095-libatk1.0-dev_2.52.0-1build1_amd64.deb ...
native-tests	Install Tauri dependencies (WebKitGTK)	2026-07-28T16:38:25.5705441Z Unpacking libatk1.0-dev:amd64 (2.52.0-1build1) ...
native-tests	Install Tauri dependencies (WebKitGTK)	2026-07-28T16:38:25.6012917Z Selecting previously unselected package libdbus-1-dev:amd64.
native-tests	Install Tauri dependencies (WebKitGTK)	2026-07-28T16:38:25.6138591Z Preparing to unpack .../096-libdbus-1-dev_1.14.10-4ubuntu4.1_amd64.deb ...
native-tests	Install Tauri dependencies (WebKitGTK)	2026-07-28T16:38:25.6149300Z Unpacking libdbus-1-dev:amd64 (1.14.10-4ubuntu4.1) ...
native-tests	Install Tauri dependencies (WebKitGTK)	2026-07-28T16:38:25.6457030Z Selecting previously unselected package xorg-sgml-doctools.
native-tests	Install Tauri dependencies (WebKitGTK)	2026-07-28T16:38:25.6583664Z Preparing to unpack .../097-xorg-sgml-doctools_1%3a1.11-1.1_all.deb ...
native-tests	Install Tauri dependencies (WebKitGTK)	2026-07-28T16:38:25.6593035Z Unpacking xorg-sgml-doctools (1:1.11-1.1) ...
native-tests	Install Tauri dependencies (WebKitGTK)	2026-07-28T16:38:25.6858454Z Selecting previously unselected package x11proto-dev.
native-tests	Install Tauri dependencies (WebKitGTK)	2026-07-28T16:38:25.6984419Z Preparing to unpack .../098-x11proto-dev_2023.2-1_all.deb ...
native-tests	Install Tauri dependencies (WebKitGTK)	2026-07-28T16:38:25.6993978Z Unpacking x11proto-dev (2023.2-1) ...
native-tests	Install Tauri dependencies (WebKitGTK)	2026-07-28T16:38:25.7534892Z Selecting previously unselected package libxau-dev:amd64.
native-tests	Install Tauri dependencies (WebKitGTK)	2026-07-28T16:38:25.7661870Z Preparing to unpack .../099-libxau-dev_1%3a1.0.9-1build6_amd64.deb ...
native-tests	Install Tauri dependencies (WebKitGTK)	2026-07-28T16:38:25.7670074Z Unpacking libxau-dev:amd64 (1:1.0.9-1build6) ...
native-tests	Install Tauri dependencies (WebKitGTK)	2026-07-28T16:38:25.7884398Z Selecting previously unselected package libxdmcp-dev:amd64.
native-tests	Install Tauri dependencies (WebKitGTK)	2026-07-28T16:38:25.8011646Z Preparing to unpack .../100-libxdmcp-dev_1%3a1.1.3-0ubuntu6_amd64.deb ...
native-tests	Install Tauri dependencies (WebKitGTK)	2026-07-28T16:38:25.8020383Z Unpacking libxdmcp-dev:amd64 (1:1.1.3-0ubuntu6) ...
native-tests	Install Tauri dependencies (WebKitGTK)	2026-07-28T16:38:25.8238111Z Selecting previously unselected package xtrans-dev.
native-tests	Install Tauri dependencies (WebKitGTK)	2026-07-28T16:38:25.8365718Z Preparing to unpack .../101-xtrans-dev_1.4.0-1_all.deb ...
native-tests	Install Tauri dependencies (WebKitGTK)	2026-07-28T16:38:25.8374563Z Unpacking xtrans-dev (1.4.0-1) ...
native-tests	Install Tauri dependencies (WebKitGTK)	2026-07-28T16:38:25.8634558Z Selecting previously unselected package libpthread-stubs0-dev:amd64.
native-tests	Install Tauri dependencies (WebKitGTK)	2026-07-28T16:38:25.8760891Z Preparing to unpack .../102-libpthread-stubs0-dev_0.4-1build3_amd64.deb ...
native-tests	Install Tauri dependencies (WebKitGTK)	2026-07-28T16:38:25.8772632Z Unpacking libpthread-stubs0-dev:amd64 (0.4-1build3) ...
native-tests	Install Tauri dependencies (WebKitGTK)	2026-07-28T16:38:25.8979348Z Selecting previously unselected package libxcb1-dev:amd64.
native-tests	Install Tauri dependencies (WebKitGTK)	2026-07-28T16:38:25.9104478Z Preparing to unpack .../103-libxcb1-dev_1.15-1ubuntu2_amd64.deb ...
native-tests	Install Tauri dependencies (WebKitGTK)	2026-07-28T16:38:25.9114531Z Unpacking libxcb1-dev:amd64 (1.15-1ubuntu2) ...
native-tests	Install Tauri dependencies (WebKitGTK)	2026-07-28T16:38:25.9352686Z Selecting previously unselected package libx11-dev:amd64.
native-tests	Install Tauri dependencies (WebKitGTK)	2026-07-28T16:38:25.9479209Z Preparing to unpack .../104-libx11-dev_2%3a1.8.7-1build1_amd64.deb ...
native-tests	Install Tauri dependencies (WebKitGTK)	2026-07-28T16:38:25.9488820Z Unpacking libx11-dev:amd64 (2:1.8.7-1build1) ...
native-tests	Install Tauri dependencies (WebKitGTK)	2026-07-28T16:38:25.9813257Z Selecting previously unselected package libxext-dev:amd64.
native-tests	Install Tauri dependencies (WebKitGTK)	2026-07-28T16:38:25.9940720Z Preparing to unpack .../105-libxext-dev_2%3a1.3.4-1build2_amd64.deb ...
native-tests	Install Tauri dependencies (WebKitGTK)	2026-07-28T16:38:25.9951761Z Unpacking libxext-dev:amd64 (2:1.3.4-1build2) ...
native-tests	Install Tauri dependencies (WebKitGTK)	2026-07-28T16:38:26.0279014Z Selecting previously unselected package libxfixes-dev:amd64.
native-tests	Install Tauri dependencies (WebKitGTK)	2026-07-28T16:38:26.0406294Z Preparing to unpack .../106-libxfixes-dev_1%3a6.0.0-2build1_amd64.deb ...
native-tests	Install Tauri dependencies (WebKitGTK)	2026-07-28T16:38:26.0418488Z Unpacking libxfixes-dev:amd64 (1:6.0.0-2build1) ...
native-tests	Install Tauri dependencies (WebKitGTK)	2026-07-28T16:38:26.0644164Z Selecting previously unselected package libxi-dev:amd64.
native-tests	Install Tauri dependencies (WebKitGTK)	2026-07-28T16:38:26.0773652Z Preparing to unpack .../107-libxi-dev_2%3a1.8.1-1build1_amd64.deb ...
native-tests	Install Tauri dependencies (WebKitGTK)	2026-07-28T16:38:26.0783445Z Unpacking libxi-dev:amd64 (2:1.8.1-1build1) ...
native-tests	Install Tauri dependencies (WebKitGTK)	2026-07-28T16:38:26.1120985Z Selecting previously unselected package libxtst-dev:amd64.
native-tests	Install Tauri dependencies (WebKitGTK)	2026-07-28T16:38:26.1251024Z Preparing to unpack .../108-libxtst-dev_2%3a1.2.3-1.1build1_amd64.deb ...
native-tests	Install Tauri dependencies (WebKitGTK)	2026-07-28T16:38:26.1259660Z Unpacking libxtst-dev:amd64 (2:1.2.3-1.1build1) ...
native-tests	Install Tauri dependencies (WebKitGTK)	2026-07-28T16:38:26.1491661Z Selecting previously unselected package libatspi2.0-dev:amd64.
native-tests	Install Tauri dependencies (WebKitGTK)	2026-07-28T16:38:26.1620585Z Preparing to unpack .../109-libatspi2.0-dev_2.52.0-1build1_amd64.deb ...
native-tests	Install Tauri dependencies (WebKitGTK)	2026-07-28T16:38:26.1629645Z Unpacking libatspi2.0-dev:amd64 (2.52.0-1build1) ...
native-tests	Install Tauri dependencies (WebKitGTK)	2026-07-28T16:38:26.1916102Z Selecting previously unselected package libatk-bridge2.0-dev:amd64.
native-tests	Install Tauri dependencies (WebKitGTK)	2026-07-28T16:38:26.2044740Z Preparing to unpack .../110-libatk-bridge2.0-dev_2.52.0-1build1_amd64.deb ...
native-tests	Install Tauri dependencies (WebKitGTK)	2026-07-28T16:38:26.2054828Z Unpacking libatk-bridge2.0-dev:amd64 (2.52.0-1build1) ...
native-tests	Install Tauri dependencies (WebKitGTK)	2026-07-28T16:38:26.2284345Z Selecting previously unselected package libcairo-script-interpreter2:amd64.
native-tests	Install Tauri dependencies (WebKitGTK)	2026-07-28T16:38:26.2410299Z Preparing to unpack .../111-libcairo-script-interpreter2_1.18.0-3build1_amd64.deb ...
native-tests	Install Tauri dependencies (WebKitGTK)	2026-07-28T16:38:26.2420193Z Unpacking libcairo-script-interpreter2:amd64 (1.18.0-3build1) ...
native-tests	Install Tauri dependencies (WebKitGTK)	2026-07-28T16:38:26.2634673Z Selecting previously unselected package libbrotli-dev:amd64.
native-tests	Install Tauri dependencies (WebKitGTK)	2026-07-28T16:38:26.2759585Z Preparing to unpack .../112-libbrotli-dev_1.1.0-2build2_amd64.deb ...
native-tests	Install Tauri dependencies (WebKitGTK)	2026-07-28T16:38:26.2768329Z Unpacking libbrotli-dev:amd64 (1.1.0-2build2) ...
native-tests	Install Tauri dependencies (WebKitGTK)	2026-07-28T16:38:26.3037522Z Selecting previously unselected package libbz2-dev:amd64.
native-tests	Install Tauri dependencies (WebKitGTK)	2026-07-28T16:38:26.3166501Z Preparing to unpack .../113-libbz2-dev_1.0.8-5.1build0.1_amd64.deb ...
native-tests	Install Tauri dependencies (WebKitGTK)	2026-07-28T16:38:26.3175785Z Unpacking libbz2-dev:amd64 (1.0.8-5.1build0.1) ...
native-tests	Install Tauri dependencies (WebKitGTK)	2026-07-28T16:38:26.3387603Z Selecting previously unselected package libpng-dev:amd64.
native-tests	Install Tauri dependencies (WebKitGTK)	2026-07-28T16:38:26.3515915Z Preparing to unpack .../114-libpng-dev_1.6.43-5ubuntu0.6_amd64.deb ...
native-tests	Install Tauri dependencies (WebKitGTK)	2026-07-28T16:38:26.3524781Z Unpacking libpng-dev:amd64 (1.6.43-5ubuntu0.6) ...
native-tests	Install Tauri dependencies (WebKitGTK)	2026-07-28T16:38:26.3819211Z Selecting previously unselected package libfreetype-dev:amd64.
native-tests	Install Tauri dependencies (WebKitGTK)	2026-07-28T16:38:26.3948839Z Preparing to unpack .../115-libfreetype-dev_2.13.2+dfsg-1ubuntu0.1_amd64.deb ...
native-tests	Install Tauri dependencies (WebKitGTK)	2026-07-28T16:38:26.3956785Z Unpacking libfreetype-dev:amd64 (2.13.2+dfsg-1ubuntu0.1) ...
native-tests	Install Tauri dependencies (WebKitGTK)	2026-07-28T16:38:26.4308725Z Selecting previously unselected package libfontconfig-dev:amd64.
native-tests	Install Tauri dependencies (WebKitGTK)	2026-07-28T16:38:26.4435956Z Preparing to unpack .../116-libfontconfig-dev_2.15.0-1.1ubuntu2_amd64.deb ...
native-tests	Install Tauri dependencies (WebKitGTK)	2026-07-28T16:38:26.4455623Z Unpacking libfontconfig-dev:amd64 (2.15.0-1.1ubuntu2) ...
native-tests	Install Tauri dependencies (WebKitGTK)	2026-07-28T16:38:26.4696296Z Selecting previously unselected package libpixman-1-dev:amd64.
native-tests	Install Tauri dependencies (WebKitGTK)	2026-07-28T16:38:26.4823229Z Preparing to unpack .../117-libpixman-1-dev_0.42.2-1build1_amd64.deb ...
native-tests	Install Tauri dependencies (WebKitGTK)	2026-07-28T16:38:26.4831951Z Unpacking libpixman-1-dev:amd64 (0.42.2-1build1) ...
native-tests	Install Tauri dependencies (WebKitGTK)	2026-07-28T16:38:26.5085682Z Selecting previously unselected package libice-dev:amd64.
native-tests	Install Tauri dependencies (WebKitGTK)	2026-07-28T16:38:26.5210529Z Preparing to unpack .../118-libice-dev_2%3a1.0.10-1build3_amd64.deb ...
native-tests	Install Tauri dependencies (WebKitGTK)	2026-07-28T16:38:26.5219313Z Unpacking libice-dev:amd64 (2:1.0.10-1build3) ...
native-tests	Install Tauri dependencies (WebKitGTK)	2026-07-28T16:38:26.5437604Z Selecting previously unselected package libsm-dev:amd64.
native-tests	Install Tauri dependencies (WebKitGTK)	2026-07-28T16:38:26.5566763Z Preparing to unpack .../119-libsm-dev_2%3a1.2.3-1build3_amd64.deb ...
native-tests	Install Tauri dependencies (WebKitGTK)	2026-07-28T16:38:26.5578304Z Unpacking libsm-dev:amd64 (2:1.2.3-1build3) ...
native-tests	Install Tauri dependencies (WebKitGTK)	2026-07-28T16:38:26.5812939Z Selecting previously unselected package libxcb-render0-dev:amd64.
native-tests	Install Tauri dependencies (WebKitGTK)	2026-07-28T16:38:26.5940337Z Preparing to unpack .../120-libxcb-render0-dev_1.15-1ubuntu2_amd64.deb ...
native-tests	Install Tauri dependencies (WebKitGTK)	2026-07-28T16:38:26.5949045Z Unpacking libxcb-render0-dev:amd64 (1.15-1ubuntu2) ...
native-tests	Install Tauri dependencies (WebKitGTK)	2026-07-28T16:38:26.6180917Z Selecting previously unselected package libxcb-shm0-dev:amd64.
native-tests	Install Tauri dependencies (WebKitGTK)	2026-07-28T16:38:26.6309138Z Preparing to unpack .../121-libxcb-shm0-dev_1.15-1ubuntu2_amd64.deb ...
native-tests	Install Tauri dependencies (WebKitGTK)	2026-07-28T16:38:26.6319929Z Unpacking libxcb-shm0-dev:amd64 (1.15-1ubuntu2) ...
native-tests	Install Tauri dependencies (WebKitGTK)	2026-07-28T16:38:26.6538902Z Selecting previously unselected package libxrender-dev:amd64.
native-tests	Install Tauri dependencies (WebKitGTK)	2026-07-28T16:38:26.6667247Z Preparing to unpack .../122-libxrender-dev_1%3a0.9.10-1.1build1_amd64.deb ...
native-tests	Install Tauri dependencies (WebKitGTK)	2026-07-28T16:38:26.6678013Z Unpacking libxrender-dev:amd64 (1:0.9.10-1.1build1) ...
native-tests	Install Tauri dependencies (WebKitGTK)	2026-07-28T16:38:26.6902005Z Selecting previously unselected package libcairo2-dev:amd64.
native-tests	Install Tauri dependencies (WebKitGTK)	2026-07-28T16:38:26.7029086Z Preparing to unpack .../123-libcairo2-dev_1.18.0-3build1_amd64.deb ...
native-tests	Install Tauri dependencies (WebKitGTK)	2026-07-28T16:38:26.7038174Z Unpacking libcairo2-dev:amd64 (1.18.0-3build1) ...
native-tests	Install Tauri dependencies (WebKitGTK)	2026-07-28T16:38:26.7305121Z Selecting previously unselected package libglx-dev:amd64.
native-tests	Install Tauri dependencies (WebKitGTK)	2026-07-28T16:38:26.7432555Z Preparing to unpack .../124-libglx-dev_1.7.0-1build1_amd64.deb ...
native-tests	Install Tauri dependencies (WebKitGTK)	2026-07-28T16:38:26.7441317Z Unpacking libglx-dev:amd64 (1.7.0-1build1) ...
native-tests	Install Tauri dependencies (WebKitGTK)	2026-07-28T16:38:26.7655060Z Selecting previously unselected package libgl-dev:amd64.
native-tests	Install Tauri dependencies (WebKitGTK)	2026-07-28T16:38:26.7783822Z Preparing to unpack .../125-libgl-dev_1.7.0-1build1_amd64.deb ...
native-tests	Install Tauri dependencies (WebKitGTK)	2026-07-28T16:38:26.7792985Z Unpacking libgl-dev:amd64 (1.7.0-1build1) ...
native-tests	Install Tauri dependencies (WebKitGTK)	2026-07-28T16:38:26.8051332Z Selecting previously unselected package libegl-dev:amd64.
native-tests	Install Tauri dependencies (WebKitGTK)	2026-07-28T16:38:26.8181657Z Preparing to unpack .../126-libegl-dev_1.7.0-1build1_amd64.deb ...
native-tests	Install Tauri dependencies (WebKitGTK)	2026-07-28T16:38:26.8192450Z Unpacking libegl-dev:amd64 (1.7.0-1build1) ...
native-tests	Install Tauri dependencies (WebKitGTK)	2026-07-28T16:38:26.8412373Z Selecting previously unselected package libglvnd-core-dev:amd64.
native-tests	Install Tauri dependencies (WebKitGTK)	2026-07-28T16:38:26.8540355Z Preparing to unpack .../127-libglvnd-core-dev_1.7.0-1build1_amd64.deb ...
native-tests	Install Tauri dependencies (WebKitGTK)	2026-07-28T16:38:26.8549330Z Unpacking libglvnd-core-dev:amd64 (1.7.0-1build1) ...
native-tests	Install Tauri dependencies (WebKitGTK)	2026-07-28T16:38:26.8781593Z Selecting previously unselected package libgles1:amd64.
native-tests	Install Tauri dependencies (WebKitGTK)	2026-07-28T16:38:26.8907371Z Preparing to unpack .../128-libgles1_1.7.0-1build1_amd64.deb ...
native-tests	Install Tauri dependencies (WebKitGTK)	2026-07-28T16:38:26.8920125Z Unpacking libgles1:amd64 (1.7.0-1build1) ...
native-tests	Install Tauri dependencies (WebKitGTK)	2026-07-28T16:38:26.9135945Z Selecting previously unselected package libgles-dev:amd64.
native-tests	Install Tauri dependencies (WebKitGTK)	2026-07-28T16:38:26.9262895Z Preparing to unpack .../129-libgles-dev_1.7.0-1build1_amd64.deb ...
native-tests	Install Tauri dependencies (WebKitGTK)	2026-07-28T16:38:26.9271263Z Unpacking libgles-dev:amd64 (1.7.0-1build1) ...
native-tests	Install Tauri dependencies (WebKitGTK)	2026-07-28T16:38:26.9545180Z Selecting previously unselected package libopengl0:amd64.
native-tests	Install Tauri dependencies (WebKitGTK)	2026-07-28T16:38:26.9670885Z Preparing to unpack .../130-libopengl0_1.7.0-1build1_amd64.deb ...
native-tests	Install Tauri dependencies (WebKitGTK)	2026-07-28T16:38:26.9680760Z Unpacking libopengl0:amd64 (1.7.0-1build1) ...
native-tests	Install Tauri dependencies (WebKitGTK)	2026-07-28T16:38:26.9902358Z Selecting previously unselected package libopengl-dev:amd64.
native-tests	Install Tauri dependencies (WebKitGTK)	2026-07-28T16:38:27.0028412Z Preparing to unpack .../131-libopengl-dev_1.7.0-1build1_amd64.deb ...
native-tests	Install Tauri dependencies (WebKitGTK)	2026-07-28T16:38:27.0036710Z Unpacking libopengl-dev:amd64 (1.7.0-1build1) ...
native-tests	Install Tauri dependencies (WebKitGTK)	2026-07-28T16:38:27.0238630Z Selecting previously unselected package libglvnd-dev:amd64.
native-tests	Install Tauri dependencies (WebKitGTK)	2026-07-28T16:38:27.0364258Z Preparing to unpack .../132-libglvnd-dev_1.7.0-1build1_amd64.deb ...
native-tests	Install Tauri dependencies (WebKitGTK)	2026-07-28T16:38:27.0373489Z Unpacking libglvnd-dev:amd64 (1.7.0-1build1) ...
native-tests	Install Tauri dependencies (WebKitGTK)	2026-07-28T16:38:27.0581589Z Selecting previously unselected package libegl1-mesa-dev:amd64.
native-tests	Install Tauri dependencies (WebKitGTK)	2026-07-28T16:38:27.0708868Z Preparing to unpack .../133-libegl1-mesa-dev_25.2.8-0ubuntu0.24.04.2_amd64.deb ...
native-tests	Install Tauri dependencies (WebKitGTK)	2026-07-28T16:38:27.0717415Z Unpacking libegl1-mesa-dev:amd64 (25.2.8-0ubuntu0.24.04.2) ...
native-tests	Install Tauri dependencies (WebKitGTK)	2026-07-28T16:38:27.0927677Z Selecting previously unselected package libepoxy-dev:amd64.
native-tests	Install Tauri dependencies (WebKitGTK)	2026-07-28T16:38:27.1054285Z Preparing to unpack .../134-libepoxy-dev_1.5.10-1build1_amd64.deb ...
native-tests	Install Tauri dependencies (WebKitGTK)	2026-07-28T16:38:27.1074350Z Unpacking libepoxy-dev:amd64 (1.5.10-1build1) ...
native-tests	Install Tauri dependencies (WebKitGTK)	2026-07-28T16:38:27.1334853Z Selecting previously unselected package libfribidi-dev:amd64.
native-tests	Install Tauri dependencies (WebKitGTK)	2026-07-28T16:38:27.1460222Z Preparing to unpack .../135-libfribidi-dev_1.0.13-3build1_amd64.deb ...
native-tests	Install Tauri dependencies (WebKitGTK)	2026-07-28T16:38:27.1470007Z Unpacking libfribidi-dev:amd64 (1.0.13-3build1) ...
native-tests	Install Tauri dependencies (WebKitGTK)	2026-07-28T16:38:27.1767424Z Selecting previously unselected package libgdk-pixbuf2.0-bin.
native-tests	Install Tauri dependencies (WebKitGTK)	2026-07-28T16:38:27.1894316Z Preparing to unpack .../136-libgdk-pixbuf2.0-bin_2.42.10+dfsg-3ubuntu3.3_amd64.deb ...
native-tests	Install Tauri dependencies (WebKitGTK)	2026-07-28T16:38:27.1903582Z Unpacking libgdk-pixbuf2.0-bin (2.42.10+dfsg-3ubuntu3.3) ...
native-tests	Install Tauri dependencies (WebKitGTK)	2026-07-28T16:38:27.2126560Z Selecting previously unselected package libjpeg-turbo8-dev:amd64.
native-tests	Install Tauri dependencies (WebKitGTK)	2026-07-28T16:38:27.2253219Z Preparing to unpack .../137-libjpeg-turbo8-dev_2.1.5-2ubuntu2_amd64.deb ...
native-tests	Install Tauri dependencies (WebKitGTK)	2026-07-28T16:38:27.2262199Z Unpacking libjpeg-turbo8-dev:amd64 (2.1.5-2ubuntu2) ...
native-tests	Install Tauri dependencies (WebKitGTK)	2026-07-28T16:38:27.2530073Z Selecting previously unselected package libjpeg8-dev:amd64.
native-tests	Install Tauri dependencies (WebKitGTK)	2026-07-28T16:38:27.2655485Z Preparing to unpack .../138-libjpeg8-dev_8c-2ubuntu11_amd64.deb ...
native-tests	Install Tauri dependencies (WebKitGTK)	2026-07-28T16:38:27.2664184Z Unpacking libjpeg8-dev:amd64 (8c-2ubuntu11) ...
native-tests	Install Tauri dependencies (WebKitGTK)	2026-07-28T16:38:27.2862803Z Selecting previously unselected package libjpeg-dev:amd64.
native-tests	Install Tauri dependencies (WebKitGTK)	2026-07-28T16:38:27.2987779Z Preparing to unpack .../139-libjpeg-dev_8c-2ubuntu11_amd64.deb ...
native-tests	Install Tauri dependencies (WebKitGTK)	2026-07-28T16:38:27.2996718Z Unpacking libjpeg-dev:amd64 (8c-2ubuntu11) ...
native-tests	Install Tauri dependencies (WebKitGTK)	2026-07-28T16:38:27.3191682Z Selecting previously unselected package libjbig-dev:amd64.
native-tests	Install Tauri dependencies (WebKitGTK)	2026-07-28T16:38:27.3318832Z Preparing to unpack .../140-libjbig-dev_2.1-6.1ubuntu2_amd64.deb ...
native-tests	Install Tauri dependencies (WebKitGTK)	2026-07-28T16:38:27.3328085Z Unpacking libjbig-dev:amd64 (2.1-6.1ubuntu2) ...
native-tests	Install Tauri dependencies (WebKitGTK)	2026-07-28T16:38:27.3534343Z Selecting previously unselected package liblzma-dev:amd64.
native-tests	Install Tauri dependencies (WebKitGTK)	2026-07-28T16:38:27.3659649Z Preparing to unpack .../141-liblzma-dev_5.6.1+really5.4.5-1ubuntu0.3_amd64.deb ...
native-tests	Install Tauri dependencies (WebKitGTK)	2026-07-28T16:38:27.3668130Z Unpacking liblzma-dev:amd64 (5.6.1+really5.4.5-1ubuntu0.3) ...
native-tests	Install Tauri dependencies (WebKitGTK)	2026-07-28T16:38:27.3954804Z Selecting previously unselected package libwebpdecoder3:amd64.
native-tests	Install Tauri dependencies (WebKitGTK)	2026-07-28T16:38:27.4082612Z Preparing to unpack .../142-libwebpdecoder3_1.3.2-0.4build3_amd64.deb ...
native-tests	Install Tauri dependencies (WebKitGTK)	2026-07-28T16:38:27.4096316Z Unpacking libwebpdecoder3:amd64 (1.3.2-0.4build3) ...
native-tests	Install Tauri dependencies (WebKitGTK)	2026-07-28T16:38:27.4313291Z Selecting previously unselected package libsharpyuv-dev:amd64.
native-tests	Install Tauri dependencies (WebKitGTK)	2026-07-28T16:38:27.4439985Z Preparing to unpack .../143-libsharpyuv-dev_1.3.2-0.4build3_amd64.deb ...
native-tests	Install Tauri dependencies (WebKitGTK)	2026-07-28T16:38:27.4449875Z Unpacking libsharpyuv-dev:amd64 (1.3.2-0.4build3) ...
native-tests	Install Tauri dependencies (WebKitGTK)	2026-07-28T16:38:27.4657972Z Selecting previously unselected package libwebp-dev:amd64.
native-tests	Install Tauri dependencies (WebKitGTK)	2026-07-28T16:38:27.4782292Z Preparing to unpack .../144-libwebp-dev_1.3.2-0.4build3_amd64.deb ...
native-tests	Install Tauri dependencies (WebKitGTK)	2026-07-28T16:38:27.4790449Z Unpacking libwebp-dev:amd64 (1.3.2-0.4build3) ...
native-tests	Install Tauri dependencies (WebKitGTK)	2026-07-28T16:38:27.5114761Z Selecting previously unselected package libtiffxx6:amd64.
native-tests	Install Tauri dependencies (WebKitGTK)	2026-07-28T16:38:27.5241866Z Preparing to unpack .../145-libtiffxx6_4.5.1+git230720-4ubuntu2.5_amd64.deb ...
native-tests	Install Tauri dependencies (WebKitGTK)	2026-07-28T16:38:27.5251174Z Unpacking libtiffxx6:amd64 (4.5.1+git230720-4ubuntu2.5) ...
native-tests	Install Tauri dependencies (WebKitGTK)	2026-07-28T16:38:27.5455282Z Selecting previously unselected package libdeflate-dev:amd64.
native-tests	Install Tauri dependencies (WebKitGTK)	2026-07-28T16:38:27.5582839Z Preparing to unpack .../146-libdeflate-dev_1.19-1build1.1_amd64.deb ...
native-tests	Install Tauri dependencies (WebKitGTK)	2026-07-28T16:38:27.5594221Z Unpacking libdeflate-dev:amd64 (1.19-1build1.1) ...
native-tests	Install Tauri dependencies (WebKitGTK)	2026-07-28T16:38:27.5811981Z Selecting previously unselected package liblerc-dev:amd64.
native-tests	Install Tauri dependencies (WebKitGTK)	2026-07-28T16:38:27.5939419Z Preparing to unpack .../147-liblerc-dev_4.0.0+ds-4ubuntu2_amd64.deb ...
native-tests	Install Tauri dependencies (WebKitGTK)	2026-07-28T16:38:27.5949247Z Unpacking liblerc-dev:amd64 (4.0.0+ds-4ubuntu2) ...
native-tests	Install Tauri dependencies (WebKitGTK)	2026-07-28T16:38:27.6196110Z Selecting previously unselected package libtiff-dev:amd64.
native-tests	Install Tauri dependencies (WebKitGTK)	2026-07-28T16:38:27.6322560Z Preparing to unpack .../148-libtiff-dev_4.5.1+git230720-4ubuntu2.5_amd64.deb ...
native-tests	Install Tauri dependencies (WebKitGTK)	2026-07-28T16:38:27.6330387Z Unpacking libtiff-dev:amd64 (4.5.1+git230720-4ubuntu2.5) ...
native-tests	Install Tauri dependencies (WebKitGTK)	2026-07-28T16:38:27.6679069Z Selecting previously unselected package libgdk-pixbuf-2.0-dev:amd64.
native-tests	Install Tauri dependencies (WebKitGTK)	2026-07-28T16:38:27.6805828Z Preparing to unpack .../149-libgdk-pixbuf-2.0-dev_2.42.10+dfsg-3ubuntu3.3_amd64.deb ...
native-tests	Install Tauri dependencies (WebKitGTK)	2026-07-28T16:38:27.6814265Z Unpacking libgdk-pixbuf-2.0-dev:amd64 (2.42.10+dfsg-3ubuntu3.3) ...
native-tests	Install Tauri dependencies (WebKitGTK)	2026-07-28T16:38:27.7066529Z Selecting previously unselected package libharfbuzz-subset0:amd64.
native-tests	Install Tauri dependencies (WebKitGTK)	2026-07-28T16:38:27.7191070Z Preparing to unpack .../150-libharfbuzz-subset0_8.3.0-2build2_amd64.deb ...
native-tests	Install Tauri dependencies (WebKitGTK)	2026-07-28T16:38:27.7204866Z Unpacking libharfbuzz-subset0:amd64 (8.3.0-2build2) ...
native-tests	Install Tauri dependencies (WebKitGTK)	2026-07-28T16:38:27.7477019Z Selecting previously unselected package libharfbuzz-cairo0:amd64.
native-tests	Install Tauri dependencies (WebKitGTK)	2026-07-28T16:38:27.7605601Z Preparing to unpack .../151-libharfbuzz-cairo0_8.3.0-2build2_amd64.deb ...
native-tests	Install Tauri dependencies (WebKitGTK)	2026-07-28T16:38:27.7615568Z Unpacking libharfbuzz-cairo0:amd64 (8.3.0-2build2) ...
native-tests	Install Tauri dependencies (WebKitGTK)	2026-07-28T16:38:27.7859275Z Selecting previously unselected package libgraphite2-dev:amd64.
native-tests	Install Tauri dependencies (WebKitGTK)	2026-07-28T16:38:27.7990042Z Preparing to unpack .../152-libgraphite2-dev_1.3.14-2ubuntu0.24.04.1_amd64.deb ...
native-tests	Install Tauri dependencies (WebKitGTK)	2026-07-28T16:38:27.7998939Z Unpacking libgraphite2-dev:amd64 (1.3.14-2ubuntu0.24.04.1) ...
native-tests	Install Tauri dependencies (WebKitGTK)	2026-07-28T16:38:27.8226144Z Selecting previously unselected package libharfbuzz-dev:amd64.
native-tests	Install Tauri dependencies (WebKitGTK)	2026-07-28T16:38:27.8354314Z Preparing to unpack .../153-libharfbuzz-dev_8.3.0-2build2_amd64.deb ...
native-tests	Install Tauri dependencies (WebKitGTK)	2026-07-28T16:38:27.8364168Z Unpacking libharfbuzz-dev:amd64 (8.3.0-2build2) ...
native-tests	Install Tauri dependencies (WebKitGTK)	2026-07-28T16:38:27.8712878Z Selecting previously unselected package libdatrie-dev:amd64.
native-tests	Install Tauri dependencies (WebKitGTK)	2026-07-28T16:38:27.8842676Z Preparing to unpack .../154-libdatrie-dev_0.2.13-3build1_amd64.deb ...
native-tests	Install Tauri dependencies (WebKitGTK)	2026-07-28T16:38:27.8852846Z Unpacking libdatrie-dev:amd64 (0.2.13-3build1) ...
native-tests	Install Tauri dependencies (WebKitGTK)	2026-07-28T16:38:27.9076957Z Selecting previously unselected package libthai-dev:amd64.
native-tests	Install Tauri dependencies (WebKitGTK)	2026-07-28T16:38:27.9207001Z Preparing to unpack .../155-libthai-dev_0.1.29-2build1_amd64.deb ...
native-tests	Install Tauri dependencies (WebKitGTK)	2026-07-28T16:38:27.9216287Z Unpacking libthai-dev:amd64 (0.1.29-2build1) ...
native-tests	Install Tauri dependencies (WebKitGTK)	2026-07-28T16:38:27.9459077Z Selecting previously unselected package libxft-dev:amd64.
native-tests	Install Tauri dependencies (WebKitGTK)	2026-07-28T16:38:27.9592812Z Preparing to unpack .../156-libxft-dev_2.3.6-1build1_amd64.deb ...
native-tests	Install Tauri dependencies (WebKitGTK)	2026-07-28T16:38:27.9603806Z Unpacking libxft-dev:amd64 (2.3.6-1build1) ...
native-tests	Install Tauri dependencies (WebKitGTK)	2026-07-28T16:38:27.9947192Z Selecting previously unselected package pango1.0-tools.
native-tests	Install Tauri dependencies (WebKitGTK)	2026-07-28T16:38:28.0075221Z Preparing to unpack .../157-pango1.0-tools_1.52.1+ds-1build1_amd64.deb ...
native-tests	Install Tauri dependencies (WebKitGTK)	2026-07-28T16:38:28.0084208Z Unpacking pango1.0-tools (1.52.1+ds-1build1) ...
native-tests	Install Tauri dependencies (WebKitGTK)	2026-07-28T16:38:28.0309172Z Selecting previously unselected package libpango1.0-dev:amd64.
native-tests	Install Tauri dependencies (WebKitGTK)	2026-07-28T16:38:28.0436000Z Preparing to unpack .../158-libpango1.0-dev_1.52.1+ds-1build1_amd64.deb ...
native-tests	Install Tauri dependencies (WebKitGTK)	2026-07-28T16:38:28.0445222Z Unpacking libpango1.0-dev:amd64 (1.52.1+ds-1build1) ...
native-tests	Install Tauri dependencies (WebKitGTK)	2026-07-28T16:38:28.0777198Z Selecting previously unselected package libwayland-bin.
native-tests	Install Tauri dependencies (WebKitGTK)	2026-07-28T16:38:28.0903313Z Preparing to unpack .../159-libwayland-bin_1.22.0-2.1build1_amd64.deb ...
native-tests	Install Tauri dependencies (WebKitGTK)	2026-07-28T16:38:28.0913734Z Unpacking libwayland-bin (1.22.0-2.1build1) ...
native-tests	Install Tauri dependencies (WebKitGTK)	2026-07-28T16:38:28.1144124Z Selecting previously unselected package libwayland-dev:amd64.
native-tests	Install Tauri dependencies (WebKitGTK)	2026-07-28T16:38:28.1269209Z Preparing to unpack .../160-libwayland-dev_1.22.0-2.1build1_amd64.deb ...
native-tests	Install Tauri dependencies (WebKitGTK)	2026-07-28T16:38:28.1282860Z Unpacking libwayland-dev:amd64 (1.22.0-2.1build1) ...
native-tests	Install Tauri dependencies (WebKitGTK)	2026-07-28T16:38:28.1531748Z Selecting previously unselected package libxcomposite-dev:amd64.
native-tests	Install Tauri dependencies (WebKitGTK)	2026-07-28T16:38:28.1656134Z Preparing to unpack .../161-libxcomposite-dev_1%3a0.4.5-1build3_amd64.deb ...
native-tests	Install Tauri dependencies (WebKitGTK)	2026-07-28T16:38:28.1664421Z Unpacking libxcomposite-dev:amd64 (1:0.4.5-1build3) ...
native-tests	Install Tauri dependencies (WebKitGTK)	2026-07-28T16:38:28.1884891Z Selecting previously unselected package libxcursor-dev:amd64.
native-tests	Install Tauri dependencies (WebKitGTK)	2026-07-28T16:38:28.2009056Z Preparing to unpack .../162-libxcursor-dev_1%3a1.2.1-1build1_amd64.deb ...
native-tests	Install Tauri dependencies (WebKitGTK)	2026-07-28T16:38:28.2018532Z Unpacking libxcursor-dev:amd64 (1:1.2.1-1build1) ...
native-tests	Install Tauri dependencies (WebKitGTK)	2026-07-28T16:38:28.2432705Z Selecting previously unselected package libxdamage-dev:amd64.
native-tests	Install Tauri dependencies (WebKitGTK)	2026-07-28T16:38:28.2561955Z Preparing to unpack .../163-libxdamage-dev_1%3a1.1.6-1build1_amd64.deb ...
native-tests	Install Tauri dependencies (WebKitGTK)	2026-07-28T16:38:28.2570977Z Unpacking libxdamage-dev:amd64 (1:1.1.6-1build1) ...
native-tests	Install Tauri dependencies (WebKitGTK)	2026-07-28T16:38:28.2787756Z Selecting previously unselected package libxinerama-dev:amd64.
native-tests	Install Tauri dependencies (WebKitGTK)	2026-07-28T16:38:28.2914090Z Preparing to unpack .../164-libxinerama-dev_2%3a1.1.4-3build1_amd64.deb ...
native-tests	Install Tauri dependencies (WebKitGTK)	2026-07-28T16:38:28.2923169Z Unpacking libxinerama-dev:amd64 (2:1.1.4-3build1) ...
native-tests	Install Tauri dependencies (WebKitGTK)	2026-07-28T16:38:28.3138577Z Selecting previously unselected package libxkbcommon-dev:amd64.
native-tests	Install Tauri dependencies (WebKitGTK)	2026-07-28T16:38:28.3264856Z Preparing to unpack .../165-libxkbcommon-dev_1.6.0-1build1_amd64.deb ...
native-tests	Install Tauri dependencies (WebKitGTK)	2026-07-28T16:38:28.3274335Z Unpacking libxkbcommon-dev:amd64 (1.6.0-1build1) ...
native-tests	Install Tauri dependencies (WebKitGTK)	2026-07-28T16:38:28.3497451Z Selecting previously unselected package libxrandr-dev:amd64.
native-tests	Install Tauri dependencies (WebKitGTK)	2026-07-28T16:38:28.3623214Z Preparing to unpack .../166-libxrandr-dev_2%3a1.5.2-2build1_amd64.deb ...
native-tests	Install Tauri dependencies (WebKitGTK)	2026-07-28T16:38:28.3633593Z Unpacking libxrandr-dev:amd64 (2:1.5.2-2build1) ...
native-tests	Install Tauri dependencies (WebKitGTK)	2026-07-28T16:38:28.3861594Z Selecting previously unselected package wayland-protocols.
native-tests	Install Tauri dependencies (WebKitGTK)	2026-07-28T16:38:28.3987792Z Preparing to unpack .../167-wayland-protocols_1.45-1~ubuntu0.24.04.2_all.deb ...
native-tests	Install Tauri dependencies (WebKitGTK)	2026-07-28T16:38:28.4011562Z Unpacking wayland-protocols (1.45-1~ubuntu0.24.04.2) ...
native-tests	Install Tauri dependencies (WebKitGTK)	2026-07-28T16:38:28.4405621Z Selecting previously unselected package libgtk-3-dev:amd64.
native-tests	Install Tauri dependencies (WebKitGTK)	2026-07-28T16:38:28.4532900Z Preparing to unpack .../168-libgtk-3-dev_3.24.41-4ubuntu1.3_amd64.deb ...
native-tests	Install Tauri dependencies (WebKitGTK)	2026-07-28T16:38:28.4548307Z Unpacking libgtk-3-dev:amd64 (3.24.41-4ubuntu1.3) ...
native-tests	Install Tauri dependencies (WebKitGTK)	2026-07-28T16:38:28.5715883Z Selecting previously unselected package libayatana-ido3-dev.
native-tests	Install Tauri dependencies (WebKitGTK)	2026-07-28T16:38:28.5843899Z Preparing to unpack .../169-libayatana-ido3-dev_0.10.1-1build2_amd64.deb ...
native-tests	Install Tauri dependencies (WebKitGTK)	2026-07-28T16:38:28.5852280Z Unpacking libayatana-ido3-dev (0.10.1-1build2) ...
native-tests	Install Tauri dependencies (WebKitGTK)	2026-07-28T16:38:28.6077879Z Selecting previously unselected package libayatana-indicator3-dev.
native-tests	Install Tauri dependencies (WebKitGTK)	2026-07-28T16:38:28.6204041Z Preparing to unpack .../170-libayatana-indicator3-dev_0.9.4-1build1_amd64.deb ...
native-tests	Install Tauri dependencies (WebKitGTK)	2026-07-28T16:38:28.6212994Z Unpacking libayatana-indicator3-dev (0.9.4-1build1) ...
native-tests	Install Tauri dependencies (WebKitGTK)	2026-07-28T16:38:28.6424178Z Selecting previously unselected package libdbusmenu-glib-dev:amd64.
native-tests	Install Tauri dependencies (WebKitGTK)	2026-07-28T16:38:28.6551224Z Preparing to unpack .../171-libdbusmenu-glib-dev_18.10.20180917~bzr492+repack1-3.1ubuntu5_amd64.deb ...
native-tests	Install Tauri dependencies (WebKitGTK)	2026-07-28T16:38:28.6566096Z Unpacking libdbusmenu-glib-dev:amd64 (18.10.20180917~bzr492+repack1-3.1ubuntu5) ...
native-tests	Install Tauri dependencies (WebKitGTK)	2026-07-28T16:38:28.6810791Z Selecting previously unselected package libayatana-appindicator3-dev.
native-tests	Install Tauri dependencies (WebKitGTK)	2026-07-28T16:38:28.6939741Z Preparing to unpack .../172-libayatana-appindicator3-dev_0.5.93-1build3_amd64.deb ...
native-tests	Install Tauri dependencies (WebKitGTK)	2026-07-28T16:38:28.6948815Z Unpacking libayatana-appindicator3-dev (0.5.93-1build3) ...
native-tests	Install Tauri dependencies (WebKitGTK)	2026-07-28T16:38:28.7182542Z Selecting previously unselected package libgirepository-1.0-dev:amd64.
native-tests	Install Tauri dependencies (WebKitGTK)	2026-07-28T16:38:28.7309253Z Preparing to unpack .../173-libgirepository-1.0-dev_1.80.1-1_amd64.deb ...
native-tests	Install Tauri dependencies (WebKitGTK)	2026-07-28T16:38:28.7316997Z Unpacking libgirepository-1.0-dev:amd64 (1.80.1-1) ...
native-tests	Install Tauri dependencies (WebKitGTK)	2026-07-28T16:38:28.7557002Z Selecting previously unselected package libgirepository1.0-dev.
native-tests	Install Tauri dependencies (WebKitGTK)	2026-07-28T16:38:28.7684922Z Preparing to unpack .../174-libgirepository1.0-dev_1.80.1-1_amd64.deb ...
native-tests	Install Tauri dependencies (WebKitGTK)	2026-07-28T16:38:28.7693750Z Unpacking libgirepository1.0-dev (1.80.1-1) ...
native-tests	Install Tauri dependencies (WebKitGTK)	2026-07-28T16:38:28.7890442Z Selecting previously unselected package libjavascriptcoregtk-4.1-dev:amd64.
native-tests	Install Tauri dependencies (WebKitGTK)	2026-07-28T16:38:28.8015913Z Preparing to unpack .../175-libjavascriptcoregtk-4.1-dev_2.52.3-0ubuntu0.24.04.1_amd64.deb ...
native-tests	Install Tauri dependencies (WebKitGTK)	2026-07-28T16:38:28.8027068Z Unpacking libjavascriptcoregtk-4.1-dev:amd64 (2.52.3-0ubuntu0.24.04.1) ...
native-tests	Install Tauri dependencies (WebKitGTK)	2026-07-28T16:38:28.8280454Z Selecting previously unselected package libnghttp2-dev:amd64.
native-tests	Install Tauri dependencies (WebKitGTK)	2026-07-28T16:38:28.8405929Z Preparing to unpack .../176-libnghttp2-dev_1.59.0-1ubuntu0.4_amd64.deb ...
native-tests	Install Tauri dependencies (WebKitGTK)	2026-07-28T16:38:28.8414196Z Unpacking libnghttp2-dev:amd64 (1.59.0-1ubuntu0.4) ...
native-tests	Install Tauri dependencies (WebKitGTK)	2026-07-28T16:38:28.8652701Z Selecting previously unselected package libwebrtc-audio-processing1:amd64.
native-tests	Install Tauri dependencies (WebKitGTK)	2026-07-28T16:38:28.8783713Z Preparing to unpack .../177-libwebrtc-audio-processing1_0.3.1-0ubuntu6_amd64.deb ...
native-tests	Install Tauri dependencies (WebKitGTK)	2026-07-28T16:38:28.8794086Z Unpacking libwebrtc-audio-processing1:amd64 (0.3.1-0ubuntu6) ...
native-tests	Install Tauri dependencies (WebKitGTK)	2026-07-28T16:38:28.9045284Z Selecting previously unselected package libspa-0.2-modules:amd64.
native-tests	Install Tauri dependencies (WebKitGTK)	2026-07-28T16:38:28.9176272Z Preparing to unpack .../178-libspa-0.2-modules_1.0.5-1ubuntu3.3_amd64.deb ...
native-tests	Install Tauri dependencies (WebKitGTK)	2026-07-28T16:38:28.9187164Z Unpacking libspa-0.2-modules:amd64 (1.0.5-1ubuntu3.3) ...
native-tests	Install Tauri dependencies (WebKitGTK)	2026-07-28T16:38:28.9533353Z Selecting previously unselected package libpipewire-0.3-0t64:amd64.
native-tests	Install Tauri dependencies (WebKitGTK)	2026-07-28T16:38:28.9660477Z Preparing to unpack .../179-libpipewire-0.3-0t64_1.0.5-1ubuntu3.3_amd64.deb ...
native-tests	Install Tauri dependencies (WebKitGTK)	2026-07-28T16:38:28.9670169Z Unpacking libpipewire-0.3-0t64:amd64 (1.0.5-1ubuntu3.3) ...
native-tests	Install Tauri dependencies (WebKitGTK)	2026-07-28T16:38:28.9917220Z Selecting previously unselected package libpipewire-0.3-common.
native-tests	Install Tauri dependencies (WebKitGTK)	2026-07-28T16:38:29.0043996Z Preparing to unpack .../180-libpipewire-0.3-common_1.0.5-1ubuntu3.3_all.deb ...
native-tests	Install Tauri dependencies (WebKitGTK)	2026-07-28T16:38:29.0051745Z Unpacking libpipewire-0.3-common (1.0.5-1ubuntu3.3) ...
native-tests	Install Tauri dependencies (WebKitGTK)	2026-07-28T16:38:29.0251890Z Selecting previously unselected package libpng-tools.
native-tests	Install Tauri dependencies (WebKitGTK)	2026-07-28T16:38:29.0377566Z Preparing to unpack .../181-libpng-tools_1.6.43-5ubuntu0.6_amd64.deb ...
native-tests	Install Tauri dependencies (WebKitGTK)	2026-07-28T16:38:29.0385092Z Unpacking libpng-tools (1.6.43-5ubuntu0.6) ...
native-tests	Install Tauri dependencies (WebKitGTK)	2026-07-28T16:38:29.0585446Z Selecting previously unselected package libpsl-dev:amd64.
native-tests	Install Tauri dependencies (WebKitGTK)	2026-07-28T16:38:29.0712004Z Preparing to unpack .../182-libpsl-dev_0.21.2-1.1build1_amd64.deb ...
native-tests	Install Tauri dependencies (WebKitGTK)	2026-07-28T16:38:29.0720474Z Unpacking libpsl-dev:amd64 (0.21.2-1.1build1) ...
native-tests	Install Tauri dependencies (WebKitGTK)	2026-07-28T16:38:29.0981387Z Selecting previously unselected package librsvg2-common:amd64.
native-tests	Install Tauri dependencies (WebKitGTK)	2026-07-28T16:38:29.1105832Z Preparing to unpack .../183-librsvg2-common_2.58.0+dfsg-1build1_amd64.deb ...
native-tests	Install Tauri dependencies (WebKitGTK)	2026-07-28T16:38:29.1114506Z Unpacking librsvg2-common:amd64 (2.58.0+dfsg-1build1) ...
native-tests	Install Tauri dependencies (WebKitGTK)	2026-07-28T16:38:29.1376736Z Selecting previously unselected package librsvg2-dev:amd64.
native-tests	Install Tauri dependencies (WebKitGTK)	2026-07-28T16:38:29.1501082Z Preparing to unpack .../184-librsvg2-dev_2.58.0+dfsg-1build1_amd64.deb ...
native-tests	Install Tauri dependencies (WebKitGTK)	2026-07-28T16:38:29.1508478Z Unpacking librsvg2-dev:amd64 (2.58.0+dfsg-1build1) ...
native-tests	Install Tauri dependencies (WebKitGTK)	2026-07-28T16:38:29.1733242Z Selecting previously unselected package libsysprof-capture-4-dev:amd64.
native-tests	Install Tauri dependencies (WebKitGTK)	2026-07-28T16:38:29.1857876Z Preparing to unpack .../185-libsysprof-capture-4-dev_46.0-1build1_amd64.deb ...
native-tests	Install Tauri dependencies (WebKitGTK)	2026-07-28T16:38:29.1866985Z Unpacking libsysprof-capture-4-dev:amd64 (46.0-1build1) ...
native-tests	Install Tauri dependencies (WebKitGTK)	2026-07-28T16:38:29.2091840Z Selecting previously unselected package libsoup-3.0-dev:amd64.
native-tests	Install Tauri dependencies (WebKitGTK)	2026-07-28T16:38:29.2217195Z Preparing to unpack .../186-libsoup-3.0-dev_3.4.4-5ubuntu0.7_amd64.deb ...
native-tests	Install Tauri dependencies (WebKitGTK)	2026-07-28T16:38:29.2227832Z Unpacking libsoup-3.0-dev:amd64 (3.4.4-5ubuntu0.7) ...
native-tests	Install Tauri dependencies (WebKitGTK)	2026-07-28T16:38:29.2526110Z Selecting previously unselected package libwebkit2gtk-4.1-dev.
native-tests	Install Tauri dependencies (WebKitGTK)	2026-07-28T16:38:29.2652700Z Preparing to unpack .../187-libwebkit2gtk-4.1-dev_2.52.3-0ubuntu0.24.04.1_amd64.deb ...
native-tests	Install Tauri dependencies (WebKitGTK)	2026-07-28T16:38:29.2659917Z Unpacking libwebkit2gtk-4.1-dev (2.52.3-0ubuntu0.24.04.1) ...
native-tests	Install Tauri dependencies (WebKitGTK)	2026-07-28T16:38:29.3346597Z Selecting previously unselected package xdg-desktop-portal.
native-tests	Install Tauri dependencies (WebKitGTK)	2026-07-28T16:38:29.3472990Z Preparing to unpack .../188-xdg-desktop-portal_1.18.4-1ubuntu2.24.04.2_amd64.deb ...
native-tests	Install Tauri dependencies (WebKitGTK)	2026-07-28T16:38:29.3481296Z Unpacking xdg-desktop-portal (1.18.4-1ubuntu2.24.04.2) ...
native-tests	Install Tauri dependencies (WebKitGTK)	2026-07-28T16:38:29.3757305Z Selecting previously unselected package xdg-desktop-portal-gtk.
native-tests	Install Tauri dependencies (WebKitGTK)	2026-07-28T16:38:29.3883672Z Preparing to unpack .../189-xdg-desktop-portal-gtk_1.15.1-1build2_amd64.deb ...
native-tests	Install Tauri dependencies (WebKitGTK)	2026-07-28T16:38:29.3892255Z Unpacking xdg-desktop-portal-gtk (1.15.1-1build2) ...
native-tests	Install Tauri dependencies (WebKitGTK)	2026-07-28T16:38:29.4360326Z Setting up libpipewire-0.3-common (1.0.5-1ubuntu3.3) ...
native-tests	Install Tauri dependencies (WebKitGTK)	2026-07-28T16:38:29.4389585Z Setting up bubblewrap (0.9.0-1ubuntu0.1) ...
native-tests	Install Tauri dependencies (WebKitGTK)	2026-07-28T16:38:29.4440983Z Setting up libcairo-script-interpreter2:amd64 (1.18.0-3build1) ...
native-tests	Install Tauri dependencies (WebKitGTK)	2026-07-28T16:38:29.4462575Z Setting up libglib2.0-dev-bin (2.80.0-6ubuntu3.8) ...
native-tests	Install Tauri dependencies (WebKitGTK)	2026-07-28T16:38:29.5874218Z Setting up libcdparanoia0:amd64 (3.10.2+debian-14build3) ...
native-tests	Install Tauri dependencies (WebKitGTK)	2026-07-28T16:38:29.5896956Z Setting up bzip2-doc (1.0.8-5.1build0.1) ...
native-tests	Install Tauri dependencies (WebKitGTK)	2026-07-28T16:38:29.5921501Z Setting up libwayland-server0:amd64 (1.22.0-2.1build1) ...
native-tests	Install Tauri dependencies (WebKitGTK)	2026-07-28T16:38:29.5944293Z Setting up libnghttp2-dev:amd64 (1.59.0-1ubuntu0.4) ...
native-tests	Install Tauri dependencies (WebKitGTK)	2026-07-28T16:38:29.5966061Z Setting up session-migration (0.3.9build1) ...
native-tests	Install Tauri dependencies (WebKitGTK)	2026-07-28T16:38:29.7113480Z Created symlink /etc/systemd/user/graphical-session-pre.target.wants/session-migration.service → /usr/lib/systemd/user/session-migration.service.
native-tests	Install Tauri dependencies (WebKitGTK)	2026-07-28T16:38:29.7114152Z 
native-tests	Install Tauri dependencies (WebKitGTK)	2026-07-28T16:38:29.7146681Z Setting up libjpeg-turbo8-dev:amd64 (2.1.5-2ubuntu2) ...
native-tests	Install Tauri dependencies (WebKitGTK)	2026-07-28T16:38:29.7173021Z Setting up libraw1394-11:amd64 (2.1.2-2build3) ...
native-tests	Install Tauri dependencies (WebKitGTK)	2026-07-28T16:38:29.7195462Z Setting up libproxy1v5:amd64 (0.5.4-4build1) ...
native-tests	Install Tauri dependencies (WebKitGTK)	2026-07-28T16:38:29.7221050Z Setting up gir1.2-freedesktop:amd64 (1.80.1-1) ...
native-tests	Install Tauri dependencies (WebKitGTK)	2026-07-28T16:38:29.7245920Z Setting up libtag1v5-vanilla:amd64 (1.13.1-1build1) ...
native-tests	Install Tauri dependencies (WebKitGTK)	2026-07-28T16:38:29.7272572Z Setting up libharfbuzz-icu0:amd64 (8.3.0-2build2) ...
native-tests	Install Tauri dependencies (WebKitGTK)	2026-07-28T16:38:29.7296763Z Setting up libpixman-1-dev:amd64 (0.42.2-1build1) ...
native-tests	Install Tauri dependencies (WebKitGTK)	2026-07-28T16:38:29.7318993Z Setting up libspeex1:amd64 (1.2.1-2ubuntu2.24.04.1) ...
native-tests	Install Tauri dependencies (WebKitGTK)	2026-07-28T16:38:29.7343336Z Setting up libcaca0:amd64 (0.99.beta20-4ubuntu0.2) ...
native-tests	Install Tauri dependencies (WebKitGTK)	2026-07-28T16:38:29.7368708Z Setting up libv4lconvert0t64:amd64 (1.26.1-4build3) ...
native-tests	Install Tauri dependencies (WebKitGTK)	2026-07-28T16:38:29.7391556Z Setting up libpangoxft-1.0-0:amd64 (1.52.1+ds-1build1) ...
native-tests	Install Tauri dependencies (WebKitGTK)	2026-07-28T16:38:29.7418843Z Setting up gir1.2-dbusmenu-glib-0.4:amd64 (18.10.20180917~bzr492+repack1-3.1ubuntu5) ...
native-tests	Install Tauri dependencies (WebKitGTK)	2026-07-28T16:38:29.7438904Z Setting up libglvnd-core-dev:amd64 (1.7.0-1build1) ...
native-tests	Install Tauri dependencies (WebKitGTK)	2026-07-28T16:38:29.7463378Z Setting up wget (1.21.4-1ubuntu4.4) ...
native-tests	Install Tauri dependencies (WebKitGTK)	2026-07-28T16:38:29.7502192Z Setting up libtwolame0:amd64 (0.4.0-2build3) ...
native-tests	Install Tauri dependencies (WebKitGTK)	2026-07-28T16:38:29.7528190Z Setting up gir1.2-gdkpixbuf-2.0:amd64 (2.42.10+dfsg-3ubuntu3.3) ...
native-tests	Install Tauri dependencies (WebKitGTK)	2026-07-28T16:38:29.7549861Z Setting up libhyphen0:amd64 (2.8.8-7build3) ...
native-tests	Install Tauri dependencies (WebKitGTK)	2026-07-28T16:38:29.7627503Z Setting up libpng-tools (1.6.43-5ubuntu0.6) ...
native-tests	Install Tauri dependencies (WebKitGTK)	2026-07-28T16:38:29.7651599Z Setting up libgirepository-2.0-0:amd64 (2.80.0-6ubuntu3.8) ...
native-tests	Install Tauri dependencies (WebKitGTK)	2026-07-28T16:38:29.7674016Z Setting up libvisual-0.4-0:amd64 (0.4.2-2build1) ...
native-tests	Install Tauri dependencies (WebKitGTK)	2026-07-28T16:38:29.7696839Z Setting up gir1.2-atk-1.0:amd64 (2.52.0-1build1) ...
native-tests	Install Tauri dependencies (WebKitGTK)	2026-07-28T16:38:29.7729726Z Setting up libfribidi-dev:amd64 (1.0.13-3build1) ...
native-tests	Install Tauri dependencies (WebKitGTK)	2026-07-28T16:38:29.7754272Z Setting up libmanette-0.2-0:amd64 (0.2.7-1build2) ...
native-tests	Install Tauri dependencies (WebKitGTK)	2026-07-28T16:38:29.7777707Z Setting up libxkbcommon-dev:amd64 (1.6.0-1build1) ...
native-tests	Install Tauri dependencies (WebKitGTK)	2026-07-28T16:38:29.7801095Z Setting up libpng-dev:amd64 (1.6.43-5ubuntu0.6) ...
native-tests	Install Tauri dependencies (WebKitGTK)	2026-07-28T16:38:29.7821775Z Setting up pango1.0-tools (1.52.1+ds-1build1) ...
native-tests	Install Tauri dependencies (WebKitGTK)	2026-07-28T16:38:29.7845377Z Setting up libjbig-dev:amd64 (2.1-6.1ubuntu2) ...
native-tests	Install Tauri dependencies (WebKitGTK)	2026-07-28T16:38:29.7867144Z Setting up libwebrtc-audio-processing1:amd64 (0.3.1-0ubuntu6) ...
native-tests	Install Tauri dependencies (WebKitGTK)	2026-07-28T16:38:29.7891608Z Setting up libwebpdecoder3:amd64 (1.3.2-0.4build3) ...
native-tests	Install Tauri dependencies (WebKitGTK)	2026-07-28T16:38:29.7917029Z Setting up libharfbuzz-gobject0:amd64 (8.3.0-2build2) ...
native-tests	Install Tauri dependencies (WebKitGTK)	2026-07-28T16:38:29.7937985Z Setting up gir1.2-atspi-2.0:amd64 (2.52.0-1build1) ...
native-tests	Install Tauri dependencies (WebKitGTK)	2026-07-28T16:38:29.7960870Z Setting up libsoup-3.0-common (3.4.4-5ubuntu0.7) ...
native-tests	Install Tauri dependencies (WebKitGTK)	2026-07-28T16:38:29.7982488Z Setting up libmpg123-0t64:amd64 (1.32.5-1ubuntu1.1) ...
native-tests	Install Tauri dependencies (WebKitGTK)	2026-07-28T16:38:29.8004072Z Setting up libayatana-ido3-0.4-0:amd64 (0.10.1-1build2) ...
native-tests	Install Tauri dependencies (WebKitGTK)	2026-07-28T16:38:29.8027687Z Setting up gir1.2-harfbuzz-0.0:amd64 (8.3.0-2build2) ...
native-tests	Install Tauri dependencies (WebKitGTK)	2026-07-28T16:38:29.8052285Z Setting up libpthread-stubs0-dev:amd64 (0.4-1build3) ...
native-tests	Install Tauri dependencies (WebKitGTK)	2026-07-28T16:38:29.8074503Z Setting up libopengl0:amd64 (1.7.0-1build1) ...
native-tests	Install Tauri dependencies (WebKitGTK)	2026-07-28T16:38:29.8098020Z Setting up libpsl-dev:amd64 (0.21.2-1.1build1) ...
native-tests	Install Tauri dependencies (WebKitGTK)	2026-07-28T16:38:29.8121995Z Setting up liborc-0.4-0t64:amd64 (1:0.4.38-1ubuntu0.1) ...
native-tests	Install Tauri dependencies (WebKitGTK)	2026-07-28T16:38:29.8141970Z Setting up librsvg2-2:amd64 (2.58.0+dfsg-1build1) ...
native-tests	Install Tauri dependencies (WebKitGTK)	2026-07-28T16:38:29.8165377Z Setting up libsysprof-capture-4-dev:amd64 (46.0-1build1) ...
native-tests	Install Tauri dependencies (WebKitGTK)	2026-07-28T16:38:29.8185261Z Setting up xtrans-dev (1.4.0-1) ...
native-tests	Install Tauri dependencies (WebKitGTK)	2026-07-28T16:38:29.8212098Z Setting up libwayland-bin (1.22.0-2.1build1) ...
native-tests	Install Tauri dependencies (WebKitGTK)	2026-07-28T16:38:29.8235212Z Setting up libgraphite2-dev:amd64 (1.3.14-2ubuntu0.24.04.1) ...
native-tests	Install Tauri dependencies (WebKitGTK)	2026-07-28T16:38:29.8257685Z Setting up gir1.2-pango-1.0:amd64 (1.52.1+ds-1build1) ...
native-tests	Install Tauri dependencies (WebKitGTK)	2026-07-28T16:38:29.8281637Z Setting up libegl-mesa0:amd64 (25.2.8-0ubuntu0.24.04.2) ...
native-tests	Install Tauri dependencies (WebKitGTK)	2026-07-28T16:38:29.8302116Z Setting up libjavascriptcoregtk-4.1-0:amd64 (2.52.3-0ubuntu0.24.04.1) ...
native-tests	Install Tauri dependencies (WebKitGTK)	2026-07-28T16:38:29.8333137Z Setting up libgles2:amd64 (1.7.0-1build1) ...
native-tests	Install Tauri dependencies (WebKitGTK)	2026-07-28T16:38:29.8368381Z Setting up libharfbuzz-cairo0:amd64 (8.3.0-2build2) ...
native-tests	Install Tauri dependencies (WebKitGTK)	2026-07-28T16:38:29.8392274Z Setting up libdbus-1-dev:amd64 (1.14.10-4ubuntu4.1) ...
native-tests	Install Tauri dependencies (WebKitGTK)	2026-07-28T16:38:29.9987612Z Setting up libspa-0.2-modules:amd64 (1.0.5-1ubuntu3.3) ...
native-tests	Install Tauri dependencies (WebKitGTK)	2026-07-28T16:38:30.0013542Z Setting up uuid-dev:amd64 (2.39.3-9ubuntu6.5) ...
native-tests	Install Tauri dependencies (WebKitGTK)	2026-07-28T16:38:30.0036927Z Setting up libgles1:amd64 (1.7.0-1build1) ...
native-tests	Install Tauri dependencies (WebKitGTK)	2026-07-28T16:38:30.0062818Z Setting up libopus0:amd64 (1.4-1build1) ...
native-tests	Install Tauri dependencies (WebKitGTK)	2026-07-28T16:38:30.0087126Z Setting up libxv1:amd64 (2:1.0.11-1.1build1) ...
native-tests	Install Tauri dependencies (WebKitGTK)	2026-07-28T16:38:30.0110118Z Setting up python3-markdown (3.5.2-1) ...
native-tests	Install Tauri dependencies (WebKitGTK)	2026-07-28T16:38:30.1615442Z Setting up libdv4t64:amd64 (1.0.0-17.1build1) ...
native-tests	Install Tauri dependencies (WebKitGTK)	2026-07-28T16:38:30.1639084Z Setting up libsepol-dev:amd64 (3.5-2build1) ...
native-tests	Install Tauri dependencies (WebKitGTK)	2026-07-28T16:38:30.1668498Z Setting up liblerc-dev:amd64 (4.0.0+ds-4ubuntu2) ...
native-tests	Install Tauri dependencies (WebKitGTK)	2026-07-28T16:38:30.1694695Z Setting up librsvg2-common:amd64 (2.58.0+dfsg-1build1) ...
native-tests	Install Tauri dependencies (WebKitGTK)	2026-07-28T16:38:30.1790207Z Setting up libdbusmenu-glib-dev:amd64 (18.10.20180917~bzr492+repack1-3.1ubuntu5) ...
native-tests	Install Tauri dependencies (WebKitGTK)	2026-07-28T16:38:30.1817339Z Setting up libv4l-0t64:amd64 (1.26.1-4build3) ...
native-tests	Install Tauri dependencies (WebKitGTK)	2026-07-28T16:38:30.1842499Z Setting up liblzma-dev:amd64 (5.6.1+really5.4.5-1ubuntu0.3) ...
native-tests	Install Tauri dependencies (WebKitGTK)	2026-07-28T16:38:30.1866256Z Setting up gir1.2-ayatanaido3-0.4:amd64 (0.10.1-1build2) ...
native-tests	Install Tauri dependencies (WebKitGTK)	2026-07-28T16:38:30.1887935Z Setting up xdg-dbus-proxy (0.1.5-1ubuntu0.2) ...
native-tests	Install Tauri dependencies (WebKitGTK)	2026-07-28T16:38:30.1911905Z Setting up libvpx9:amd64 (1.14.0-1ubuntu2.3) ...
native-tests	Install Tauri dependencies (WebKitGTK)	2026-07-28T16:38:30.1934323Z Setting up wayland-protocols (1.45-1~ubuntu0.24.04.2) ...
native-tests	Install Tauri dependencies (WebKitGTK)	2026-07-28T16:38:30.1957611Z Setting up libtag1v5:amd64 (1.13.1-1build1) ...
native-tests	Install Tauri dependencies (WebKitGTK)	2026-07-28T16:38:30.2011360Z Setting up libdatrie-dev:amd64 (0.2.13-3build1) ...
native-tests	Install Tauri dependencies (WebKitGTK)	2026-07-28T16:38:30.2034143Z Setting up gir1.2-glib-2.0-dev:amd64 (2.80.0-6ubuntu3.8) ...
native-tests	Install Tauri dependencies (WebKitGTK)	2026-07-28T16:38:30.2061062Z Setting up libasyncns0:amd64 (0.8-6build4) ...
native-tests	Install Tauri dependencies (WebKitGTK)	2026-07-28T16:38:30.2085200Z Setting up libgdk-pixbuf2.0-bin (2.42.10+dfsg-3ubuntu3.3) ...
native-tests	Install Tauri dependencies (WebKitGTK)	2026-07-28T16:38:30.2106506Z Setting up libwavpack1:amd64 (5.6.0-1build1) ...
native-tests	Install Tauri dependencies (WebKitGTK)	2026-07-28T16:38:30.2133268Z Setting up libtheora0:amd64 (1.1.1+dfsg.1-16.1build3) ...
native-tests	Install Tauri dependencies (WebKitGTK)	2026-07-28T16:38:30.2159573Z Setting up libegl1:amd64 (1.7.0-1build1) ...
native-tests	Install Tauri dependencies (WebKitGTK)	2026-07-28T16:38:30.2304449Z Setting up libharfbuzz-subset0:amd64 (8.3.0-2build2) ...
native-tests	Install Tauri dependencies (WebKitGTK)	2026-07-28T16:38:30.2327359Z Setting up build-essential (12.10ubuntu1) ...
native-tests	Install Tauri dependencies (WebKitGTK)	2026-07-28T16:38:30.2350814Z Setting up xorg-sgml-doctools (1:1.11-1.1) ...
native-tests	Install Tauri dependencies (WebKitGTK)	2026-07-28T16:38:30.2374314Z Setting up libflac12t64:amd64 (1.4.3+ds-2.1ubuntu2) ...
native-tests	Install Tauri dependencies (WebKitGTK)	2026-07-28T16:38:30.2400708Z Setting up libopengl-dev:amd64 (1.7.0-1build1) ...
native-tests	Install Tauri dependencies (WebKitGTK)	2026-07-28T16:38:30.2426638Z Setting up glib-networking-common (2.80.0-1build1) ...
native-tests	Install Tauri dependencies (WebKitGTK)	2026-07-28T16:38:30.2453333Z Setting up libjpeg8-dev:amd64 (8c-2ubuntu11) ...
native-tests	Install Tauri dependencies (WebKitGTK)	2026-07-28T16:38:30.2478461Z Setting up gir1.2-rsvg-2.0:amd64 (2.58.0+dfsg-1build1) ...
native-tests	Install Tauri dependencies (WebKitGTK)	2026-07-28T16:38:30.2503961Z Setting up libsharpyuv-dev:amd64 (1.3.2-0.4build3) ...
native-tests	Install Tauri dependencies (WebKitGTK)	2026-07-28T16:38:30.2540646Z Setting up libayatana-indicator3-7:amd64 (0.9.4-1build1) ...
native-tests	Install Tauri dependencies (WebKitGTK)	2026-07-28T16:38:30.2553284Z Setting up libtiffxx6:amd64 (4.5.1+git230720-4ubuntu2.5) ...
native-tests	Install Tauri dependencies (WebKitGTK)	2026-07-28T16:38:30.2578375Z Setting up libdeflate-dev:amd64 (1.19-1build1.1) ...
native-tests	Install Tauri dependencies (WebKitGTK)	2026-07-28T16:38:30.2603957Z Setting up libpipewire-0.3-0t64:amd64 (1.0.5-1ubuntu3.3) ...
native-tests	Install Tauri dependencies (WebKitGTK)	2026-07-28T16:38:30.2628886Z Setting up libbrotli-dev:amd64 (1.1.0-2build2) ...
native-tests	Install Tauri dependencies (WebKitGTK)	2026-07-28T16:38:30.2656899Z Setting up libsecret-common (0.21.4-1build3) ...
native-tests	Install Tauri dependencies (WebKitGTK)	2026-07-28T16:38:30.2679220Z Setting up libmp3lame0:amd64 (3.100-6build1) ...
native-tests	Install Tauri dependencies (WebKitGTK)	2026-07-28T16:38:30.2702357Z Setting up libgraphene-1.0-0:amd64 (1.10.8-3build2) ...
native-tests	Install Tauri dependencies (WebKitGTK)	2026-07-28T16:38:30.2728510Z Setting up python3-mako (1.3.2-1ubuntu0.1) ...
native-tests	Install Tauri dependencies (WebKitGTK)	2026-07-28T16:38:30.4227592Z Setting up libvorbisenc2:amd64 (1.3.7-1build3) ...
native-tests	Install Tauri dependencies (WebKitGTK)	2026-07-28T16:38:30.4250950Z Setting up libaa1:amd64 (1.4p5-51.1) ...
native-tests	Install Tauri dependencies (WebKitGTK)	2026-07-28T16:38:30.4276360Z Setting up libiec61883-0:amd64 (1.2.0-6build1) ...
native-tests	Install Tauri dependencies (WebKitGTK)	2026-07-28T16:38:30.4304776Z Setting up libbz2-dev:amd64 (1.0.8-5.1build0.1) ...
native-tests	Install Tauri dependencies (WebKitGTK)	2026-07-28T16:38:30.4328760Z Setting up libavc1394-0:amd64 (0.5.4-5build3) ...
native-tests	Install Tauri dependencies (WebKitGTK)	2026-07-28T16:38:30.4368554Z Setting up gsettings-desktop-schemas (46.1-0ubuntu1) ...
native-tests	Install Tauri dependencies (WebKitGTK)	2026-07-28T16:38:30.4393543Z Setting up glib-networking-services (2.80.0-1build1) ...
native-tests	Install Tauri dependencies (WebKitGTK)	2026-07-28T16:38:30.4418503Z Setting up libblkid-dev:amd64 (2.39.3-9ubuntu6.5) ...
native-tests	Install Tauri dependencies (WebKitGTK)	2026-07-28T16:38:30.4446083Z Setting up xdg-desktop-portal (1.18.4-1ubuntu2.24.04.2) ...
native-tests	Install Tauri dependencies (WebKitGTK)	2026-07-28T16:38:30.5524794Z Created symlink /etc/systemd/user/graphical-session-pre.target.wants/xdg-desktop-portal-rewrite-launchers.service → /usr/lib/systemd/user/xdg-desktop-portal-rewrite-launchers.service.
native-tests	Install Tauri dependencies (WebKitGTK)	2026-07-28T16:38:30.5526694Z 
native-tests	Install Tauri dependencies (WebKitGTK)	2026-07-28T16:38:30.5555232Z Setting up libselinux1-dev:amd64 (3.5-2ubuntu2.1) ...
native-tests	Install Tauri dependencies (WebKitGTK)	2026-07-28T16:38:30.5579997Z Setting up gobject-introspection-bin (1.80.1-1) ...
native-tests	Install Tauri dependencies (WebKitGTK)	2026-07-28T16:38:30.7459030Z Setting up gir1.2-gtk-3.0:amd64 (3.24.41-4ubuntu1.3) ...
native-tests	Install Tauri dependencies (WebKitGTK)	2026-07-28T16:38:30.7506336Z Setting up libjpeg-dev:amd64 (8c-2ubuntu11) ...
native-tests	Install Tauri dependencies (WebKitGTK)	2026-07-28T16:38:30.7533878Z Setting up libgstreamer-plugins-base1.0-0:amd64 (1.24.2-1ubuntu0.4) ...
native-tests	Install Tauri dependencies (WebKitGTK)	2026-07-28T16:38:30.7557820Z Setting up gir1.2-girepository-2.0-dev:amd64 (1.80.1-1) ...
native-tests	Install Tauri dependencies (WebKitGTK)	2026-07-28T16:38:30.7579877Z Setting up libwayland-dev:amd64 (1.22.0-2.1build1) ...
native-tests	Install Tauri dependencies (WebKitGTK)	2026-07-28T16:38:30.7607488Z Setting up gir1.2-javascriptcoregtk-4.1:amd64 (2.52.3-0ubuntu0.24.04.1) ...
native-tests	Install Tauri dependencies (WebKitGTK)	2026-07-28T16:38:30.7632546Z Setting up libfreetype-dev:amd64 (2.13.2+dfsg-1ubuntu0.1) ...
native-tests	Install Tauri dependencies (WebKitGTK)	2026-07-28T16:38:30.7657219Z Setting up libsecret-1-0:amd64 (0.21.4-1build3) ...
native-tests	Install Tauri dependencies (WebKitGTK)	2026-07-28T16:38:30.7682987Z Setting up libgstreamer-plugins-good1.0-0:amd64 (1.24.2-1ubuntu1.5) ...
native-tests	Install Tauri dependencies (WebKitGTK)	2026-07-28T16:38:30.7706695Z Setting up libwebp-dev:amd64 (1.3.2-0.4build3) ...
native-tests	Install Tauri dependencies (WebKitGTK)	2026-07-28T16:38:30.7729482Z Setting up libgstreamer-gl1.0-0:amd64 (1.24.2-1ubuntu0.4) ...
native-tests	Install Tauri dependencies (WebKitGTK)	2026-07-28T16:38:30.7754621Z Setting up gstreamer1.0-plugins-base:amd64 (1.24.2-1ubuntu0.4) ...
native-tests	Install Tauri dependencies (WebKitGTK)	2026-07-28T16:38:30.7782720Z Setting up libtiff-dev:amd64 (4.5.1+git230720-4ubuntu2.5) ...
native-tests	Install Tauri dependencies (WebKitGTK)	2026-07-28T16:38:30.7809908Z Setting up libayatana-appindicator3-1 (0.5.93-1build3) ...
native-tests	Install Tauri dependencies (WebKitGTK)	2026-07-28T16:38:30.7834277Z Setting up gir1.2-freedesktop-dev:amd64 (1.80.1-1) ...
native-tests	Install Tauri dependencies (WebKitGTK)	2026-07-28T16:38:30.7855506Z Setting up libshout3:amd64 (2.4.6-1build2) ...
native-tests	Install Tauri dependencies (WebKitGTK)	2026-07-28T16:38:30.7876817Z Setting up libthai-dev:amd64 (0.1.29-2build1) ...
native-tests	Install Tauri dependencies (WebKitGTK)	2026-07-28T16:38:30.7896251Z Setting up libsndfile1:amd64 (1.2.2-1ubuntu5.24.04.1) ...
native-tests	Install Tauri dependencies (WebKitGTK)	2026-07-28T16:38:30.7918913Z Setting up gir1.2-ayatanaappindicator3-0.1 (0.5.93-1build3) ...
native-tests	Install Tauri dependencies (WebKitGTK)	2026-07-28T16:38:30.7950077Z Setting up libmount-dev:amd64 (2.39.3-9ubuntu6.5) ...
native-tests	Install Tauri dependencies (WebKitGTK)	2026-07-28T16:38:30.7977291Z Setting up gstreamer1.0-gl:amd64 (1.24.2-1ubuntu0.4) ...
native-tests	Install Tauri dependencies (WebKitGTK)	2026-07-28T16:38:30.8003689Z Setting up gstreamer1.0-x:amd64 (1.24.2-1ubuntu0.4) ...
native-tests	Install Tauri dependencies (WebKitGTK)	2026-07-28T16:38:30.8029187Z Setting up libpulse0:amd64 (1:16.1+dfsg1-2ubuntu10.1) ...
native-tests	Install Tauri dependencies (WebKitGTK)	2026-07-28T16:38:30.8108913Z Setting up libfontconfig-dev:amd64 (2.15.0-1.1ubuntu2) ...
native-tests	Install Tauri dependencies (WebKitGTK)	2026-07-28T16:38:30.8134695Z Setting up libglib2.0-dev:amd64 (2.80.0-6ubuntu3.8) ...
native-tests	Install Tauri dependencies (WebKitGTK)	2026-07-28T16:38:30.8827963Z Processing triggers for libgdk-pixbuf-2.0-0:amd64 (2.42.10+dfsg-3ubuntu3.3) ...
native-tests	Install Tauri dependencies (WebKitGTK)	2026-07-28T16:38:31.0334566Z Processing triggers for sgml-base (1.31) ...
native-tests	Install Tauri dependencies (WebKitGTK)	2026-07-28T16:38:31.0474291Z Processing triggers for install-info (7.1-3build2) ...
native-tests	Install Tauri dependencies (WebKitGTK)	2026-07-28T16:38:31.1509585Z Setting up x11proto-dev (2023.2-1) ...
native-tests	Install Tauri dependencies (WebKitGTK)	2026-07-28T16:38:31.1605842Z Setting up libxau-dev:amd64 (1:1.0.9-1build6) ...
native-tests	Install Tauri dependencies (WebKitGTK)	2026-07-28T16:38:31.1651459Z Setting up libice-dev:amd64 (2:1.0.10-1build3) ...
native-tests	Install Tauri dependencies (WebKitGTK)	2026-07-28T16:38:31.1678893Z Setting up libsm-dev:amd64 (2:1.2.3-1build3) ...
native-tests	Install Tauri dependencies (WebKitGTK)	2026-07-28T16:38:31.1729676Z Processing triggers for libc-bin (2.39-0ubuntu8.7) ...
native-tests	Install Tauri dependencies (WebKitGTK)	2026-07-28T16:38:31.2187628Z Processing triggers for man-db (2.12.0-4build2) ...
native-tests	Install Tauri dependencies (WebKitGTK)	2026-07-28T16:38:31.2215046Z Not building database; man-db/auto-update is not 'true'.
native-tests	Install Tauri dependencies (WebKitGTK)	2026-07-28T16:38:31.2229404Z Setting up libxdmcp-dev:amd64 (1:1.1.3-0ubuntu6) ...
native-tests	Install Tauri dependencies (WebKitGTK)	2026-07-28T16:38:31.2277474Z Processing triggers for libglib2.0-0t64:amd64 (2.80.0-6ubuntu3.8) ...
native-tests	Install Tauri dependencies (WebKitGTK)	2026-07-28T16:38:31.2655496Z Setting up glib-networking:amd64 (2.80.0-1build1) ...
native-tests	Install Tauri dependencies (WebKitGTK)	2026-07-28T16:38:31.2694019Z Setting up libjavascriptcoregtk-4.1-dev:amd64 (2.52.3-0ubuntu0.24.04.1) ...
native-tests	Install Tauri dependencies (WebKitGTK)	2026-07-28T16:38:31.2723641Z Setting up libatk1.0-dev:amd64 (2.52.0-1build1) ...
native-tests	Install Tauri dependencies (WebKitGTK)	2026-07-28T16:38:31.2762815Z Setting up libgdk-pixbuf-2.0-dev:amd64 (2.42.10+dfsg-3ubuntu3.3) ...
native-tests	Install Tauri dependencies (WebKitGTK)	2026-07-28T16:38:31.2801328Z Setting up xdg-desktop-portal-gtk (1.15.1-1build2) ...
native-tests	Install Tauri dependencies (WebKitGTK)	2026-07-28T16:38:31.2863436Z Setting up libharfbuzz-dev:amd64 (8.3.0-2build2) ...
native-tests	Install Tauri dependencies (WebKitGTK)	2026-07-28T16:38:31.2907998Z Setting up libxcb1-dev:amd64 (1.15-1ubuntu2) ...
native-tests	Install Tauri dependencies (WebKitGTK)	2026-07-28T16:38:31.2986263Z Setting up libsoup-3.0-0:amd64 (3.4.4-5ubuntu0.7) ...
native-tests	Install Tauri dependencies (WebKitGTK)	2026-07-28T16:38:31.3065017Z Setting up libx11-dev:amd64 (2:1.8.7-1build1) ...
native-tests	Install Tauri dependencies (WebKitGTK)	2026-07-28T16:38:31.3103250Z Setting up gobject-introspection:amd64 (1.80.1-1) ...
native-tests	Install Tauri dependencies (WebKitGTK)	2026-07-28T16:38:31.3138128Z Setting up libxfixes-dev:amd64 (1:6.0.0-2build1) ...
native-tests	Install Tauri dependencies (WebKitGTK)	2026-07-28T16:38:31.3167355Z Setting up libxcb-shm0-dev:amd64 (1.15-1ubuntu2) ...
native-tests	Install Tauri dependencies (WebKitGTK)	2026-07-28T16:38:31.3258718Z Setting up libgirepository-1.0-dev:amd64 (1.80.1-1) ...
native-tests	Install Tauri dependencies (WebKitGTK)	2026-07-28T16:38:31.3287224Z Setting up libxcb-render0-dev:amd64 (1.15-1ubuntu2) ...
native-tests	Install Tauri dependencies (WebKitGTK)	2026-07-28T16:38:31.3319783Z Setting up libxext-dev:amd64 (2:1.3.4-1build2) ...
native-tests	Install Tauri dependencies (WebKitGTK)	2026-07-28T16:38:31.3349311Z Setting up gir1.2-soup-3.0:amd64 (3.4.4-5ubuntu0.7) ...
native-tests	Install Tauri dependencies (WebKitGTK)	2026-07-28T16:38:31.3384867Z Setting up libglx-dev:amd64 (1.7.0-1build1) ...
native-tests	Install Tauri dependencies (WebKitGTK)	2026-07-28T16:38:31.3423883Z Setting up libxi-dev:amd64 (2:1.8.1-1build1) ...
native-tests	Install Tauri dependencies (WebKitGTK)	2026-07-28T16:38:31.3571792Z Setting up libxrender-dev:amd64 (1:0.9.10-1.1build1) ...
native-tests	Install Tauri dependencies (WebKitGTK)	2026-07-28T16:38:31.3602658Z Setting up libgl-dev:amd64 (1.7.0-1build1) ...
native-tests	Install Tauri dependencies (WebKitGTK)	2026-07-28T16:38:31.3638878Z Setting up libxft-dev:amd64 (2.3.6-1build1) ...
native-tests	Install Tauri dependencies (WebKitGTK)	2026-07-28T16:38:31.3666138Z Setting up libxtst-dev:amd64 (2:1.2.3-1.1build1) ...
native-tests	Install Tauri dependencies (WebKitGTK)	2026-07-28T16:38:31.3694900Z Setting up libxdamage-dev:amd64 (1:1.1.6-1build1) ...
native-tests	Install Tauri dependencies (WebKitGTK)	2026-07-28T16:38:31.3726322Z Setting up libatspi2.0-dev:amd64 (2.52.0-1build1) ...
native-tests	Install Tauri dependencies (WebKitGTK)	2026-07-28T16:38:31.3810462Z Setting up libegl-dev:amd64 (1.7.0-1build1) ...
native-tests	Install Tauri dependencies (WebKitGTK)	2026-07-28T16:38:31.3837844Z Setting up libxcomposite-dev:amd64 (1:0.4.5-1build3) ...
native-tests	Install Tauri dependencies (WebKitGTK)	2026-07-28T16:38:31.3868029Z Setting up libxcursor-dev:amd64 (1:1.2.1-1build1) ...
native-tests	Install Tauri dependencies (WebKitGTK)	2026-07-28T16:38:31.3904941Z Setting up gstreamer1.0-plugins-good:amd64 (1.24.2-1ubuntu1.5) ...
native-tests	Install Tauri dependencies (WebKitGTK)	2026-07-28T16:38:31.3947950Z Setting up libepoxy-dev:amd64 (1.5.10-1build1) ...
native-tests	Install Tauri dependencies (WebKitGTK)	2026-07-28T16:38:31.3985466Z Setting up libatk-bridge2.0-dev:amd64 (2.52.0-1build1) ...
native-tests	Install Tauri dependencies (WebKitGTK)	2026-07-28T16:38:31.4028210Z Setting up libxrandr-dev:amd64 (2:1.5.2-2build1) ...
native-tests	Install Tauri dependencies (WebKitGTK)	2026-07-28T16:38:31.4058141Z Setting up libsoup-3.0-dev:amd64 (3.4.4-5ubuntu0.7) ...
native-tests	Install Tauri dependencies (WebKitGTK)	2026-07-28T16:38:31.4120448Z Setting up libgirepository1.0-dev (1.80.1-1) ...
native-tests	Install Tauri dependencies (WebKitGTK)	2026-07-28T16:38:31.4185432Z Setting up libxinerama-dev:amd64 (2:1.1.4-3build1) ...
native-tests	Install Tauri dependencies (WebKitGTK)	2026-07-28T16:38:31.4232767Z Setting up libcairo2-dev:amd64 (1.18.0-3build1) ...
native-tests	Install Tauri dependencies (WebKitGTK)	2026-07-28T16:38:31.4267929Z Setting up libgles-dev:amd64 (1.7.0-1build1) ...
native-tests	Install Tauri dependencies (WebKitGTK)	2026-07-28T16:38:31.4326159Z Setting up libwebkit2gtk-4.1-0:amd64 (2.52.3-0ubuntu0.24.04.1) ...
native-tests	Install Tauri dependencies (WebKitGTK)	2026-07-28T16:38:31.4383988Z Setting up gir1.2-webkit2-4.1:amd64 (2.52.3-0ubuntu0.24.04.1) ...
native-tests	Install Tauri dependencies (WebKitGTK)	2026-07-28T16:38:31.4432020Z Setting up libglvnd-dev:amd64 (1.7.0-1build1) ...
native-tests	Install Tauri dependencies (WebKitGTK)	2026-07-28T16:38:31.4473964Z Setting up libpango1.0-dev:amd64 (1.52.1+ds-1build1) ...
native-tests	Install Tauri dependencies (WebKitGTK)	2026-07-28T16:38:31.4532885Z Setting up librsvg2-dev:amd64 (2.58.0+dfsg-1build1) ...
native-tests	Install Tauri dependencies (WebKitGTK)	2026-07-28T16:38:31.4564880Z Setting up libegl1-mesa-dev:amd64 (25.2.8-0ubuntu0.24.04.2) ...
native-tests	Install Tauri dependencies (WebKitGTK)	2026-07-28T16:38:31.4604337Z Setting up libgtk-3-dev:amd64 (3.24.41-4ubuntu1.3) ...
native-tests	Install Tauri dependencies (WebKitGTK)	2026-07-28T16:38:31.4657713Z Setting up libayatana-ido3-dev (0.10.1-1build2) ...
native-tests	Install Tauri dependencies (WebKitGTK)	2026-07-28T16:38:31.4698089Z Setting up libayatana-indicator3-dev (0.9.4-1build1) ...
native-tests	Install Tauri dependencies (WebKitGTK)	2026-07-28T16:38:31.4744522Z Setting up libwebkit2gtk-4.1-dev (2.52.3-0ubuntu0.24.04.1) ...
native-tests	Install Tauri dependencies (WebKitGTK)	2026-07-28T16:38:31.4800047Z Setting up libayatana-appindicator3-dev (0.5.93-1build3) ...
native-tests	Install Tauri dependencies (WebKitGTK)	2026-07-28T16:38:31.4832115Z Processing triggers for libc-bin (2.39-0ubuntu8.7) ...
native-tests	Install Tauri dependencies (WebKitGTK)	2026-07-28T16:38:32.1369016Z 
native-tests	Install Tauri dependencies (WebKitGTK)	2026-07-28T16:38:32.1369838Z Running kernel seems to be up-to-date.
native-tests	Install Tauri dependencies (WebKitGTK)	2026-07-28T16:38:32.1370336Z 
native-tests	Install Tauri dependencies (WebKitGTK)	2026-07-28T16:38:32.1370648Z No services need to be restarted.
native-tests	Install Tauri dependencies (WebKitGTK)	2026-07-28T16:38:32.1370931Z 
native-tests	Install Tauri dependencies (WebKitGTK)	2026-07-28T16:38:32.1371504Z No containers need to be restarted.
native-tests	Install Tauri dependencies (WebKitGTK)	2026-07-28T16:38:32.1371776Z 
native-tests	Install Tauri dependencies (WebKitGTK)	2026-07-28T16:38:32.1372538Z No user sessions are running outdated binaries.
native-tests	Install Tauri dependencies (WebKitGTK)	2026-07-28T16:38:32.1372883Z 
native-tests	Install Tauri dependencies (WebKitGTK)	2026-07-28T16:38:33.1379632Z No VM guests are running outdated hypervisor (qemu) binaries on this host.
native-tests	Install Tauri Driver	﻿2026-07-28T16:38:33.1409319Z ##[group]Run cargo install tauri-driver
native-tests	Install Tauri Driver	2026-07-28T16:38:33.1409688Z [36;1mcargo install tauri-driver[0m
native-tests	Install Tauri Driver	2026-07-28T16:38:33.1454750Z shell: /usr/bin/bash -e {0}
native-tests	Install Tauri Driver	2026-07-28T16:38:33.1455007Z env:
native-tests	Install Tauri Driver	2026-07-28T16:38:33.1455206Z   CARGO_HOME: /home/runner/.cargo
native-tests	Install Tauri Driver	2026-07-28T16:38:33.1455469Z   CARGO_INCREMENTAL: 0
native-tests	Install Tauri Driver	2026-07-28T16:38:33.1455698Z   CARGO_TERM_COLOR: always
native-tests	Install Tauri Driver	2026-07-28T16:38:33.1455919Z   CACHE_ON_FAILURE: false
native-tests	Install Tauri Driver	2026-07-28T16:38:33.1456130Z ##[endgroup]
native-tests	Install Tauri Driver	2026-07-28T16:38:33.1859963Z [1m[92m    Updating[0m crates.io index
native-tests	Install Tauri Driver	2026-07-28T16:38:33.2506362Z [1m[92m Downloading[0m crates ...
native-tests	Install Tauri Driver	2026-07-28T16:38:33.3306842Z [1m[92m  Downloaded[0m tauri-driver v2.0.6
native-tests	Install Tauri Driver	2026-07-28T16:38:33.3568233Z [1m[92m  Installing[0m tauri-driver v2.0.6
native-tests	Install Tauri Driver	2026-07-28T16:38:33.4032940Z [1m[92m    Updating[0m crates.io index
native-tests	Install Tauri Driver	2026-07-28T16:38:33.6519258Z [1m[92m     Locking[0m 68 packages to latest compatible versions
native-tests	Install Tauri Driver	2026-07-28T16:38:33.6693571Z [1m[92m Downloading[0m crates ...
native-tests	Install Tauri Driver	2026-07-28T16:38:33.6858090Z [1m[92m  Downloaded[0m atomic-waker v1.1.2
native-tests	Install Tauri Driver	2026-07-28T16:38:33.6912948Z [1m[92m  Downloaded[0m errno v0.3.14
native-tests	Install Tauri Driver	2026-07-28T16:38:33.7019686Z [1m[92m  Downloaded[0m anyhow v1.0.104
native-tests	Install Tauri Driver	2026-07-28T16:38:33.7068880Z [1m[92m  Downloaded[0m bytes v1.12.1
native-tests	Install Tauri Driver	2026-07-28T16:38:33.7108738Z [1m[92m  Downloaded[0m futures v0.3.33
native-tests	Install Tauri Driver	2026-07-28T16:38:33.7165284Z [1m[92m  Downloaded[0m tracing-core v0.1.36
native-tests	Install Tauri Driver	2026-07-28T16:38:33.7197931Z [1m[92m  Downloaded[0m itoa v1.0.18
native-tests	Install Tauri Driver	2026-07-28T16:38:33.7212470Z [1m[92m  Downloaded[0m pico-args v0.5.0
native-tests	Install Tauri Driver	2026-07-28T16:38:33.7227492Z [1m[92m  Downloaded[0m http-body v1.1.0
native-tests	Install Tauri Driver	2026-07-28T16:38:33.7238446Z [1m[92m  Downloaded[0m futures-macro v0.3.33
native-tests	Install Tauri Driver	2026-07-28T16:38:33.7267007Z [1m[92m  Downloaded[0m tokio-macros v2.7.1
native-tests	Install Tauri Driver	2026-07-28T16:38:33.7277840Z [1m[92m  Downloaded[0m futures-task v0.3.33
native-tests	Install Tauri Driver	2026-07-28T16:38:33.7302944Z [1m[92m  Downloaded[0m want v0.3.1
native-tests	Install Tauri Driver	2026-07-28T16:38:33.7312343Z [1m[92m  Downloaded[0m futures-sink v0.3.33
native-tests	Install Tauri Driver	2026-07-28T16:38:33.7380397Z [1m[92m  Downloaded[0m futures-executor v0.3.33
native-tests	Install Tauri Driver	2026-07-28T16:38:33.7396759Z [1m[92m  Downloaded[0m serde v1.0.229
native-tests	Install Tauri Driver	2026-07-28T16:38:33.7431963Z [1m[92m  Downloaded[0m which v8.0.5
native-tests	Install Tauri Driver	2026-07-28T16:38:33.7450969Z [1m[92m  Downloaded[0m futures-core v0.3.33
native-tests	Install Tauri Driver	2026-07-28T16:38:33.7464962Z [1m[92m  Downloaded[0m signal-hook-tokio v0.4.0
native-tests	Install Tauri Driver	2026-07-28T16:38:33.7475144Z [1m[92m  Downloaded[0m try-lock v0.2.5
native-tests	Install Tauri Driver	2026-07-28T16:38:33.7484230Z [1m[92m  Downloaded[0m futures-io v0.3.33
native-tests	Install Tauri Driver	2026-07-28T16:38:33.7492741Z [1m[92m  Downloaded[0m httpdate v1.0.3
native-tests	Install Tauri Driver	2026-07-28T16:38:33.7504657Z [1m[92m  Downloaded[0m http-body-util v0.1.4
native-tests	Install Tauri Driver	2026-07-28T16:38:33.7524553Z [1m[92m  Downloaded[0m quote v1.0.47
native-tests	Install Tauri Driver	2026-07-28T16:38:33.7553161Z [1m[92m  Downloaded[0m tower-service v0.3.3
native-tests	Install Tauri Driver	2026-07-28T16:38:33.7563091Z [1m[92m  Downloaded[0m once_cell v1.21.4
native-tests	Install Tauri Driver	2026-07-28T16:38:33.7589396Z [1m[92m  Downloaded[0m pin-project-lite v0.2.17
native-tests	Install Tauri Driver	2026-07-28T16:38:33.7659832Z [1m[92m  Downloaded[0m slab v0.4.12
native-tests	Install Tauri Driver	2026-07-28T16:38:33.7672792Z [1m[92m  Downloaded[0m futures-channel v0.3.33
native-tests	Install Tauri Driver	2026-07-28T16:38:33.7691688Z [1m[92m  Downloaded[0m signal-hook v0.4.4
native-tests	Install Tauri Driver	2026-07-28T16:38:33.7717672Z [1m[92m  Downloaded[0m smallvec v1.15.2
native-tests	Install Tauri Driver	2026-07-28T16:38:33.7734465Z [1m[92m  Downloaded[0m socket2 v0.6.5
native-tests	Install Tauri Driver	2026-07-28T16:38:33.7754189Z [1m[92m  Downloaded[0m httparse v1.10.1
native-tests	Install Tauri Driver	2026-07-28T16:38:33.7787662Z [1m[92m  Downloaded[0m proc-macro2 v1.0.107
native-tests	Install Tauri Driver	2026-07-28T16:38:33.7818643Z [1m[92m  Downloaded[0m signal-hook-registry v1.4.8
native-tests	Install Tauri Driver	2026-07-28T16:38:33.7830760Z [1m[92m  Downloaded[0m unicode-ident v1.0.24
native-tests	Install Tauri Driver	2026-07-28T16:38:33.7859332Z [1m[92m  Downloaded[0m zmij v1.0.23
native-tests	Install Tauri Driver	2026-07-28T16:38:33.7877214Z [1m[92m  Downloaded[0m serde_derive v1.0.229
native-tests	Install Tauri Driver	2026-07-28T16:38:33.7908483Z [1m[92m  Downloaded[0m serde_core v1.0.229
native-tests	Install Tauri Driver	2026-07-28T16:38:33.7935811Z [1m[92m  Downloaded[0m http v1.4.2
native-tests	Install Tauri Driver	2026-07-28T16:38:33.7972172Z [1m[92m  Downloaded[0m memchr v2.8.3
native-tests	Install Tauri Driver	2026-07-28T16:38:33.8028766Z [1m[92m  Downloaded[0m mio v1.2.2
native-tests	Install Tauri Driver	2026-07-28T16:38:33.8091773Z [1m[92m  Downloaded[0m hyper-util v0.1.20
native-tests	Install Tauri Driver	2026-07-28T16:38:33.8154479Z [1m[92m  Downloaded[0m serde_json v1.0.151
native-tests	Install Tauri Driver	2026-07-28T16:38:33.8228723Z [1m[92m  Downloaded[0m futures-util v0.3.33
native-tests	Install Tauri Driver	2026-07-28T16:38:33.8367191Z [1m[92m  Downloaded[0m hyper v1.11.0
native-tests	Install Tauri Driver	2026-07-28T16:38:33.8437422Z [1m[92m  Downloaded[0m syn v2.0.119
native-tests	Install Tauri Driver	2026-07-28T16:38:33.8545642Z [1m[92m  Downloaded[0m syn v3.0.3
native-tests	Install Tauri Driver	2026-07-28T16:38:33.8652604Z [1m[92m  Downloaded[0m tracing v0.1.44
native-tests	Install Tauri Driver	2026-07-28T16:38:33.8812028Z [1m[92m  Downloaded[0m libc v0.2.189
native-tests	Install Tauri Driver	2026-07-28T16:38:33.9260166Z [1m[92m  Downloaded[0m tokio v1.53.1
native-tests	Install Tauri Driver	2026-07-28T16:38:33.9934643Z [1m[92m   Compiling[0m proc-macro2 v1.0.107
native-tests	Install Tauri Driver	2026-07-28T16:38:33.9936078Z [1m[92m   Compiling[0m quote v1.0.47
native-tests	Install Tauri Driver	2026-07-28T16:38:33.9936850Z [1m[92m   Compiling[0m unicode-ident v1.0.24
native-tests	Install Tauri Driver	2026-07-28T16:38:33.9973270Z [1m[92m   Compiling[0m libc v0.2.189
native-tests	Install Tauri Driver	2026-07-28T16:38:34.3038824Z [1m[92m   Compiling[0m pin-project-lite v0.2.17
native-tests	Install Tauri Driver	2026-07-28T16:38:34.3651920Z [1m[92m   Compiling[0m futures-core v0.3.33
native-tests	Install Tauri Driver	2026-07-28T16:38:34.4950983Z [1m[92m   Compiling[0m itoa v1.0.18
native-tests	Install Tauri Driver	2026-07-28T16:38:34.5550101Z [1m[92m   Compiling[0m futures-sink v0.3.33
native-tests	Install Tauri Driver	2026-07-28T16:38:34.6084368Z [1m[92m   Compiling[0m futures-channel v0.3.33
native-tests	Install Tauri Driver	2026-07-28T16:38:34.7229643Z [1m[92m   Compiling[0m memchr v2.8.3
native-tests	Install Tauri Driver	2026-07-28T16:38:34.7839272Z [1m[92m   Compiling[0m bytes v1.12.1
native-tests	Install Tauri Driver	2026-07-28T16:38:35.6182992Z [1m[92m   Compiling[0m syn v2.0.119
native-tests	Install Tauri Driver	2026-07-28T16:38:35.6326369Z [1m[92m   Compiling[0m socket2 v0.6.5
native-tests	Install Tauri Driver	2026-07-28T16:38:35.7015144Z [1m[92m   Compiling[0m mio v1.2.2
native-tests	Install Tauri Driver	2026-07-28T16:38:36.1064160Z [1m[92m   Compiling[0m http v1.4.2
native-tests	Install Tauri Driver	2026-07-28T16:38:36.3593705Z [1m[92m   Compiling[0m futures-task v0.3.33
native-tests	Install Tauri Driver	2026-07-28T16:38:36.4784371Z [1m[92m   Compiling[0m serde_core v1.0.229
native-tests	Install Tauri Driver	2026-07-28T16:38:36.6417205Z [1m[92m   Compiling[0m slab v0.4.12
native-tests	Install Tauri Driver	2026-07-28T16:38:36.6483687Z [1m[92m   Compiling[0m futures-io v0.3.33
native-tests	Install Tauri Driver	2026-07-28T16:38:36.7733873Z [1m[92m   Compiling[0m httparse v1.10.1
native-tests	Install Tauri Driver	2026-07-28T16:38:36.8043998Z [1m[92m   Compiling[0m errno v0.3.14
native-tests	Install Tauri Driver	2026-07-28T16:38:36.8999269Z [1m[92m   Compiling[0m try-lock v0.2.5
native-tests	Install Tauri Driver	2026-07-28T16:38:36.9513710Z [1m[92m   Compiling[0m signal-hook v0.4.4
native-tests	Install Tauri Driver	2026-07-28T16:38:36.9761567Z [1m[92m   Compiling[0m once_cell v1.21.4
native-tests	Install Tauri Driver	2026-07-28T16:38:37.0293463Z [1m[92m   Compiling[0m http-body v1.1.0
native-tests	Install Tauri Driver	2026-07-28T16:38:37.1223718Z [1m[92m   Compiling[0m zmij v1.0.23
native-tests	Install Tauri Driver	2026-07-28T16:38:37.1734217Z [1m[92m   Compiling[0m tracing-core v0.1.36
native-tests	Install Tauri Driver	2026-07-28T16:38:37.7792463Z [1m[92m   Compiling[0m want v0.3.1
native-tests	Install Tauri Driver	2026-07-28T16:38:37.8844269Z [1m[92m   Compiling[0m signal-hook-registry v1.4.8
native-tests	Install Tauri Driver	2026-07-28T16:38:38.2704157Z [1m[92m   Compiling[0m syn v3.0.3
native-tests	Install Tauri Driver	2026-07-28T16:38:38.3214295Z [1m[92m   Compiling[0m serde v1.0.229
native-tests	Install Tauri Driver	2026-07-28T16:38:38.4753822Z [1m[92m   Compiling[0m smallvec v1.15.2
native-tests	Install Tauri Driver	2026-07-28T16:38:38.6674653Z [1m[92m   Compiling[0m serde_json v1.0.151
native-tests	Install Tauri Driver	2026-07-28T16:38:38.7604777Z [1m[92m   Compiling[0m atomic-waker v1.1.2
native-tests	Install Tauri Driver	2026-07-28T16:38:38.8273773Z [1m[92m   Compiling[0m anyhow v1.0.104
native-tests	Install Tauri Driver	2026-07-28T16:38:38.9893849Z [1m[92m   Compiling[0m httpdate v1.0.3
native-tests	Install Tauri Driver	2026-07-28T16:38:39.4193973Z [1m[92m   Compiling[0m tokio-macros v2.7.1
native-tests	Install Tauri Driver	2026-07-28T16:38:39.8084054Z [1m[92m   Compiling[0m futures-macro v0.3.33
native-tests	Install Tauri Driver	2026-07-28T16:38:39.9484912Z [1m[92m   Compiling[0m tokio v1.53.1
native-tests	Install Tauri Driver	2026-07-28T16:38:40.4324282Z [1m[92m   Compiling[0m futures-util v0.3.33
native-tests	Install Tauri Driver	2026-07-28T16:38:40.6454207Z [1m[92m   Compiling[0m serde_derive v1.0.229
native-tests	Install Tauri Driver	2026-07-28T16:38:40.7892742Z [1m[92m   Compiling[0m tracing v0.1.44
native-tests	Install Tauri Driver	2026-07-28T16:38:41.5503948Z [1m[92m   Compiling[0m tower-service v0.3.3
native-tests	Install Tauri Driver	2026-07-28T16:38:43.4474872Z [1m[92m   Compiling[0m futures-executor v0.3.33
native-tests	Install Tauri Driver	2026-07-28T16:38:43.6163615Z [1m[92m   Compiling[0m hyper v1.11.0
native-tests	Install Tauri Driver	2026-07-28T16:38:44.5333837Z [1m[92m   Compiling[0m futures v0.3.33
native-tests	Install Tauri Driver	2026-07-28T16:38:44.5656942Z [1m[92m   Compiling[0m signal-hook-tokio v0.4.0
native-tests	Install Tauri Driver	2026-07-28T16:38:44.6373768Z [1m[92m   Compiling[0m http-body-util v0.1.4
native-tests	Install Tauri Driver	2026-07-28T16:38:44.8943769Z [1m[92m   Compiling[0m hyper-util v0.1.20
native-tests	Install Tauri Driver	2026-07-28T16:38:45.1874184Z [1m[92m   Compiling[0m which v8.0.5
native-tests	Install Tauri Driver	2026-07-28T16:38:45.6094218Z [1m[92m   Compiling[0m pico-args v0.5.0
native-tests	Install Tauri Driver	2026-07-28T16:38:47.3605442Z [1m[92m   Compiling[0m tauri-driver v2.0.6
native-tests	Install Tauri Driver	2026-07-28T16:38:50.6905464Z [1m[92m    Finished[0m `release` profile [optimized] target(s) in 17.52s
native-tests	Install Tauri Driver	2026-07-28T16:38:50.7050628Z [1m[92m  Installing[0m /home/runner/.cargo/bin/tauri-driver
native-tests	Install Tauri Driver	2026-07-28T16:38:50.7055407Z [1m[92m   Installed[0m package `tauri-driver v2.0.6` (executable `tauri-driver`)
native-tests	Install Node dependencies	﻿2026-07-28T16:38:50.7406601Z ##[group]Run npm install
native-tests	Install Node dependencies	2026-07-28T16:38:50.7406902Z [36;1mnpm install[0m
native-tests	Install Node dependencies	2026-07-28T16:38:50.7450535Z shell: /usr/bin/bash -e {0}
native-tests	Install Node dependencies	2026-07-28T16:38:50.7450792Z env:
native-tests	Install Node dependencies	2026-07-28T16:38:50.7450994Z   CARGO_HOME: /home/runner/.cargo
native-tests	Install Node dependencies	2026-07-28T16:38:50.7451258Z   CARGO_INCREMENTAL: 0
native-tests	Install Node dependencies	2026-07-28T16:38:50.7451481Z   CARGO_TERM_COLOR: always
native-tests	Install Node dependencies	2026-07-28T16:38:50.7451716Z   CACHE_ON_FAILURE: false
native-tests	Install Node dependencies	2026-07-28T16:38:50.7451947Z ##[endgroup]
native-tests	Install Node dependencies	2026-07-28T16:38:52.9397225Z npm warn deprecated whatwg-encoding@3.1.1: Use @exodus/bytes instead for a more spec-conformant and faster implementation
native-tests	Install Node dependencies	2026-07-28T16:38:54.1877202Z npm warn deprecated inflight@1.0.6: This module is not supported, and leaks memory. Do not use it. Check out lru-cache if you want a good and tested way to coalesce async requests by a key value, which is much more comprehensive and powerful.
native-tests	Install Node dependencies	2026-07-28T16:38:56.2476148Z npm warn deprecated glob@8.1.0: Old versions of glob are not supported, and contain widely publicized security vulnerabilities, which have been fixed in the current version. Please update. Support for old versions may be purchased (at exorbitant rates) by contacting i@izs.me
native-tests	Install Node dependencies	2026-07-28T16:38:57.4584586Z npm warn deprecated glob@10.5.0: Old versions of glob are not supported, and contain widely publicized security vulnerabilities, which have been fixed in the current version. Please update. Support for old versions may be purchased (at exorbitant rates) by contacting i@izs.me
native-tests	Install Node dependencies	2026-07-28T16:39:04.4371521Z 
native-tests	Install Node dependencies	2026-07-28T16:39:04.4372499Z > somaterm@0.0.0 prepare
native-tests	Install Node dependencies	2026-07-28T16:39:04.4373555Z > husky
native-tests	Install Node dependencies	2026-07-28T16:39:04.4373905Z 
native-tests	Install Node dependencies	2026-07-28T16:39:04.5654935Z 
native-tests	Install Node dependencies	2026-07-28T16:39:04.5655819Z added 732 packages, and audited 733 packages in 14s
native-tests	Install Node dependencies	2026-07-28T16:39:04.5656465Z 
native-tests	Install Node dependencies	2026-07-28T16:39:04.5657004Z 228 packages are looking for funding
native-tests	Install Node dependencies	2026-07-28T16:39:04.5657697Z   run `npm fund` for details
native-tests	Install Node dependencies	2026-07-28T16:39:04.6059579Z 
native-tests	Install Node dependencies	2026-07-28T16:39:04.6060308Z 23 vulnerabilities (1 moderate, 22 high)
native-tests	Install Node dependencies	2026-07-28T16:39:04.6060628Z 
native-tests	Install Node dependencies	2026-07-28T16:39:04.6060915Z To address issues that do not require attention, run:
native-tests	Install Node dependencies	2026-07-28T16:39:04.6061553Z   npm audit fix
native-tests	Install Node dependencies	2026-07-28T16:39:04.6061894Z 
native-tests	Install Node dependencies	2026-07-28T16:39:04.6062944Z To address all issues possible (including breaking changes), run:
native-tests	Install Node dependencies	2026-07-28T16:39:04.6063676Z   npm audit fix --force
native-tests	Install Node dependencies	2026-07-28T16:39:04.6064057Z 
native-tests	Install Node dependencies	2026-07-28T16:39:04.6064449Z Some issues need review, and may require choosing
native-tests	Install Node dependencies	2026-07-28T16:39:04.6064879Z a different dependency.
native-tests	Install Node dependencies	2026-07-28T16:39:04.6065066Z 
native-tests	Install Node dependencies	2026-07-28T16:39:04.6065213Z Run `npm audit` for details.
native-tests	Install Node dependencies	2026-07-28T16:39:04.6080016Z npm warn allow-scripts 3 packages have install scripts not yet covered by allowScripts:
native-tests	Install Node dependencies	2026-07-28T16:39:04.6082500Z npm warn allow-scripts   edgedriver@6.3.0 (install: test -f ./dist/install.js && node ./dist/install.js || echo "Skipping install, project not build!")
native-tests	Install Node dependencies	2026-07-28T16:39:04.6084427Z npm warn allow-scripts   esbuild@0.28.1 (postinstall: node install.js)
native-tests	Install Node dependencies	2026-07-28T16:39:04.6086491Z npm warn allow-scripts   geckodriver@6.1.1 (postinstall: test -f ./dist/install.js && node ./dist/install.js || echo "Skipping install, project not built!")
native-tests	Install Node dependencies	2026-07-28T16:39:04.6088121Z npm warn allow-scripts
native-tests	Install Node dependencies	2026-07-28T16:39:04.6089817Z npm warn allow-scripts Run `npm approve-scripts --allow-scripts-pending` to review, or `npm approve-scripts <pkg>` to allow.
native-tests	Build UI and Tauri Binary	﻿2026-07-28T16:39:04.6823723Z ##[group]Run npm run build
native-tests	Build UI and Tauri Binary	2026-07-28T16:39:04.6824058Z [36;1mnpm run build[0m
native-tests	Build UI and Tauri Binary	2026-07-28T16:39:04.6867785Z shell: /usr/bin/bash -e {0}
native-tests	Build UI and Tauri Binary	2026-07-28T16:39:04.6868031Z env:
native-tests	Build UI and Tauri Binary	2026-07-28T16:39:04.6868228Z   CARGO_HOME: /home/runner/.cargo
native-tests	Build UI and Tauri Binary	2026-07-28T16:39:04.6868678Z   CARGO_INCREMENTAL: 0
native-tests	Build UI and Tauri Binary	2026-07-28T16:39:04.6868898Z   CARGO_TERM_COLOR: always
native-tests	Build UI and Tauri Binary	2026-07-28T16:39:04.6869129Z   CACHE_ON_FAILURE: false
native-tests	Build UI and Tauri Binary	2026-07-28T16:39:04.6869344Z ##[endgroup]
native-tests	Build UI and Tauri Binary	2026-07-28T16:39:04.8142009Z 
native-tests	Build UI and Tauri Binary	2026-07-28T16:39:04.8143002Z > somaterm@0.0.0 build
native-tests	Build UI and Tauri Binary	2026-07-28T16:39:04.8143526Z > tsc -b && vite build
native-tests	Build UI and Tauri Binary	2026-07-28T16:39:04.8143767Z 
native-tests	Build UI and Tauri Binary	2026-07-28T16:39:06.9162568Z ##[error]src/services/secureStore.ts(25,5): error TS2673: Constructor of class 'Store' is private and only accessible within the class declaration.
native-tests	Build UI and Tauri Binary	2026-07-28T16:39:07.3664703Z ##[error]Process completed with exit code 2.
native-tests	Fail Fast (Cancel Run)	﻿2026-07-28T16:39:07.3715072Z ##[group]Run gh run cancel 30379145707
native-tests	Fail Fast (Cancel Run)	2026-07-28T16:39:07.3715401Z [36;1mgh run cancel 30379145707[0m
native-tests	Fail Fast (Cancel Run)	2026-07-28T16:39:07.3758471Z shell: /usr/bin/bash -e {0}
native-tests	Fail Fast (Cancel Run)	2026-07-28T16:39:07.3758711Z env:
native-tests	Fail Fast (Cancel Run)	2026-07-28T16:39:07.3758899Z   CARGO_HOME: /home/runner/.cargo
native-tests	Fail Fast (Cancel Run)	2026-07-28T16:39:07.3759151Z   CARGO_INCREMENTAL: 0
native-tests	Fail Fast (Cancel Run)	2026-07-28T16:39:07.3759367Z   CARGO_TERM_COLOR: always
native-tests	Fail Fast (Cancel Run)	2026-07-28T16:39:07.3759599Z   CACHE_ON_FAILURE: false
native-tests	Fail Fast (Cancel Run)	2026-07-28T16:39:07.3762988Z   GH_TOKEN: ***
native-tests	Fail Fast (Cancel Run)	2026-07-28T16:39:07.3763211Z ##[endgroup]
native-tests	Fail Fast (Cancel Run)	2026-07-28T16:39:08.2692537Z ✓ Request to cancel workflow 30379145707 submitted.
native-tests	Post Checkout code	﻿2026-07-28T16:39:08.2815808Z Node 20 is being deprecated. This workflow is running with Node 24 by default. If you need to temporarily use Node 20, you can set the ACTIONS_ALLOW_USE_UNSECURE_NODE_VERSION=true environment variable. For more information see: https://github.blog/changelog/2025-09-19-deprecation-of-node-20-on-github-actions-runners/
native-tests	Post Checkout code	2026-07-28T16:39:08.2817082Z Post job cleanup.
native-tests	Post Checkout code	2026-07-28T16:39:08.3664159Z [command]/usr/bin/git version
native-tests	Post Checkout code	2026-07-28T16:39:08.3709178Z git version 2.54.0
native-tests	Post Checkout code	2026-07-28T16:39:08.3755375Z Temporarily overriding HOME='/home/runner/work/_temp/ca543bcc-175d-4dcf-9c70-92d08dc93934' before making global git config changes
native-tests	Post Checkout code	2026-07-28T16:39:08.3756917Z Adding repository directory to the temporary git global config as a safe directory
native-tests	Post Checkout code	2026-07-28T16:39:08.3762293Z [command]/usr/bin/git config --global --add safe.directory /home/runner/work/somaterm/somaterm
native-tests	Post Checkout code	2026-07-28T16:39:08.3806179Z [command]/usr/bin/git config --local --name-only --get-regexp core\.sshCommand
native-tests	Post Checkout code	2026-07-28T16:39:08.3846897Z [command]/usr/bin/git submodule foreach --recursive sh -c "git config --local --name-only --get-regexp 'core\.sshCommand' && git config --local --unset-all 'core.sshCommand' || :"
native-tests	Post Checkout code	2026-07-28T16:39:08.4110983Z [command]/usr/bin/git config --local --name-only --get-regexp http\.https\:\/\/github\.com\/\.extraheader
native-tests	Post Checkout code	2026-07-28T16:39:08.4139318Z http.https://github.com/.extraheader
native-tests	Post Checkout code	2026-07-28T16:39:08.4153673Z [command]/usr/bin/git config --local --unset-all http.https://github.com/.extraheader
native-tests	Post Checkout code	2026-07-28T16:39:08.4189275Z [command]/usr/bin/git submodule foreach --recursive sh -c "git config --local --name-only --get-regexp 'http\.https\:\/\/github\.com\/\.extraheader' && git config --local --unset-all 'http.https://github.com/.extraheader' || :"
native-tests	Post Checkout code	2026-07-28T16:39:08.4468276Z [command]/usr/bin/git config --local --name-only --get-regexp ^includeIf\.gitdir:
native-tests	Post Checkout code	2026-07-28T16:39:08.4508998Z [command]/usr/bin/git submodule foreach --recursive git config --local --show-origin --name-only --get-regexp remote.origin.url
native-tests	Complete job	﻿2026-07-28T16:39:08.4932568Z Cleaning up orphan processes
native-tests	Complete job	2026-07-28T16:39:08.5257344Z ##[warning]Node.js 20 is deprecated. The following actions target Node.js 20 but are being forced to run on Node.js 24: actions/checkout@v4, actions/setup-node@v4. For more information see: https://github.blog/changelog/2025-09-19-deprecation-of-node-20-on-github-actions-runners/
